Archive member included to satisfy reference by file (symbol)

d:/programfiles/raspberry pi/pico sdk v1.5.1/gcc-arm-none-eabi/bin/../lib/gcc/arm-none-eabi/10.3.1/thumb/v6-m/nofp\libgcc.a(_dvmd_tls.o)
                              CMakeFiles/flashmicro.dir/D_/ProgramFiles/Raspberry_Pi/Pico_SDK_v1.5.1/pico-sdk/src/rp2_common/pico_divider/divider.S.obj (__aeabi_idiv0)
d:/programfiles/raspberry pi/pico sdk v1.5.1/gcc-arm-none-eabi/bin/../lib/gcc/arm-none-eabi/10.3.1/../../../../arm-none-eabi/lib/thumb/v6-m/nofp\libg.a(lib_a-calloc.o)
                              CMakeFiles/flashmicro.dir/D_/ProgramFiles/Raspberry_Pi/Pico_SDK_v1.5.1/pico-sdk/src/rp2_common/pico_malloc/pico_malloc.c.obj (calloc)
d:/programfiles/raspberry pi/pico sdk v1.5.1/gcc-arm-none-eabi/bin/../lib/gcc/arm-none-eabi/10.3.1/../../../../arm-none-eabi/lib/thumb/v6-m/nofp\libg.a(lib_a-callocr.o)
                              d:/programfiles/raspberry pi/pico sdk v1.5.1/gcc-arm-none-eabi/bin/../lib/gcc/arm-none-eabi/10.3.1/../../../../arm-none-eabi/lib/thumb/v6-m/nofp\libg.a(lib_a-calloc.o) (_calloc_r)
d:/programfiles/raspberry pi/pico sdk v1.5.1/gcc-arm-none-eabi/bin/../lib/gcc/arm-none-eabi/10.3.1/../../../../arm-none-eabi/lib/thumb/v6-m/nofp\libg.a(lib_a-errno.o)
                              CMakeFiles/flashmicro.dir/no-OS-FatFS-SD-SPI-RPi-Pico/FatFs_SPI/src/ff_stdio.c.obj (__errno)
d:/programfiles/raspberry pi/pico sdk v1.5.1/gcc-arm-none-eabi/bin/../lib/gcc/arm-none-eabi/10.3.1/../../../../arm-none-eabi/lib/thumb/v6-m/nofp\libg.a(lib_a-fflush.o)
                              CMakeFiles/flashmicro.dir/no-OS-FatFS-SD-SPI-RPi-Pico/FatFs_SPI/sd_driver/demo_logging.c.obj (fflush)
d:/programfiles/raspberry pi/pico sdk v1.5.1/gcc-arm-none-eabi/bin/../lib/gcc/arm-none-eabi/10.3.1/../../../../arm-none-eabi/lib/thumb/v6-m/nofp\libg.a(lib_a-findfp.o)
                              d:/programfiles/raspberry pi/pico sdk v1.5.1/gcc-arm-none-eabi/bin/../lib/gcc/arm-none-eabi/10.3.1/../../../../arm-none-eabi/lib/thumb/v6-m/nofp\libg.a(lib_a-fflush.o) (__sinit)
d:/programfiles/raspberry pi/pico sdk v1.5.1/gcc-arm-none-eabi/bin/../lib/gcc/arm-none-eabi/10.3.1/../../../../arm-none-eabi/lib/thumb/v6-m/nofp\libg.a(lib_a-fprintf.o)
                              CMakeFiles/flashmicro.dir/flashmicro.c.obj (fprintf)
d:/programfiles/raspberry pi/pico sdk v1.5.1/gcc-arm-none-eabi/bin/../lib/gcc/arm-none-eabi/10.3.1/../../../../arm-none-eabi/lib/thumb/v6-m/nofp\libg.a(lib_a-freer.o)
                              d:/programfiles/raspberry pi/pico sdk v1.5.1/gcc-arm-none-eabi/bin/../lib/gcc/arm-none-eabi/10.3.1/../../../../arm-none-eabi/lib/thumb/v6-m/nofp\libg.a(lib_a-fflush.o) (_free_r)
d:/programfiles/raspberry pi/pico sdk v1.5.1/gcc-arm-none-eabi/bin/../lib/gcc/arm-none-eabi/10.3.1/../../../../arm-none-eabi/lib/thumb/v6-m/nofp\libg.a(lib_a-fwalk.o)
                              d:/programfiles/raspberry pi/pico sdk v1.5.1/gcc-arm-none-eabi/bin/../lib/gcc/arm-none-eabi/10.3.1/../../../../arm-none-eabi/lib/thumb/v6-m/nofp\libg.a(lib_a-findfp.o) (_fwalk)
d:/programfiles/raspberry pi/pico sdk v1.5.1/gcc-arm-none-eabi/bin/../lib/gcc/arm-none-eabi/10.3.1/../../../../arm-none-eabi/lib/thumb/v6-m/nofp\libg.a(lib_a-gmtime.o)
                              CMakeFiles/flashmicro.dir/flashmicro.c.obj (gmtime)
d:/programfiles/raspberry pi/pico sdk v1.5.1/gcc-arm-none-eabi/bin/../lib/gcc/arm-none-eabi/10.3.1/../../../../arm-none-eabi/lib/thumb/v6-m/nofp\libg.a(lib_a-gmtime_r.o)
                              d:/programfiles/raspberry pi/pico sdk v1.5.1/gcc-arm-none-eabi/bin/../lib/gcc/arm-none-eabi/10.3.1/../../../../arm-none-eabi/lib/thumb/v6-m/nofp\libg.a(lib_a-gmtime.o) (gmtime_r)
d:/programfiles/raspberry pi/pico sdk v1.5.1/gcc-arm-none-eabi/bin/../lib/gcc/arm-none-eabi/10.3.1/../../../../arm-none-eabi/lib/thumb/v6-m/nofp\libg.a(lib_a-impure.o)
                              d:/programfiles/raspberry pi/pico sdk v1.5.1/gcc-arm-none-eabi/bin/../lib/gcc/arm-none-eabi/10.3.1/../../../../arm-none-eabi/lib/thumb/v6-m/nofp\libg.a(lib_a-fflush.o) (_global_impure_ptr)
d:/programfiles/raspberry pi/pico sdk v1.5.1/gcc-arm-none-eabi/bin/../lib/gcc/arm-none-eabi/10.3.1/../../../../arm-none-eabi/lib/thumb/v6-m/nofp\libg.a(lib_a-init.o)
                              d:/programfiles/raspberry pi/pico sdk v1.5.1/gcc-arm-none-eabi/bin/../lib/gcc/arm-none-eabi/10.3.1/../../../../arm-none-eabi/lib/thumb/v6-m/nofp/crt0.o (__libc_init_array)
d:/programfiles/raspberry pi/pico sdk v1.5.1/gcc-arm-none-eabi/bin/../lib/gcc/arm-none-eabi/10.3.1/../../../../arm-none-eabi/lib/thumb/v6-m/nofp\libg.a(lib_a-lock.o)
                              d:/programfiles/raspberry pi/pico sdk v1.5.1/gcc-arm-none-eabi/bin/../lib/gcc/arm-none-eabi/10.3.1/../../../../arm-none-eabi/lib/thumb/v6-m/nofp\libg.a(lib_a-findfp.o) (__retarget_lock_init_recursive)
d:/programfiles/raspberry pi/pico sdk v1.5.1/gcc-arm-none-eabi/bin/../lib/gcc/arm-none-eabi/10.3.1/../../../../arm-none-eabi/lib/thumb/v6-m/nofp\libg.a(lib_a-malloc.o)
[...]
Memory Configuration

Name             Origin             Length             Attributes
FLASH            0x10000000         0x00200000         xr
RAM              0x20000000         0x00040000         xrw
SCRATCH_X        0x20040000         0x00001000         xrw
SCRATCH_Y        0x20041000         0x00001000         xrw
*default*        0x00000000         0xffffffff

Linker script and memory map

LOAD d:/programfiles/raspberry pi/pico sdk v1.5.1/gcc-arm-none-eabi/bin/../lib/gcc/arm-none-eabi/10.3.1/thumb/v6-m/nofp/crti.o
LOAD d:/programfiles/raspberry pi/pico sdk v1.5.1/gcc-arm-none-eabi/bin/../lib/gcc/arm-none-eabi/10.3.1/thumb/v6-m/nofp/crtbegin.o
LOAD d:/programfiles/raspberry pi/pico sdk v1.5.1/gcc-arm-none-eabi/bin/../lib/gcc/arm-none-eabi/10.3.1/../../../../arm-none-eabi/lib/thumb/v6-m/nofp/crt0.o

.flash_begin    0x10000000        0x0
                0x10000000                __flash_binary_start = .

.boot2          0x10000000      0x100
                0x10000000                __boot2_start__ = .
 *(.boot2)
 .boot2         0x10000000      0x100 C:\Users\yccwa\AppData\Local\Temp\ccvkWA1j.o
                0x10000100                __boot2_end__ = .
                0x00000001                ASSERT (((__boot2_end__ - __boot2_start__) == 0x100), ERROR: Pico second stage bootloader must be 256 bytes in size)

.text           0x10000100     0x9cd8
                0x10000100                __logical_binary_start = .
 *(.vectors)
 .vectors       0x10000100       0xd4 CMakeFiles/flashmicro.dir/D_/ProgramFiles/Raspberry_Pi/Pico_SDK_v1.5.1/pico-sdk/src/rp2_common/pico_standard_link/crt0.S.obj
                0x10000100                __VECTOR_TABLE
                0x10000100                __vectors
                0x100001c0                isr_invalid
                0x100001c0                __default_isrs_start
                0x100001c2                isr_nmi
                0x100001c4                isr_hardfault
                0x100001c6                isr_svcall
                0x100001c8                isr_pendsv
                0x100001ca                isr_systick
                0x100001cc                isr_irq23
                0x100001cc                isr_irq18
                0x100001cc                isr_irq11
                0x100001cc                isr_irq28
                0x100001cc                isr_irq19
                0x100001cc                isr_irq0
                0x100001cc                isr_irq6
                0x100001cc                isr_irq5
                0x100001cc                isr_irq12
                0x100001cc                isr_irq22
                0x100001cc                isr_irq31
                0x100001cc                isr_irq17
                0x100001cc                isr_irq27
                0x100001cc                isr_irq30
                0x100001cc                isr_irq2
                0x100001cc                isr_irq10
                0x100001cc                isr_irq8
                0x100001cc                isr_irq24
                0x100001cc                isr_irq1
                0x100001cc                isr_irq7
                0x100001cc                isr_irq21
                0x100001cc                isr_irq20
                0x100001cc                isr_irq15
                0x100001cc                isr_irq25
                0x100001cc                isr_irq13
                0x100001cc                __unhandled_user_irq
                0x100001cc                isr_irq4
                0x100001cc                isr_irq16
                0x100001cc                isr_irq29
                0x100001cc                isr_irq26
                0x100001cc                __default_isrs_end
                0x100001cc                isr_irq3
                0x100001cc                isr_irq14
                0x100001cc                isr_irq9
                0x100001d2                unhandled_user_irq_num_in_r0
 *(.binary_info_header)
 .binary_info_header
                0x100001d4       0x14 CMakeFiles/flashmicro.dir/D_/ProgramFiles/Raspberry_Pi/Pico_SDK_v1.5.1/pico-sdk/src/rp2_common/pico_standard_link/crt0.S.obj
                0x100001e8                __binary_info_header_end = .
 *(.reset)
 .reset         0x100001e8       0xa0 CMakeFiles/flashmicro.dir/D_/ProgramFiles/Raspberry_Pi/Pico_SDK_v1.5.1/pico-sdk/src/rp2_common/pico_standard_link/crt0.S.obj
                0x100001e8                _entry_point
 .reset         0x10000288       0x30 CMakeFiles/flashmicro.dir/D_/ProgramFiles/Raspberry_Pi/Pico_SDK_v1.5.1/pico-sdk/src/rp2_common/pico_standard_link/binary_info.c.obj
 *(.init)
 .init          0x100002b8        0x4 d:/programfiles/raspberry pi/pico sdk v1.5.1/gcc-arm-none-eabi/bin/../lib/gcc/arm-none-eabi/10.3.1/thumb/v6-m/nofp/crti.o
                0x100002b8                _init
 *(EXCLUDE_FILE(*libm.a: *libc.a:*lib_a-mem*.o *libgcc.a:) .text*)
 .text          0x100002bc       0x48 d:/programfiles/raspberry pi/pico sdk v1.5.1/gcc-arm-none-eabi/bin/../lib/gcc/arm-none-eabi/10.3.1/thumb/v6-m/nofp/crtbegin.o
 .text.initialise_sd
                0x10000304       0x50 CMakeFiles/flashmicro.dir/flashmicro.c.obj
                0x10000304                initialise_sd
 .text.get_system_time
                0x10000354       0x64 CMakeFiles/flashmicro.dir/flashmicro.c.obj
                0x10000354                get_system_time
 .text.getIndex
                0x100003b8       0x60 CMakeFiles/flashmicro.dir/flashmicro.c.obj
                0x100003b8                getIndex
 .text.check_item
                0x10000418       0x44 CMakeFiles/flashmicro.dir/flashmicro.c.obj
                0x10000418                check_item
 .text.main     0x1000045c      0x120 CMakeFiles/flashmicro.dir/flashmicro.c.obj
                0x1000045c                main
 .text.gpio_set_function
                0x1000057c       0x30 CMakeFiles/flashmicro.dir/D_/ProgramFiles/Raspberry_Pi/Pico_SDK_v1.5.1/pico-sdk/src/rp2_common/hardware_gpio/gpio.c.obj
                0x1000057c                gpio_set_function
 .text.gpio_set_pulls
                0x100005ac       0x34 CMakeFiles/flashmicro.dir/D_/ProgramFiles/Raspberry_Pi/Pico_SDK_v1.5.1/pico-sdk/src/rp2_common/hardware_gpio/gpio.c.obj
                0x100005ac                gpio_set_pulls
 .text.gpio_set_drive_strength
                0x100005e0       0x20 CMakeFiles/flashmicro.dir/D_/ProgramFiles/Raspberry_Pi/Pico_SDK_v1.5.1/pico-sdk/src/rp2_common/hardware_gpio/gpio.c.obj
                0x100005e0                gpio_set_drive_strength
 .text.gpio_init
                0x10000600       0x16 CMakeFiles/flashmicro.dir/D_/ProgramFiles/Raspberry_Pi/Pico_SDK_v1.5.1/pico-sdk/src/rp2_common/hardware_gpio/gpio.c.obj
                0x10000600                gpio_init
 *fill*         0x10000616        0x2 
 .text.running_on_fpga
                0x10000618       0x14 CMakeFiles/flashmicro.dir/D_/ProgramFiles/Raspberry_Pi/Pico_SDK_v1.5.1/pico-sdk/src/rp2_common/pico_platform/platform.c.obj
                0x10000618                running_on_fpga
 .text.hw_claim_lock
                0x1000062c       0x18 CMakeFiles/flashmicro.dir/D_/ProgramFiles/Raspberry_Pi/Pico_SDK_v1.5.1/pico-sdk/src/rp2_common/hardware_claim/claim.c.obj
                0x1000062c                hw_claim_lock
 .text.hw_claim_unlock
                0x10000644       0x14 CMakeFiles/flashmicro.dir/D_/ProgramFiles/Raspberry_Pi/Pico_SDK_v1.5.1/pico-sdk/src/rp2_common/hardware_claim/claim.c.obj
                0x10000644                hw_claim_unlock
 .text.hw_claim_or_assert
                0x10000658       0x32 CMakeFiles/flashmicro.dir/D_/ProgramFiles/Raspberry_Pi/Pico_SDK_v1.5.1/pico-sdk/src/rp2_common/hardware_claim/claim.c.obj
                0x10000658                hw_claim_or_assert
 .text.hw_claim_unused_from_range
                0x1000068a       0x50 CMakeFiles/flashmicro.dir/D_/ProgramFiles/Raspberry_Pi/Pico_SDK_v1.5.1/pico-sdk/src/rp2_common/hardware_claim/claim.c.obj
                0x1000068a                hw_claim_unused_from_range
 *fill*         0x100006da        0x2 
 .text.spin_locks_reset
                0x100006dc       0x20 CMakeFiles/flashmicro.dir/D_/ProgramFiles/Raspberry_Pi/Pico_SDK_v1.5.1/pico-sdk/src/rp2_common/hardware_sync/sync.c.obj
                0x100006dc                spin_locks_reset
 .text.next_striped_spin_lock_num
                0x100006fc       0x1c CMakeFiles/flashmicro.dir/D_/ProgramFiles/Raspberry_Pi/Pico_SDK_v1.5.1/pico-sdk/src/rp2_common/hardware_sync/sync.c.obj
                0x100006fc                next_striped_spin_lock_num
 .text.spin_lock_claim_unused
                0x10000718       0x20 CMakeFiles/flashmicro.dir/D_/ProgramFiles/Raspberry_Pi/Pico_SDK_v1.5.1/pico-sdk/src/rp2_common/hardware_sync/sync.c.obj
                0x10000718                spin_lock_claim_unused
 .text.set_raw_irq_handler_and_unlock
                0x10000738       0x28 CMakeFiles/flashmicro.dir/D_/ProgramFiles/Raspberry_Pi/Pico_SDK_v1.5.1/pico-sdk/src/rp2_common/hardware_irq/irq.c.obj
 .text.make_branch
                0x10000760       0x48 CMakeFiles/flashmicro.dir/D_/ProgramFiles/Raspberry_Pi/Pico_SDK_v1.5.1/pico-sdk/src/rp2_common/hardware_irq/irq.c.obj
 .text.insert_branch_and_link
                0x100007a8       0x40 CMakeFiles/flashmicro.dir/D_/ProgramFiles/Raspberry_Pi/Pico_SDK_v1.5.1/pico-sdk/src/rp2_common/hardware_irq/irq.c.obj
 .text.irq_is_enabled
                0x100007e8       0x18 CMakeFiles/flashmicro.dir/D_/ProgramFiles/Raspberry_Pi/Pico_SDK_v1.5.1/pico-sdk/src/rp2_common/hardware_irq/irq.c.obj
                0x100007e8                irq_is_enabled
 .text.irq_set_mask_enabled
                0x10000800       0x20 CMakeFiles/flashmicro.dir/D_/ProgramFiles/Raspberry_Pi/Pico_SDK_v1.5.1/pico-sdk/src/rp2_common/hardware_irq/irq.c.obj
                0x10000800                irq_set_mask_enabled
 .text.irq_set_enabled
                0x10000820        0xe CMakeFiles/flashmicro.dir/D_/ProgramFiles/Raspberry_Pi/Pico_SDK_v1.5.1/pico-sdk/src/rp2_common/hardware_irq/irq.c.obj
                0x10000820                irq_set_enabled
 *fill*         0x1000082e        0x2 
 .text.irq_set_pending
                0x10000830       0x10 CMakeFiles/flashmicro.dir/D_/ProgramFiles/Raspberry_Pi/Pico_SDK_v1.5.1/pico-sdk/src/rp2_common/hardware_irq/irq.c.obj
                0x10000830                irq_set_pending
 .text.irq_get_vtable_handler
                0x10000840       0x10 CMakeFiles/flashmicro.dir/D_/ProgramFiles/Raspberry_Pi/Pico_SDK_v1.5.1/pico-sdk/src/rp2_common/hardware_irq/irq.c.obj
                0x10000840                irq_get_vtable_handler
 .text.irq_has_shared_handler
                0x10000850       0x24 CMakeFiles/flashmicro.dir/D_/ProgramFiles/Raspberry_Pi/Pico_SDK_v1.5.1/pico-sdk/src/rp2_common/hardware_irq/irq.c.obj
                0x10000850                irq_has_shared_handler
 .text.irq_set_exclusive_handler
                0x10000874       0x54 CMakeFiles/flashmicro.dir/D_/ProgramFiles/Raspberry_Pi/Pico_SDK_v1.5.1/pico-sdk/src/rp2_common/hardware_irq/irq.c.obj
                0x10000874                irq_set_exclusive_handler
 .text.irq_add_shared_handler
                0x100008c8      0x234 CMakeFiles/flashmicro.dir/D_/ProgramFiles/Raspberry_Pi/Pico_SDK_v1.5.1/pico-sdk/src/rp2_common/hardware_irq/irq.c.obj
                0x100008c8                irq_add_shared_handler
 .text.irq_remove_handler
                0x10000afc      0x1ac CMakeFiles/flashmicro.dir/D_/ProgramFiles/Raspberry_Pi/Pico_SDK_v1.5.1/pico-sdk/src/rp2_common/hardware_irq/irq.c.obj
                0x10000afc                irq_remove_handler
 .text.irq_add_tail_to_free_list
                0x10000ca8       0xf0 CMakeFiles/flashmicro.dir/D_/ProgramFiles/Raspberry_Pi/Pico_SDK_v1.5.1/pico-sdk/src/rp2_common/hardware_irq/irq.c.obj
                0x10000ca8                irq_add_tail_to_free_list
 .text.irq_init_priorities
                0x10000d98       0x1c CMakeFiles/flashmicro.dir/D_/ProgramFiles/Raspberry_Pi/Pico_SDK_v1.5.1/pico-sdk/src/rp2_common/hardware_irq/irq.c.obj
                0x10000d98                irq_init_priorities
 .text.user_irq_claim_unused
                0x10000db4       0x28 CMakeFiles/flashmicro.dir/D_/ProgramFiles/Raspberry_Pi/Pico_SDK_v1.5.1/pico-sdk/src/rp2_common/hardware_irq/irq.c.obj
                0x10000db4                user_irq_claim_unused
 .text.sem_init
                0x10000ddc       0x1e CMakeFiles/flashmicro.dir/D_/ProgramFiles/Raspberry_Pi/Pico_SDK_v1.5.1/pico-sdk/src/common/pico_sync/sem.c.obj
                0x10000ddc                sem_init
 *fill*         0x10000dfa        0x2 
 .text.lock_init
                0x10000dfc       0x10 CMakeFiles/flashmicro.dir/D_/ProgramFiles/Raspberry_Pi/Pico_SDK_v1.5.1/pico-sdk/src/common/pico_sync/lock_core.c.obj
                0x10000dfc                lock_init
 .text.mutex_init
                0x10000e0c       0x1a CMakeFiles/flashmicro.dir/D_/ProgramFiles/Raspberry_Pi/Pico_SDK_v1.5.1/pico-sdk/src/common/pico_sync/mutex.c.obj
                0x10000e0c                mutex_init
 .text.recursive_mutex_init
                0x10000e26       0x1e CMakeFiles/flashmicro.dir/D_/ProgramFiles/Raspberry_Pi/Pico_SDK_v1.5.1/pico-sdk/src/common/pico_sync/mutex.c.obj
                0x10000e26                recursive_mutex_init
 .text.critical_section_init_with_lock_num
                0x10000e44       0x14 CMakeFiles/flashmicro.dir/D_/ProgramFiles/Raspberry_Pi/Pico_SDK_v1.5.1/pico-sdk/src/common/pico_sync/critical_section.c.obj
                0x10000e44                critical_section_init_with_lock_num
 .text.critical_section_init
                0x10000e58       0x14 CMakeFiles/flashmicro.dir/D_/ProgramFiles/Raspberry_Pi/Pico_SDK_v1.5.1/pico-sdk/src/common/pico_sync/critical_section.c.obj
                0x10000e58                critical_section_init
 .text.alarm_pool_post_alloc_init
                0x10000e6c       0x40 CMakeFiles/flashmicro.dir/D_/ProgramFiles/Raspberry_Pi/Pico_SDK_v1.5.1/pico-sdk/src/common/pico_time/time.c.obj
 .text.sleep_until_callback
                0x10000eac       0x30 CMakeFiles/flashmicro.dir/D_/ProgramFiles/Raspberry_Pi/Pico_SDK_v1.5.1/pico-sdk/src/common/pico_time/time.c.obj
 .text.timer_pool_entry_comparator
                0x10000edc       0x7c CMakeFiles/flashmicro.dir/D_/ProgramFiles/Raspberry_Pi/Pico_SDK_v1.5.1/pico-sdk/src/common/pico_time/time.c.obj
                0x10000edc                timer_pool_entry_comparator
 .text.ph_add_child_node
                0x10000f58       0xa4 CMakeFiles/flashmicro.dir/D_/ProgramFiles/Raspberry_Pi/Pico_SDK_v1.5.1/pico-sdk/src/common/pico_time/time.c.obj
 .text.ph_merge_nodes
                0x10000ffc       0x3e CMakeFiles/flashmicro.dir/D_/ProgramFiles/Raspberry_Pi/Pico_SDK_v1.5.1/pico-sdk/src/common/pico_time/time.c.obj
 *fill*         0x1000103a        0x2 
 .text.add_alarm_under_lock
                0x1000103c      0x174 CMakeFiles/flashmicro.dir/D_/ProgramFiles/Raspberry_Pi/Pico_SDK_v1.5.1/pico-sdk/src/common/pico_time/time.c.obj
 .text.alarm_pool_alarm_callback
                0x100011b0      0x33c CMakeFiles/flashmicro.dir/D_/ProgramFiles/Raspberry_Pi/Pico_SDK_v1.5.1/pico-sdk/src/common/pico_time/time.c.obj
 .text.alarm_pool_init_default
                0x100014ec       0x40 CMakeFiles/flashmicro.dir/D_/ProgramFiles/Raspberry_Pi/Pico_SDK_v1.5.1/pico-sdk/src/common/pico_time/time.c.obj
                0x100014ec                alarm_pool_init_default
 .text.alarm_pool_get_default
                0x1000152c       0x2c CMakeFiles/flashmicro.dir/D_/ProgramFiles/Raspberry_Pi/Pico_SDK_v1.5.1/pico-sdk/src/common/pico_time/time.c.obj
                0x1000152c                alarm_pool_get_default
 .text.alarm_pool_add_alarm_at
                0x10001558      0x168 CMakeFiles/flashmicro.dir/D_/ProgramFiles/Raspberry_Pi/Pico_SDK_v1.5.1/pico-sdk/src/common/pico_time/time.c.obj
                0x10001558                alarm_pool_add_alarm_at
 .text.alarm_pool_cancel_alarm
                0x100016c0       0xf8 CMakeFiles/flashmicro.dir/D_/ProgramFiles/Raspberry_Pi/Pico_SDK_v1.5.1/pico-sdk/src/common/pico_time/time.c.obj
                0x100016c0                alarm_pool_cancel_alarm
 .text.alarm_pool_core_num
                0x100017b8        0x4 CMakeFiles/flashmicro.dir/D_/ProgramFiles/Raspberry_Pi/Pico_SDK_v1.5.1/pico-sdk/src/common/pico_time/time.c.obj
                0x100017b8                alarm_pool_core_num
 .text.sleep_until
                0x100017bc       0xfc CMakeFiles/flashmicro.dir/D_/ProgramFiles/Raspberry_Pi/Pico_SDK_v1.5.1/pico-sdk/src/common/pico_time/time.c.obj
                0x100017bc                sleep_until
 .text.sleep_us
                0x100018b8       0x58 CMakeFiles/flashmicro.dir/D_/ProgramFiles/Raspberry_Pi/Pico_SDK_v1.5.1/pico-sdk/src/common/pico_time/time.c.obj
                0x100018b8                sleep_us
 .text.sleep_ms
                0x10001910       0x14 CMakeFiles/flashmicro.dir/D_/ProgramFiles/Raspberry_Pi/Pico_SDK_v1.5.1/pico-sdk/src/common/pico_time/time.c.obj
                0x10001910                sleep_ms
 .text.best_effort_wfe_or_timeout
                0x10001924       0xac CMakeFiles/flashmicro.dir/D_/ProgramFiles/Raspberry_Pi/Pico_SDK_v1.5.1/pico-sdk/src/common/pico_time/time.c.obj
                0x10001924                best_effort_wfe_or_timeout
 .text.hardware_alarm_irq_handler
                0x100019d0       0x90 CMakeFiles/flashmicro.dir/D_/ProgramFiles/Raspberry_Pi/Pico_SDK_v1.5.1/pico-sdk/src/rp2_common/hardware_timer/timer.c.obj
 .text.hardware_alarm_claim
                0x10001a60       0x18 CMakeFiles/flashmicro.dir/D_/ProgramFiles/Raspberry_Pi/Pico_SDK_v1.5.1/pico-sdk/src/rp2_common/hardware_timer/timer.c.obj
                0x10001a60                hardware_alarm_claim
 .text.time_us_64
                0x10001a78       0x18 CMakeFiles/flashmicro.dir/D_/ProgramFiles/Raspberry_Pi/Pico_SDK_v1.5.1/pico-sdk/src/rp2_common/hardware_timer/timer.c.obj
                0x10001a78                time_us_64
 .text.busy_wait_until
                0x10001a90       0x28 CMakeFiles/flashmicro.dir/D_/ProgramFiles/Raspberry_Pi/Pico_SDK_v1.5.1/pico-sdk/src/rp2_common/hardware_timer/timer.c.obj
                0x10001a90                busy_wait_until
 .text.busy_wait_us
                0x10001ab8       0x48 CMakeFiles/flashmicro.dir/D_/ProgramFiles/Raspberry_Pi/Pico_SDK_v1.5.1/pico-sdk/src/rp2_common/hardware_timer/timer.c.obj
                0x10001ab8                busy_wait_us
 .text.hardware_alarm_set_callback
                0x10001b00       0x90 CMakeFiles/flashmicro.dir/D_/ProgramFiles/Raspberry_Pi/Pico_SDK_v1.5.1/pico-sdk/src/rp2_common/hardware_timer/timer.c.obj
                0x10001b00                hardware_alarm_set_callback
 .text.hardware_alarm_set_target
                0x10001b90       0xe8 CMakeFiles/flashmicro.dir/D_/ProgramFiles/Raspberry_Pi/Pico_SDK_v1.5.1/pico-sdk/src/rp2_common/hardware_timer/timer.c.obj
                0x10001b90                hardware_alarm_set_target
 .text.hardware_alarm_cancel
                0x10001c78       0x40 CMakeFiles/flashmicro.dir/D_/ProgramFiles/Raspberry_Pi/Pico_SDK_v1.5.1/pico-sdk/src/rp2_common/hardware_timer/timer.c.obj
                0x10001c78                hardware_alarm_cancel
 .text.ph_add_child_node
                0x10001cb8       0xa4 CMakeFiles/flashmicro.dir/D_/ProgramFiles/Raspberry_Pi/Pico_SDK_v1.5.1/pico-sdk/src/common/pico_util/pheap.c.obj
 .text.ph_merge_nodes
                0x10001d5c       0x3e CMakeFiles/flashmicro.dir/D_/ProgramFiles/Raspberry_Pi/Pico_SDK_v1.5.1/pico-sdk/src/common/pico_util/pheap.c.obj
 *fill*         0x10001d9a        0x2 
 .text.ph_clear
                0x10001d9c       0x70 CMakeFiles/flashmicro.dir/D_/ProgramFiles/Raspberry_Pi/Pico_SDK_v1.5.1/pico-sdk/src/common/pico_util/pheap.c.obj
                0x10001d9c                ph_clear
 .text.ph_post_alloc_init
                0x10001e0c        0xe CMakeFiles/flashmicro.dir/D_/ProgramFiles/Raspberry_Pi/Pico_SDK_v1.5.1/pico-sdk/src/common/pico_util/pheap.c.obj
                0x10001e0c                ph_post_alloc_init
 *fill*         0x10001e1a        0x2 
 .text.ph_merge_two_pass
                0x10001e1c       0xa8 CMakeFiles/flashmicro.dir/D_/ProgramFiles/Raspberry_Pi/Pico_SDK_v1.5.1/pico-sdk/src/common/pico_util/pheap.c.obj
                0x10001e1c                ph_merge_two_pass
 .text.ph_remove_any_head
                0x10001ec4      0x128 CMakeFiles/flashmicro.dir/D_/ProgramFiles/Raspberry_Pi/Pico_SDK_v1.5.1/pico-sdk/src/common/pico_util/pheap.c.obj
 .text.ph_remove_head
                0x10001fec       0x14 CMakeFiles/flashmicro.dir/D_/ProgramFiles/Raspberry_Pi/Pico_SDK_v1.5.1/pico-sdk/src/common/pico_util/pheap.c.obj
                0x10001fec                ph_remove_head
 .text.ph_remove_and_free_node
                0x10002000       0xf8 CMakeFiles/flashmicro.dir/D_/ProgramFiles/Raspberry_Pi/Pico_SDK_v1.5.1/pico-sdk/src/common/pico_util/pheap.c.obj
                0x10002000                ph_remove_and_free_node
 .text.uart_disable_before_lcr_write
                0x100020f8       0x48 CMakeFiles/flashmicro.dir/D_/ProgramFiles/Raspberry_Pi/Pico_SDK_v1.5.1/pico-sdk/src/rp2_common/hardware_uart/uart.c.obj
 .text.uart_write_lcr_bits_masked
                0x10002140       0x22 CMakeFiles/flashmicro.dir/D_/ProgramFiles/Raspberry_Pi/Pico_SDK_v1.5.1/pico-sdk/src/rp2_common/hardware_uart/uart.c.obj
 *fill*         0x10002162        0x2 
 .text.uart_set_baudrate
                0x10002164       0x5c CMakeFiles/flashmicro.dir/D_/ProgramFiles/Raspberry_Pi/Pico_SDK_v1.5.1/pico-sdk/src/rp2_common/hardware_uart/uart.c.obj
                0x10002164                uart_set_baudrate
 .text.uart_set_format
                0x100021c0       0x2c CMakeFiles/flashmicro.dir/D_/ProgramFiles/Raspberry_Pi/Pico_SDK_v1.5.1/pico-sdk/src/rp2_common/hardware_uart/uart.c.obj
                0x100021c0                uart_set_format
 .text.uart_set_translate_crlf
                0x100021ec       0x28 CMakeFiles/flashmicro.dir/D_/ProgramFiles/Raspberry_Pi/Pico_SDK_v1.5.1/pico-sdk/src/rp2_common/hardware_uart/uart.c.obj
                0x100021ec                uart_set_translate_crlf
 .text.uart_init
                0x10002214       0x80 CMakeFiles/flashmicro.dir/D_/ProgramFiles/Raspberry_Pi/Pico_SDK_v1.5.1/pico-sdk/src/rp2_common/hardware_uart/uart.c.obj
                0x10002214                uart_init
 .text.clock_configure
                0x10002294      0x108 CMakeFiles/flashmicro.dir/D_/ProgramFiles/Raspberry_Pi/Pico_SDK_v1.5.1/pico-sdk/src/rp2_common/hardware_clocks/clocks.c.obj
                0x10002294                clock_configure
 .text.clocks_init
                0x1000239c      0x100 CMakeFiles/flashmicro.dir/D_/ProgramFiles/Raspberry_Pi/Pico_SDK_v1.5.1/pico-sdk/src/rp2_common/hardware_clocks/clocks.c.obj
                0x1000239c                clocks_init
 .text.clock_get_hz
                0x1000249c        0xc CMakeFiles/flashmicro.dir/D_/ProgramFiles/Raspberry_Pi/Pico_SDK_v1.5.1/pico-sdk/src/rp2_common/hardware_clocks/clocks.c.obj
                0x1000249c                clock_get_hz
 .text.pll_init
                0x100024a8      0x120 CMakeFiles/flashmicro.dir/D_/ProgramFiles/Raspberry_Pi/Pico_SDK_v1.5.1/pico-sdk/src/rp2_common/hardware_pll/pll.c.obj
                0x100024a8                pll_init
 .text.watchdog_start_tick
                0x100025c8       0x10 CMakeFiles/flashmicro.dir/D_/ProgramFiles/Raspberry_Pi/Pico_SDK_v1.5.1/pico-sdk/src/rp2_common/hardware_watchdog/watchdog.c.obj
                0x100025c8                watchdog_start_tick
 .text.watchdog_update
                0x100025d8       0x14 CMakeFiles/flashmicro.dir/D_/ProgramFiles/Raspberry_Pi/Pico_SDK_v1.5.1/pico-sdk/src/rp2_common/hardware_watchdog/watchdog.c.obj
                0x100025d8                watchdog_update
 .text._watchdog_enable
                0x100025ec       0x78 CMakeFiles/flashmicro.dir/D_/ProgramFiles/Raspberry_Pi/Pico_SDK_v1.5.1/pico-sdk/src/rp2_common/hardware_watchdog/watchdog.c.obj
                0x100025ec                _watchdog_enable
 .text.watchdog_reboot
                0x10002664       0x48 CMakeFiles/flashmicro.dir/D_/ProgramFiles/Raspberry_Pi/Pico_SDK_v1.5.1/pico-sdk/src/rp2_common/hardware_watchdog/watchdog.c.obj
                0x10002664                watchdog_reboot
 .text.xosc_init
                0x100026ac       0x28 CMakeFiles/flashmicro.dir/D_/ProgramFiles/Raspberry_Pi/Pico_SDK_v1.5.1/pico-sdk/src/rp2_common/hardware_xosc/xosc.c.obj
                0x100026ac                xosc_init
 .text._exit    0x100026d4        0x4 CMakeFiles/flashmicro.dir/D_/ProgramFiles/Raspberry_Pi/Pico_SDK_v1.5.1/pico-sdk/src/rp2_common/pico_runtime/runtime.c.obj
                0x100026d4                _exit
 .text._sbrk    0x100026d8       0x38 CMakeFiles/flashmicro.dir/D_/ProgramFiles/Raspberry_Pi/Pico_SDK_v1.5.1/pico-sdk/src/rp2_common/pico_runtime/runtime.c.obj
                0x100026d8                _sbrk
 .text.exit     0x10002710        0x6 CMakeFiles/flashmicro.dir/D_/ProgramFiles/Raspberry_Pi/Pico_SDK_v1.5.1/pico-sdk/src/rp2_common/pico_runtime/runtime.c.obj
                0x10002710                exit
 *fill*         0x10002716        0x2 
 .text.__assert_func
                0x10002718       0x3c CMakeFiles/flashmicro.dir/D_/ProgramFiles/Raspberry_Pi/Pico_SDK_v1.5.1/pico-sdk/src/rp2_common/pico_runtime/runtime.c.obj
                0x10002718                __assert_func
 .text.runtime_init
                0x10002754       0xf8 CMakeFiles/flashmicro.dir/D_/ProgramFiles/Raspberry_Pi/Pico_SDK_v1.5.1/pico-sdk/src/rp2_common/pico_runtime/runtime.c.obj
                0x10002754                runtime_init
 .text.panic    0x1000284c       0x30 CMakeFiles/flashmicro.dir/D_/ProgramFiles/Raspberry_Pi/Pico_SDK_v1.5.1/pico-sdk/src/rp2_common/pico_runtime/runtime.c.obj
                0x1000284c                panic
 .text._out_buffer
                0x1000287c        0x8 CMakeFiles/flashmicro.dir/D_/ProgramFiles/Raspberry_Pi/Pico_SDK_v1.5.1/pico-sdk/src/rp2_common/pico_printf/printf.c.obj
 .text._out_null
                0x10002884        0x2 CMakeFiles/flashmicro.dir/D_/ProgramFiles/Raspberry_Pi/Pico_SDK_v1.5.1/pico-sdk/src/rp2_common/pico_printf/printf.c.obj
 .text._out_fct
                0x10002886        0xe CMakeFiles/flashmicro.dir/D_/ProgramFiles/Raspberry_Pi/Pico_SDK_v1.5.1/pico-sdk/src/rp2_common/pico_printf/printf.c.obj
 .text._atoi    0x10002894       0x24 CMakeFiles/flashmicro.dir/D_/ProgramFiles/Raspberry_Pi/Pico_SDK_v1.5.1/pico-sdk/src/rp2_common/pico_printf/printf.c.obj
 .text._out_rev
                0x100028b8       0xae CMakeFiles/flashmicro.dir/D_/ProgramFiles/Raspberry_Pi/Pico_SDK_v1.5.1/pico-sdk/src/rp2_common/pico_printf/printf.c.obj
 .text._ntoa_format
                0x10002966      0x112 CMakeFiles/flashmicro.dir/D_/ProgramFiles/Raspberry_Pi/Pico_SDK_v1.5.1/pico-sdk/src/rp2_common/pico_printf/printf.c.obj
 .text._ntoa_long
                0x10002a78       0xbc CMakeFiles/flashmicro.dir/D_/ProgramFiles/Raspberry_Pi/Pico_SDK_v1.5.1/pico-sdk/src/rp2_common/pico_printf/printf.c.obj
 .text._ntoa_long_long
                0x10002b34       0xe2 CMakeFiles/flashmicro.dir/D_/ProgramFiles/Raspberry_Pi/Pico_SDK_v1.5.1/pico-sdk/src/rp2_common/pico_printf/printf.c.obj
 *fill*         0x10002c16        0x2 
 .text._etoa    0x10002c18      0x414 CMakeFiles/flashmicro.dir/D_/ProgramFiles/Raspberry_Pi/Pico_SDK_v1.5.1/pico-sdk/src/rp2_common/pico_printf/printf.c.obj
 .text._ftoa    0x1000302c      0x354 CMakeFiles/flashmicro.dir/D_/ProgramFiles/Raspberry_Pi/Pico_SDK_v1.5.1/pico-sdk/src/rp2_common/pico_printf/printf.c.obj
 .text._vsnprintf
                0x10003380      0x624 CMakeFiles/flashmicro.dir/D_/ProgramFiles/Raspberry_Pi/Pico_SDK_v1.5.1/pico-sdk/src/rp2_common/pico_printf/printf.c.obj
 .text.__wrap_snprintf
                0x100039a4       0x28 CMakeFiles/flashmicro.dir/D_/ProgramFiles/Raspberry_Pi/Pico_SDK_v1.5.1/pico-sdk/src/rp2_common/pico_printf/printf.c.obj
                0x100039a4                __wrap_snprintf
 .text.__wrap_vsnprintf
                0x100039cc       0x1c CMakeFiles/flashmicro.dir/D_/ProgramFiles/Raspberry_Pi/Pico_SDK_v1.5.1/pico-sdk/src/rp2_common/pico_printf/printf.c.obj
                0x100039cc                __wrap_vsnprintf
 .text.vfctprintf
                0x100039e8       0x20 CMakeFiles/flashmicro.dir/D_/ProgramFiles/Raspberry_Pi/Pico_SDK_v1.5.1/pico-sdk/src/rp2_common/pico_printf/printf.c.obj
                0x100039e8                vfctprintf
 .text          0x10003a08       0x10 CMakeFiles/flashmicro.dir/D_/ProgramFiles/Raspberry_Pi/Pico_SDK_v1.5.1/pico-sdk/src/rp2_common/pico_bit_ops/bit_ops_aeabi.S.obj
 .text.rom_func_lookup
                0x10003a18       0x10 CMakeFiles/flashmicro.dir/D_/ProgramFiles/Raspberry_Pi/Pico_SDK_v1.5.1/pico-sdk/src/rp2_common/pico_bootrom/bootrom.c.obj
                0x10003a18                rom_func_lookup
 .text.rom_data_lookup
                0x10003a28       0x10 CMakeFiles/flashmicro.dir/D_/ProgramFiles/Raspberry_Pi/Pico_SDK_v1.5.1/pico-sdk/src/rp2_common/pico_bootrom/bootrom.c.obj
                0x10003a28                rom_data_lookup
 .text.rom_funcs_lookup
                0x10003a38       0x36 CMakeFiles/flashmicro.dir/D_/ProgramFiles/Raspberry_Pi/Pico_SDK_v1.5.1/pico-sdk/src/rp2_common/pico_bootrom/bootrom.c.obj
                0x10003a38                rom_funcs_lookup
 *fill*         0x10003a6e        0x2 
 .text.__wrap___aeabi_idiv
                0x10003a70       0x50 CMakeFiles/flashmicro.dir/D_/ProgramFiles/Raspberry_Pi/Pico_SDK_v1.5.1/pico-sdk/src/rp2_common/pico_divider/divider.S.obj
                0x10003a70                __wrap___aeabi_idivmod
                0x10003a70                divmod_s32s32
                0x10003a70                div_s32s32
                0x10003a70                __wrap___aeabi_idiv
                0x10003a78                divmod_s32s32_unsafe
                0x10003aa4                divmod_s32s32_savestate
 .text.__wrap___aeabi_uidiv
                0x10003ac0       0x4c CMakeFiles/flashmicro.dir/D_/ProgramFiles/Raspberry_Pi/Pico_SDK_v1.5.1/pico-sdk/src/rp2_common/pico_divider/divider.S.obj
                0x10003ac0                __wrap___aeabi_uidiv
                0x10003ac0                __wrap___aeabi_uidivmod
                0x10003ac0                div_u32u32
                0x10003ac0                divmod_u32u32
                0x10003ac8                divmod_u32u32_unsafe
                0x10003af0                divmod_u32u32_savestate
 .text.__wrap___aeabi_ldiv
                0x10003b0c      0x424 CMakeFiles/flashmicro.dir/D_/ProgramFiles/Raspberry_Pi/Pico_SDK_v1.5.1/pico-sdk/src/rp2_common/pico_divider/divider.S.obj
                0x10003b0c                div_s64s64
                0x10003b0c                divmod_s64s64
                0x10003b0c                __wrap___aeabi_ldivmod
                0x10003b3c                divmod_u64u64
                0x10003b3c                div_u64u64
                0x10003b3c                __wrap___aeabi_uldivmod
                0x10003b4c                divmod_u64u64_savestate
                0x10003b6c                divmod_s64s64_unsafe
                0x10003bf4                divmod_u64u64_unsafe
 .text.__wrap___aeabi_darithmetic
                0x10003f30       0x60 CMakeFiles/flashmicro.dir/D_/ProgramFiles/Raspberry_Pi/Pico_SDK_v1.5.1/pico-sdk/src/rp2_common/pico_double/double_aeabi.S.obj
                0x10003f30                __wrap___aeabi_drsub
                0x10003f36                __wrap___aeabi_dsub
                0x10003f40                __wrap___aeabi_dadd
                0x10003f4a                __wrap___aeabi_ddiv
                0x10003f7e                __wrap___aeabi_dmul
 .text.__wrap___aeabi_cdcmple
                0x10003f90       0x6c CMakeFiles/flashmicro.dir/D_/ProgramFiles/Raspberry_Pi/Pico_SDK_v1.5.1/pico-sdk/src/rp2_common/pico_double/double_aeabi.S.obj
                0x10003f90                __wrap___aeabi_cdrcmple
                0x10003fa0                __wrap___aeabi_cdcmpeq
                0x10003fa0                __wrap___aeabi_cdcmple
 .text.__wrap___aeabi_dcmplt
                0x10003ffc        0xc CMakeFiles/flashmicro.dir/D_/ProgramFiles/Raspberry_Pi/Pico_SDK_v1.5.1/pico-sdk/src/rp2_common/pico_double/double_aeabi.S.obj
                0x10003ffc                __wrap___aeabi_dcmplt
 .text.__wrap___aeabi_dcmple
                0x10004008       0x10 CMakeFiles/flashmicro.dir/D_/ProgramFiles/Raspberry_Pi/Pico_SDK_v1.5.1/pico-sdk/src/rp2_common/pico_double/double_aeabi.S.obj
                0x10004008                __wrap___aeabi_dcmple
 .text.__wrap___aeabi_dcmpge
                0x10004018       0x10 CMakeFiles/flashmicro.dir/D_/ProgramFiles/Raspberry_Pi/Pico_SDK_v1.5.1/pico-sdk/src/rp2_common/pico_double/double_aeabi.S.obj
                0x10004018                __wrap___aeabi_dcmpge
 .text.__wrap___aeabi_dcmpgt
                0x10004028        0xa CMakeFiles/flashmicro.dir/D_/ProgramFiles/Raspberry_Pi/Pico_SDK_v1.5.1/pico-sdk/src/rp2_common/pico_double/double_aeabi.S.obj
                0x10004028                __wrap___aeabi_dcmpgt
 .text.__wrap___aeabi_dcmpun
                0x10004032       0x1c CMakeFiles/flashmicro.dir/D_/ProgramFiles/Raspberry_Pi/Pico_SDK_v1.5.1/pico-sdk/src/rp2_common/pico_double/double_aeabi.S.obj
                0x10004032                __wrap___aeabi_dcmpun
 *fill*         0x1000404e        0x2 
 .text.__wrap___aeabi_i2d
                0x10004050       0x38 CMakeFiles/flashmicro.dir/D_/ProgramFiles/Raspberry_Pi/Pico_SDK_v1.5.1/pico-sdk/src/rp2_common/pico_double/double_aeabi.S.obj
                0x10004050                __wrap___aeabi_ui2d
                0x10004058                __wrap___aeabi_i2d
 .text.__wrap___aeabi_d2iz
                0x10004088       0x48 CMakeFiles/flashmicro.dir/D_/ProgramFiles/Raspberry_Pi/Pico_SDK_v1.5.1/pico-sdk/src/rp2_common/pico_double/double_aeabi.S.obj
                0x10004088                double2int_z
                0x10004088                __wrap___aeabi_d2iz
 .text.__wrap___aeabi_d2uiz
                0x100040d0       0x10 CMakeFiles/flashmicro.dir/D_/ProgramFiles/Raspberry_Pi/Pico_SDK_v1.5.1/pico-sdk/src/rp2_common/pico_double/double_aeabi.S.obj
                0x100040d0                __wrap___aeabi_d2uiz
                0x100040d0                double2uint
 .text.missing_double_func_shim
                0x100040e0        0xc CMakeFiles/flashmicro.dir/D_/ProgramFiles/Raspberry_Pi/Pico_SDK_v1.5.1/pico-sdk/src/rp2_common/pico_double/double_init_rom.c.obj
 .text.__aeabi_double_init
                0x100040ec       0xcc CMakeFiles/flashmicro.dir/D_/ProgramFiles/Raspberry_Pi/Pico_SDK_v1.5.1/pico-sdk/src/rp2_common/pico_double/double_init_rom.c.obj
                0x100040ec                __aeabi_double_init
 .text.double_table_shim_on_use_helper
                0x100041b8       0x34 CMakeFiles/flashmicro.dir/D_/ProgramFiles/Raspberry_Pi/Pico_SDK_v1.5.1/pico-sdk/src/rp2_common/pico_double/double_v1_rom_shim.S.obj
                0x100041b8                double_table_shim_on_use_helper
 .text.__aeabi_lmul
                0x100041ec       0x32 CMakeFiles/flashmicro.dir/D_/ProgramFiles/Raspberry_Pi/Pico_SDK_v1.5.1/pico-sdk/src/rp2_common/pico_int64_ops/pico_int64_ops_aeabi.S.obj
                0x100041ec                __wrap___aeabi_lmul
 *fill*         0x1000421e        0x2 
 .text.missing_float_func_shim
                0x10004220        0xc CMakeFiles/flashmicro.dir/D_/ProgramFiles/Raspberry_Pi/Pico_SDK_v1.5.1/pico-sdk/src/rp2_common/pico_float/float_init_rom.c.obj
 .text.__aeabi_float_init
                0x1000422c       0x88 CMakeFiles/flashmicro.dir/D_/ProgramFiles/Raspberry_Pi/Pico_SDK_v1.5.1/pico-sdk/src/rp2_common/pico_float/float_init_rom.c.obj
                0x1000422c                __aeabi_float_init
 .text          0x100042b4       0x10 CMakeFiles/flashmicro.dir/D_/ProgramFiles/Raspberry_Pi/Pico_SDK_v1.5.1/pico-sdk/src/rp2_common/pico_mem_ops/mem_ops_aeabi.S.obj
                0x100042b4                __aeabi_mem_init
 .text.memset   0x100042c4        0xc CMakeFiles/flashmicro.dir/D_/ProgramFiles/Raspberry_Pi/Pico_SDK_v1.5.1/pico-sdk/src/rp2_common/pico_mem_ops/mem_ops_aeabi.S.obj
                0x100042c4                __wrap_memset
 .text.memcpy   0x100042d0        0xc CMakeFiles/flashmicro.dir/D_/ProgramFiles/Raspberry_Pi/Pico_SDK_v1.5.1/pico-sdk/src/rp2_common/pico_mem_ops/mem_ops_aeabi.S.obj
                0x100042d0                __wrap_memcpy
                0x100042d0                __wrap___aeabi_memcpy
 .text.stdio_out_chars_no_crlf
                0x100042dc        0xe CMakeFiles/flashmicro.dir/D_/ProgramFiles/Raspberry_Pi/Pico_SDK_v1.5.1/pico-sdk/src/rp2_common/pico_stdio/stdio.c.obj
 *fill*         0x100042ea        0x2 
 .text.stdio_out_chars_crlf
                0x100042ec       0x80 CMakeFiles/flashmicro.dir/D_/ProgramFiles/Raspberry_Pi/Pico_SDK_v1.5.1/pico-sdk/src/rp2_common/pico_stdio/stdio.c.obj
 .text.stdio_stack_buffer_flush
                0x1000436c       0x44 CMakeFiles/flashmicro.dir/D_/ProgramFiles/Raspberry_Pi/Pico_SDK_v1.5.1/pico-sdk/src/rp2_common/pico_stdio/stdio.c.obj
 .text.stdio_buffered_printer
                0x100043b0       0x20 CMakeFiles/flashmicro.dir/D_/ProgramFiles/Raspberry_Pi/Pico_SDK_v1.5.1/pico-sdk/src/rp2_common/pico_stdio/stdio.c.obj
 .text.stdio_get_until
                0x100043d0       0x80 CMakeFiles/flashmicro.dir/D_/ProgramFiles/Raspberry_Pi/Pico_SDK_v1.5.1/pico-sdk/src/rp2_common/pico_stdio/stdio.c.obj
 .text.stdout_serialize_begin
                0x10004450       0x5c CMakeFiles/flashmicro.dir/D_/ProgramFiles/Raspberry_Pi/Pico_SDK_v1.5.1/pico-sdk/src/rp2_common/pico_stdio/stdio.c.obj
                0x10004450                stdout_serialize_begin
 .text.stdout_serialize_end
                0x100044ac       0x10 CMakeFiles/flashmicro.dir/D_/ProgramFiles/Raspberry_Pi/Pico_SDK_v1.5.1/pico-sdk/src/rp2_common/pico_stdio/stdio.c.obj
                0x100044ac                stdout_serialize_end
 .text.stdio_put_string
                0x100044bc       0x98 CMakeFiles/flashmicro.dir/D_/ProgramFiles/Raspberry_Pi/Pico_SDK_v1.5.1/pico-sdk/src/rp2_common/pico_stdio/stdio.c.obj
 .text._read    0x10004554       0x24 CMakeFiles/flashmicro.dir/D_/ProgramFiles/Raspberry_Pi/Pico_SDK_v1.5.1/pico-sdk/src/rp2_common/pico_stdio/stdio.c.obj
                0x10004554                _read
 .text._write   0x10004578       0x22 CMakeFiles/flashmicro.dir/D_/ProgramFiles/Raspberry_Pi/Pico_SDK_v1.5.1/pico-sdk/src/rp2_common/pico_stdio/stdio.c.obj
                0x10004578                _write
 .text._close   0x1000459a        0x6 CMakeFiles/flashmicro.dir/D_/ProgramFiles/Raspberry_Pi/Pico_SDK_v1.5.1/pico-sdk/src/rp2_common/pico_stdio/stdio.c.obj
                0x1000459a                _close
 .text._lseek   0x100045a0        0x6 CMakeFiles/flashmicro.dir/D_/ProgramFiles/Raspberry_Pi/Pico_SDK_v1.5.1/pico-sdk/src/rp2_common/pico_stdio/stdio.c.obj
                0x100045a0                _lseek
 *fill*         0x100045a6        0x2 
 .text.stdio_set_driver_enabled
                0x100045a8       0x2c CMakeFiles/flashmicro.dir/D_/ProgramFiles/Raspberry_Pi/Pico_SDK_v1.5.1/pico-sdk/src/rp2_common/pico_stdio/stdio.c.obj
                0x100045a8                stdio_set_driver_enabled
 .text.stdio_flush
                0x100045d4       0x20 CMakeFiles/flashmicro.dir/D_/ProgramFiles/Raspberry_Pi/Pico_SDK_v1.5.1/pico-sdk/src/rp2_common/pico_stdio/stdio.c.obj
                0x100045d4                stdio_flush
 .text.__wrap_puts
                0x100045f4       0x1e CMakeFiles/flashmicro.dir/D_/ProgramFiles/Raspberry_Pi/Pico_SDK_v1.5.1/pico-sdk/src/rp2_common/pico_stdio/stdio.c.obj
                0x100045f4                __wrap_puts
 *fill*         0x10004612        0x2 
 .text.__wrap_vprintf
                0x10004614       0x40 CMakeFiles/flashmicro.dir/D_/ProgramFiles/Raspberry_Pi/Pico_SDK_v1.5.1/pico-sdk/src/rp2_common/pico_stdio/stdio.c.obj
                0x10004614                __wrap_vprintf
 .text.__wrap_printf
                0x10004654       0x18 CMakeFiles/flashmicro.dir/D_/ProgramFiles/Raspberry_Pi/Pico_SDK_v1.5.1/pico-sdk/src/rp2_common/pico_stdio/stdio.c.obj
                0x10004654                __wrap_printf
 .text.stdio_init_all
                0x1000466c        0xe CMakeFiles/flashmicro.dir/D_/ProgramFiles/Raspberry_Pi/Pico_SDK_v1.5.1/pico-sdk/src/rp2_common/pico_stdio/stdio.c.obj
                0x1000466c                stdio_init_all
 *fill*         0x1000467a        0x2 
 .text.stdio_uart_out_chars
                0x1000467c       0x74 CMakeFiles/flashmicro.dir/D_/ProgramFiles/Raspberry_Pi/Pico_SDK_v1.5.1/pico-sdk/src/rp2_common/pico_stdio_uart/stdio_uart.c.obj
 .text.stdio_uart_in_chars
                0x100046f0       0x80 CMakeFiles/flashmicro.dir/D_/ProgramFiles/Raspberry_Pi/Pico_SDK_v1.5.1/pico-sdk/src/rp2_common/pico_stdio_uart/stdio_uart.c.obj
                0x100046f0                stdio_uart_in_chars
 .text.on_uart_rx
                0x10004770       0x28 CMakeFiles/flashmicro.dir/D_/ProgramFiles/Raspberry_Pi/Pico_SDK_v1.5.1/pico-sdk/src/rp2_common/pico_stdio_uart/stdio_uart.c.obj
 .text.stdio_uart_set_chars_available_callback
                0x10004798       0x8c CMakeFiles/flashmicro.dir/D_/ProgramFiles/Raspberry_Pi/Pico_SDK_v1.5.1/pico-sdk/src/rp2_common/pico_stdio_uart/stdio_uart.c.obj
 .text.stdio_uart_init_full
                0x10004824       0x44 CMakeFiles/flashmicro.dir/D_/ProgramFiles/Raspberry_Pi/Pico_SDK_v1.5.1/pico-sdk/src/rp2_common/pico_stdio_uart/stdio_uart.c.obj
                0x10004824                stdio_uart_init_full
 .text.stdio_uart_init
                0x10004868       0x28 CMakeFiles/flashmicro.dir/D_/ProgramFiles/Raspberry_Pi/Pico_SDK_v1.5.1/pico-sdk/src/rp2_common/pico_stdio_uart/stdio_uart.c.obj
                0x10004868                stdio_uart_init
 .text.resetd_init
                0x10004890        0x2 CMakeFiles/flashmicro.dir/D_/ProgramFiles/Raspberry_Pi/Pico_SDK_v1.5.1/pico-sdk/src/rp2_common/pico_stdio_usb/reset_interface.c.obj
 *fill*         0x10004892        0x2 
 .text.resetd_reset
                0x10004894        0xc CMakeFiles/flashmicro.dir/D_/ProgramFiles/Raspberry_Pi/Pico_SDK_v1.5.1/pico-sdk/src/rp2_common/pico_stdio_usb/reset_interface.c.obj
 .text.resetd_open
                0x100048a0       0x34 CMakeFiles/flashmicro.dir/D_/ProgramFiles/Raspberry_Pi/Pico_SDK_v1.5.1/pico-sdk/src/rp2_common/pico_stdio_usb/reset_interface.c.obj
 .text.resetd_xfer_cb
                0x100048d4        0x4 CMakeFiles/flashmicro.dir/D_/ProgramFiles/Raspberry_Pi/Pico_SDK_v1.5.1/pico-sdk/src/rp2_common/pico_stdio_usb/reset_interface.c.obj
 .text.reset_usb_boot
                0x100048d8       0x18 CMakeFiles/flashmicro.dir/D_/ProgramFiles/Raspberry_Pi/Pico_SDK_v1.5.1/pico-sdk/src/rp2_common/pico_stdio_usb/reset_interface.c.obj
 .text.resetd_control_xfer_cb
                0x100048f0       0x5c CMakeFiles/flashmicro.dir/D_/ProgramFiles/Raspberry_Pi/Pico_SDK_v1.5.1/pico-sdk/src/rp2_common/pico_stdio_usb/reset_interface.c.obj
 .text.usbd_app_driver_get_cb
                0x1000494c        0xc CMakeFiles/flashmicro.dir/D_/ProgramFiles/Raspberry_Pi/Pico_SDK_v1.5.1/pico-sdk/src/rp2_common/pico_stdio_usb/reset_interface.c.obj
                0x1000494c                usbd_app_driver_get_cb
 .text.tud_cdc_line_coding_cb
                0x10004958       0x28 CMakeFiles/flashmicro.dir/D_/ProgramFiles/Raspberry_Pi/Pico_SDK_v1.5.1/pico-sdk/src/rp2_common/pico_stdio_usb/reset_interface.c.obj
                0x10004958                tud_cdc_line_coding_cb
 .text.stdio_usb_set_chars_available_callback
                0x10004980       0x14 CMakeFiles/flashmicro.dir/D_/ProgramFiles/Raspberry_Pi/Pico_SDK_v1.5.1/pico-sdk/src/rp2_common/pico_stdio_usb/stdio_usb.c.obj
                0x10004980                stdio_usb_set_chars_available_callback
 .text.usb_irq  0x10004994       0x10 CMakeFiles/flashmicro.dir/D_/ProgramFiles/Raspberry_Pi/Pico_SDK_v1.5.1/pico-sdk/src/rp2_common/pico_stdio_usb/stdio_usb.c.obj
 .text.timer_task
                0x100049a4       0x5c CMakeFiles/flashmicro.dir/D_/ProgramFiles/Raspberry_Pi/Pico_SDK_v1.5.1/pico-sdk/src/rp2_common/pico_stdio_usb/stdio_usb.c.obj
 .text.low_priority_worker_irq
                0x10004a00       0xdc CMakeFiles/flashmicro.dir/D_/ProgramFiles/Raspberry_Pi/Pico_SDK_v1.5.1/pico-sdk/src/rp2_common/pico_stdio_usb/stdio_usb.c.obj
 .text.tud_cdc_rx_cb
                0x10004adc       0x20 CMakeFiles/flashmicro.dir/D_/ProgramFiles/Raspberry_Pi/Pico_SDK_v1.5.1/pico-sdk/src/rp2_common/pico_stdio_usb/stdio_usb.c.obj
                0x10004adc                tud_cdc_rx_cb
 .text.stdio_usb_init
                0x10004afc      0x11c CMakeFiles/flashmicro.dir/D_/ProgramFiles/Raspberry_Pi/Pico_SDK_v1.5.1/pico-sdk/src/rp2_common/pico_stdio_usb/stdio_usb.c.obj
                0x10004afc                stdio_usb_init
 .text.stdio_usb_connected
                0x10004c18        0xa CMakeFiles/flashmicro.dir/D_/ProgramFiles/Raspberry_Pi/Pico_SDK_v1.5.1/pico-sdk/src/rp2_common/pico_stdio_usb/stdio_usb.c.obj
                0x10004c18                stdio_usb_connected
 *fill*         0x10004c22        0x2 
 .text.stdio_usb_in_chars
                0x10004c24       0xc4 CMakeFiles/flashmicro.dir/D_/ProgramFiles/Raspberry_Pi/Pico_SDK_v1.5.1/pico-sdk/src/rp2_common/pico_stdio_usb/stdio_usb.c.obj
                0x10004c24                stdio_usb_in_chars
 .text.stdio_usb_out_chars
                0x10004ce8      0x114 CMakeFiles/flashmicro.dir/D_/ProgramFiles/Raspberry_Pi/Pico_SDK_v1.5.1/pico-sdk/src/rp2_common/pico_stdio_usb/stdio_usb.c.obj
 .text.tud_descriptor_device_cb
                0x10004dfc        0x8 CMakeFiles/flashmicro.dir/D_/ProgramFiles/Raspberry_Pi/Pico_SDK_v1.5.1/pico-sdk/src/rp2_common/pico_stdio_usb/stdio_usb_descriptors.c.obj
                0x10004dfc                tud_descriptor_device_cb
 .text.tud_descriptor_configuration_cb
                0x10004e04        0x8 CMakeFiles/flashmicro.dir/D_/ProgramFiles/Raspberry_Pi/Pico_SDK_v1.5.1/pico-sdk/src/rp2_common/pico_stdio_usb/stdio_usb_descriptors.c.obj
                0x10004e04                tud_descriptor_configuration_cb
 .text.tud_descriptor_string_cb
                0x10004e0c       0x6c CMakeFiles/flashmicro.dir/D_/ProgramFiles/Raspberry_Pi/Pico_SDK_v1.5.1/pico-sdk/src/rp2_common/pico_stdio_usb/stdio_usb_descriptors.c.obj
                0x10004e0c                tud_descriptor_string_cb
 .text._retrieve_unique_id_on_boot
                0x10004e78       0x10 CMakeFiles/flashmicro.dir/D_/ProgramFiles/Raspberry_Pi/Pico_SDK_v1.5.1/pico-sdk/src/rp2_common/pico_unique_id/unique_id.c.obj
 .text.pico_get_unique_board_id_string
                0x10004e88       0x60 CMakeFiles/flashmicro.dir/D_/ProgramFiles/Raspberry_Pi/Pico_SDK_v1.5.1/pico-sdk/src/rp2_common/pico_unique_id/unique_id.c.obj
                0x10004e88                pico_get_unique_board_id_string
 .text.flash_get_unique_id
                0x10004ee8       0x46 CMakeFiles/flashmicro.dir/D_/ProgramFiles/Raspberry_Pi/Pico_SDK_v1.5.1/pico-sdk/src/rp2_common/hardware_flash/flash.c.obj
                0x10004ee8                flash_get_unique_id
 *fill*         0x10004f2e        0x2 
 .text.hw_endpoint_get_by_addr
                0x10004f30       0x18 CMakeFiles/flashmicro.dir/D_/ProgramFiles/Raspberry_Pi/Pico_SDK_v1.5.1/pico-sdk/lib/tinyusb/src/portable/raspberrypi/rp2040/dcd_rp2040.c.obj
 .text._hw_endpoint_alloc
                0x10004f48       0x70 CMakeFiles/flashmicro.dir/D_/ProgramFiles/Raspberry_Pi/Pico_SDK_v1.5.1/pico-sdk/lib/tinyusb/src/portable/raspberrypi/rp2040/dcd_rp2040.c.obj
 .text.hw_endpoint_init
                0x10004fb8       0x88 CMakeFiles/flashmicro.dir/D_/ProgramFiles/Raspberry_Pi/Pico_SDK_v1.5.1/pico-sdk/lib/tinyusb/src/portable/raspberrypi/rp2040/dcd_rp2040.c.obj
 .text.hw_endpoint_xfer
                0x10005040       0x14 CMakeFiles/flashmicro.dir/D_/ProgramFiles/Raspberry_Pi/Pico_SDK_v1.5.1/pico-sdk/lib/tinyusb/src/portable/raspberrypi/rp2040/dcd_rp2040.c.obj
 .text.dcd_int_enable
                0x10005054       0x2c CMakeFiles/flashmicro.dir/D_/ProgramFiles/Raspberry_Pi/Pico_SDK_v1.5.1/pico-sdk/lib/tinyusb/src/portable/raspberrypi/rp2040/dcd_rp2040.c.obj
                0x10005054                dcd_int_enable
 .text.dcd_set_address
                0x10005080       0x2c CMakeFiles/flashmicro.dir/D_/ProgramFiles/Raspberry_Pi/Pico_SDK_v1.5.1/pico-sdk/lib/tinyusb/src/portable/raspberrypi/rp2040/dcd_rp2040.c.obj
                0x10005080                dcd_set_address
 .text.dcd_connect
                0x100050ac       0x10 CMakeFiles/flashmicro.dir/D_/ProgramFiles/Raspberry_Pi/Pico_SDK_v1.5.1/pico-sdk/lib/tinyusb/src/portable/raspberrypi/rp2040/dcd_rp2040.c.obj
                0x100050ac                dcd_connect
 .text.dcd_init
                0x100050bc       0x80 CMakeFiles/flashmicro.dir/D_/ProgramFiles/Raspberry_Pi/Pico_SDK_v1.5.1/pico-sdk/lib/tinyusb/src/portable/raspberrypi/rp2040/dcd_rp2040.c.obj
                0x100050bc                dcd_init
 .text.dcd_edpt0_status_complete
                0x1000513c       0x1c CMakeFiles/flashmicro.dir/D_/ProgramFiles/Raspberry_Pi/Pico_SDK_v1.5.1/pico-sdk/lib/tinyusb/src/portable/raspberrypi/rp2040/dcd_rp2040.c.obj
                0x1000513c                dcd_edpt0_status_complete
 .text.dcd_edpt_open
                0x10005158       0x40 CMakeFiles/flashmicro.dir/D_/ProgramFiles/Raspberry_Pi/Pico_SDK_v1.5.1/pico-sdk/lib/tinyusb/src/portable/raspberrypi/rp2040/dcd_rp2040.c.obj
                0x10005158                dcd_edpt_open
 .text.dcd_edpt_close_all
                0x10005198        0x8 CMakeFiles/flashmicro.dir/D_/ProgramFiles/Raspberry_Pi/Pico_SDK_v1.5.1/pico-sdk/lib/tinyusb/src/portable/raspberrypi/rp2040/dcd_rp2040.c.obj
                0x10005198                dcd_edpt_close_all
 .text.dcd_edpt_xfer
                0x100051a0       0x34 CMakeFiles/flashmicro.dir/D_/ProgramFiles/Raspberry_Pi/Pico_SDK_v1.5.1/pico-sdk/lib/tinyusb/src/portable/raspberrypi/rp2040/dcd_rp2040.c.obj
                0x100051a0                dcd_edpt_xfer
 .text.dcd_edpt_stall
                0x100051d4       0x2c CMakeFiles/flashmicro.dir/D_/ProgramFiles/Raspberry_Pi/Pico_SDK_v1.5.1/pico-sdk/lib/tinyusb/src/portable/raspberrypi/rp2040/dcd_rp2040.c.obj
                0x100051d4                dcd_edpt_stall
 .text.dcd_edpt_clear_stall
                0x10005200       0x20 CMakeFiles/flashmicro.dir/D_/ProgramFiles/Raspberry_Pi/Pico_SDK_v1.5.1/pico-sdk/lib/tinyusb/src/portable/raspberrypi/rp2040/dcd_rp2040.c.obj
                0x10005200                dcd_edpt_clear_stall
 .text.rp2040_usb_init
                0x10005220       0x4c CMakeFiles/flashmicro.dir/D_/ProgramFiles/Raspberry_Pi/Pico_SDK_v1.5.1/pico-sdk/lib/tinyusb/src/portable/raspberrypi/rp2040/rp2040_usb.c.obj
                0x10005220                rp2040_usb_init
 .text.hw_endpoint_xfer_start
                0x1000526c       0x50 CMakeFiles/flashmicro.dir/D_/ProgramFiles/Raspberry_Pi/Pico_SDK_v1.5.1/pico-sdk/lib/tinyusb/src/portable/raspberrypi/rp2040/rp2040_usb.c.obj
                0x1000526c                hw_endpoint_xfer_start
 .text.configuration_reset
                0x100052bc       0x84 CMakeFiles/flashmicro.dir/D_/ProgramFiles/Raspberry_Pi/Pico_SDK_v1.5.1/pico-sdk/lib/tinyusb/src/device/usbd.c.obj
 .text.usbd_reset
                0x10005340        0xc CMakeFiles/flashmicro.dir/D_/ProgramFiles/Raspberry_Pi/Pico_SDK_v1.5.1/pico-sdk/lib/tinyusb/src/device/usbd.c.obj
 .text.invoke_class_control
                0x1000534c       0x1a CMakeFiles/flashmicro.dir/D_/ProgramFiles/Raspberry_Pi/Pico_SDK_v1.5.1/pico-sdk/lib/tinyusb/src/device/usbd.c.obj
 *fill*         0x10005366        0x2 
 .text.process_set_config
                0x10005368      0x178 CMakeFiles/flashmicro.dir/D_/ProgramFiles/Raspberry_Pi/Pico_SDK_v1.5.1/pico-sdk/lib/tinyusb/src/device/usbd.c.obj
 .text.process_get_descriptor
                0x100054e0       0xdc CMakeFiles/flashmicro.dir/D_/ProgramFiles/Raspberry_Pi/Pico_SDK_v1.5.1/pico-sdk/lib/tinyusb/src/device/usbd.c.obj
 .text.tud_mounted
                0x100055bc       0x10 CMakeFiles/flashmicro.dir/D_/ProgramFiles/Raspberry_Pi/Pico_SDK_v1.5.1/pico-sdk/lib/tinyusb/src/device/usbd.c.obj
                0x100055bc                tud_mounted
 .text.tud_suspended
                0x100055cc       0x10 CMakeFiles/flashmicro.dir/D_/ProgramFiles/Raspberry_Pi/Pico_SDK_v1.5.1/pico-sdk/lib/tinyusb/src/device/usbd.c.obj
                0x100055cc                tud_suspended
 .text.tud_inited
                0x100055dc       0x14 CMakeFiles/flashmicro.dir/D_/ProgramFiles/Raspberry_Pi/Pico_SDK_v1.5.1/pico-sdk/lib/tinyusb/src/device/usbd.c.obj
                0x100055dc                tud_inited
 .text.tud_init
                0x100055f0       0xcc CMakeFiles/flashmicro.dir/D_/ProgramFiles/Raspberry_Pi/Pico_SDK_v1.5.1/pico-sdk/lib/tinyusb/src/device/usbd.c.obj
                0x100055f0                tud_init
 .text.usbd_defer_func
                0x100056bc       0x2a CMakeFiles/flashmicro.dir/D_/ProgramFiles/Raspberry_Pi/Pico_SDK_v1.5.1/pico-sdk/lib/tinyusb/src/device/usbd.c.obj
                0x100056bc                usbd_defer_func
 *fill*         0x100056e6        0x2 
 .text.usbd_edpt_open
                0x100056e8       0x34 CMakeFiles/flashmicro.dir/D_/ProgramFiles/Raspberry_Pi/Pico_SDK_v1.5.1/pico-sdk/lib/tinyusb/src/device/usbd.c.obj
                0x100056e8                usbd_edpt_open
 .text.usbd_open_edpt_pair
                0x1000571c       0x62 CMakeFiles/flashmicro.dir/D_/ProgramFiles/Raspberry_Pi/Pico_SDK_v1.5.1/pico-sdk/lib/tinyusb/src/device/usbd.c.obj
                0x1000571c                usbd_open_edpt_pair
 *fill*         0x1000577e        0x2 
 .text.usbd_edpt_claim
                0x10005780       0x28 CMakeFiles/flashmicro.dir/D_/ProgramFiles/Raspberry_Pi/Pico_SDK_v1.5.1/pico-sdk/lib/tinyusb/src/device/usbd.c.obj
                0x10005780                usbd_edpt_claim
 .text.usbd_edpt_release
                0x100057a8       0x28 CMakeFiles/flashmicro.dir/D_/ProgramFiles/Raspberry_Pi/Pico_SDK_v1.5.1/pico-sdk/lib/tinyusb/src/device/usbd.c.obj
                0x100057a8                usbd_edpt_release
 .text.usbd_edpt_xfer
                0x100057d0       0x78 CMakeFiles/flashmicro.dir/D_/ProgramFiles/Raspberry_Pi/Pico_SDK_v1.5.1/pico-sdk/lib/tinyusb/src/device/usbd.c.obj
                0x100057d0                usbd_edpt_xfer
 .text.usbd_edpt_stall
                0x10005848       0x48 CMakeFiles/flashmicro.dir/D_/ProgramFiles/Raspberry_Pi/Pico_SDK_v1.5.1/pico-sdk/lib/tinyusb/src/device/usbd.c.obj
                0x10005848                usbd_edpt_stall
 .text.usbd_edpt_clear_stall
                0x10005890       0x48 CMakeFiles/flashmicro.dir/D_/ProgramFiles/Raspberry_Pi/Pico_SDK_v1.5.1/pico-sdk/lib/tinyusb/src/device/usbd.c.obj
                0x10005890                usbd_edpt_clear_stall
 .text.usbd_edpt_stalled
                0x100058d8       0x1c CMakeFiles/flashmicro.dir/D_/ProgramFiles/Raspberry_Pi/Pico_SDK_v1.5.1/pico-sdk/lib/tinyusb/src/device/usbd.c.obj
                0x100058d8                usbd_edpt_stalled
 .text.process_control_request
                0x100058f4      0x37c CMakeFiles/flashmicro.dir/D_/ProgramFiles/Raspberry_Pi/Pico_SDK_v1.5.1/pico-sdk/lib/tinyusb/src/device/usbd.c.obj
 .text.tud_task_ext
                0x10005c70      0x1b8 CMakeFiles/flashmicro.dir/D_/ProgramFiles/Raspberry_Pi/Pico_SDK_v1.5.1/pico-sdk/lib/tinyusb/src/device/usbd.c.obj
                0x10005c70                tud_task_ext
 .text._data_stage_xact
                0x10005e28       0x58 CMakeFiles/flashmicro.dir/D_/ProgramFiles/Raspberry_Pi/Pico_SDK_v1.5.1/pico-sdk/lib/tinyusb/src/device/usbd_control.c.obj
 .text.tud_control_status
                0x10005e80       0x38 CMakeFiles/flashmicro.dir/D_/ProgramFiles/Raspberry_Pi/Pico_SDK_v1.5.1/pico-sdk/lib/tinyusb/src/device/usbd_control.c.obj
                0x10005e80                tud_control_status
 .text.tud_control_xfer
                0x10005eb8       0x74 CMakeFiles/flashmicro.dir/D_/ProgramFiles/Raspberry_Pi/Pico_SDK_v1.5.1/pico-sdk/lib/tinyusb/src/device/usbd_control.c.obj
                0x10005eb8                tud_control_xfer
 .text.usbd_control_reset
                0x10005f2c       0x14 CMakeFiles/flashmicro.dir/D_/ProgramFiles/Raspberry_Pi/Pico_SDK_v1.5.1/pico-sdk/lib/tinyusb/src/device/usbd_control.c.obj
                0x10005f2c                usbd_control_reset
 .text.usbd_control_set_complete_callback
                0x10005f40        0xc CMakeFiles/flashmicro.dir/D_/ProgramFiles/Raspberry_Pi/Pico_SDK_v1.5.1/pico-sdk/lib/tinyusb/src/device/usbd_control.c.obj
                0x10005f40                usbd_control_set_complete_callback
 .text.usbd_control_set_request
                0x10005f4c       0x1c CMakeFiles/flashmicro.dir/D_/ProgramFiles/Raspberry_Pi/Pico_SDK_v1.5.1/pico-sdk/lib/tinyusb/src/device/usbd_control.c.obj
                0x10005f4c                usbd_control_set_request
 .text.usbd_control_xfer_cb
                0x10005f68       0xcc CMakeFiles/flashmicro.dir/D_/ProgramFiles/Raspberry_Pi/Pico_SDK_v1.5.1/pico-sdk/lib/tinyusb/src/device/usbd_control.c.obj
                0x10005f68                usbd_control_xfer_cb
 .text._prep_out_transaction
                0x10006034       0x4a CMakeFiles/flashmicro.dir/D_/ProgramFiles/Raspberry_Pi/Pico_SDK_v1.5.1/pico-sdk/lib/tinyusb/src/class/cdc/cdc_device.c.obj
 *fill*         0x1000607e        0x2 
 .text.tud_cdc_n_connected
                0x10006080       0x44 CMakeFiles/flashmicro.dir/D_/ProgramFiles/Raspberry_Pi/Pico_SDK_v1.5.1/pico-sdk/lib/tinyusb/src/class/cdc/cdc_device.c.obj
                0x10006080                tud_cdc_n_connected
 .text.tud_cdc_n_available
                0x100060c4       0x18 CMakeFiles/flashmicro.dir/D_/ProgramFiles/Raspberry_Pi/Pico_SDK_v1.5.1/pico-sdk/lib/tinyusb/src/class/cdc/cdc_device.c.obj
                0x100060c4                tud_cdc_n_available
 .text.tud_cdc_n_read
                0x100060dc       0x28 CMakeFiles/flashmicro.dir/D_/ProgramFiles/Raspberry_Pi/Pico_SDK_v1.5.1/pico-sdk/lib/tinyusb/src/class/cdc/cdc_device.c.obj
                0x100060dc                tud_cdc_n_read
 .text.tud_cdc_n_write_flush
                0x10006104       0xb8 CMakeFiles/flashmicro.dir/D_/ProgramFiles/Raspberry_Pi/Pico_SDK_v1.5.1/pico-sdk/lib/tinyusb/src/class/cdc/cdc_device.c.obj
                0x10006104                tud_cdc_n_write_flush
 .text.tud_cdc_n_write
                0x100061bc       0x38 CMakeFiles/flashmicro.dir/D_/ProgramFiles/Raspberry_Pi/Pico_SDK_v1.5.1/pico-sdk/lib/tinyusb/src/class/cdc/cdc_device.c.obj
                0x100061bc                tud_cdc_n_write
 .text.tud_cdc_n_write_available
                0x100061f4       0x1c CMakeFiles/flashmicro.dir/D_/ProgramFiles/Raspberry_Pi/Pico_SDK_v1.5.1/pico-sdk/lib/tinyusb/src/class/cdc/cdc_device.c.obj
                0x100061f4                tud_cdc_n_write_available
 .text.cdcd_init
                0x10006210       0xbc CMakeFiles/flashmicro.dir/D_/ProgramFiles/Raspberry_Pi/Pico_SDK_v1.5.1/pico-sdk/lib/tinyusb/src/class/cdc/cdc_device.c.obj
                0x10006210                cdcd_init
 .text.cdcd_reset
                0x100062cc       0x44 CMakeFiles/flashmicro.dir/D_/ProgramFiles/Raspberry_Pi/Pico_SDK_v1.5.1/pico-sdk/lib/tinyusb/src/class/cdc/cdc_device.c.obj
                0x100062cc                cdcd_reset
 .text.cdcd_open
                0x10006310       0xcc CMakeFiles/flashmicro.dir/D_/ProgramFiles/Raspberry_Pi/Pico_SDK_v1.5.1/pico-sdk/lib/tinyusb/src/class/cdc/cdc_device.c.obj
                0x10006310                cdcd_open
 .text.cdcd_control_xfer_cb
                0x100063dc      0x134 CMakeFiles/flashmicro.dir/D_/ProgramFiles/Raspberry_Pi/Pico_SDK_v1.5.1/pico-sdk/lib/tinyusb/src/class/cdc/cdc_device.c.obj
                0x100063dc                cdcd_control_xfer_cb
 .text.cdcd_xfer_cb
                0x10006510      0x130 CMakeFiles/flashmicro.dir/D_/ProgramFiles/Raspberry_Pi/Pico_SDK_v1.5.1/pico-sdk/lib/tinyusb/src/class/cdc/cdc_device.c.obj
                0x10006510                cdcd_xfer_cb
 .text.tusb_init
                0x10006640        0xa CMakeFiles/flashmicro.dir/D_/ProgramFiles/Raspberry_Pi/Pico_SDK_v1.5.1/pico-sdk/lib/tinyusb/src/tusb.c.obj
                0x10006640                tusb_init
 .text.tusb_inited
                0x1000664a        0xe CMakeFiles/flashmicro.dir/D_/ProgramFiles/Raspberry_Pi/Pico_SDK_v1.5.1/pico-sdk/lib/tinyusb/src/tusb.c.obj
                0x1000664a                tusb_inited
 .text.tu_edpt_claim
                0x10006658       0x50 CMakeFiles/flashmicro.dir/D_/ProgramFiles/Raspberry_Pi/Pico_SDK_v1.5.1/pico-sdk/lib/tinyusb/src/tusb.c.obj
                0x10006658                tu_edpt_claim
 .text.tu_edpt_release
                0x100066a8       0x3c CMakeFiles/flashmicro.dir/D_/ProgramFiles/Raspberry_Pi/Pico_SDK_v1.5.1/pico-sdk/lib/tinyusb/src/tusb.c.obj
                0x100066a8                tu_edpt_release
 .text.tu_edpt_validate
                0x100066e4       0x78 CMakeFiles/flashmicro.dir/D_/ProgramFiles/Raspberry_Pi/Pico_SDK_v1.5.1/pico-sdk/lib/tinyusb/src/tusb.c.obj
                0x100066e4                tu_edpt_validate
 .text.tu_edpt_bind_driver
                0x1000675c       0x26 CMakeFiles/flashmicro.dir/D_/ProgramFiles/Raspberry_Pi/Pico_SDK_v1.5.1/pico-sdk/lib/tinyusb/src/tusb.c.obj
                0x1000675c                tu_edpt_bind_driver
 .text.advance_index
                0x10006782       0x1a CMakeFiles/flashmicro.dir/D_/ProgramFiles/Raspberry_Pi/Pico_SDK_v1.5.1/pico-sdk/lib/tinyusb/src/common/tusb_fifo.c.obj
 .text._tu_fifo_peek
                0x1000679c       0x56 CMakeFiles/flashmicro.dir/D_/ProgramFiles/Raspberry_Pi/Pico_SDK_v1.5.1/pico-sdk/lib/tinyusb/src/common/tusb_fifo.c.obj
 .text._ff_pull_const_addr
                0x100067f2       0x4c CMakeFiles/flashmicro.dir/D_/ProgramFiles/Raspberry_Pi/Pico_SDK_v1.5.1/pico-sdk/lib/tinyusb/src/common/tusb_fifo.c.obj
 .text._ff_pull_n
                0x1000683e      0x110 CMakeFiles/flashmicro.dir/D_/ProgramFiles/Raspberry_Pi/Pico_SDK_v1.5.1/pico-sdk/lib/tinyusb/src/common/tusb_fifo.c.obj
 .text._tu_fifo_peek_n
                0x1000694e       0x6a CMakeFiles/flashmicro.dir/D_/ProgramFiles/Raspberry_Pi/Pico_SDK_v1.5.1/pico-sdk/lib/tinyusb/src/common/tusb_fifo.c.obj
 .text._tu_fifo_read_n
                0x100069b8       0x4e CMakeFiles/flashmicro.dir/D_/ProgramFiles/Raspberry_Pi/Pico_SDK_v1.5.1/pico-sdk/lib/tinyusb/src/common/tusb_fifo.c.obj
 .text._ff_push_const_addr
                0x10006a06       0x40 CMakeFiles/flashmicro.dir/D_/ProgramFiles/Raspberry_Pi/Pico_SDK_v1.5.1/pico-sdk/lib/tinyusb/src/common/tusb_fifo.c.obj
 .text._ff_push_n
                0x10006a46      0x10c CMakeFiles/flashmicro.dir/D_/ProgramFiles/Raspberry_Pi/Pico_SDK_v1.5.1/pico-sdk/lib/tinyusb/src/common/tusb_fifo.c.obj
 .text._tu_fifo_write_n
                0x10006b52       0xf0 CMakeFiles/flashmicro.dir/D_/ProgramFiles/Raspberry_Pi/Pico_SDK_v1.5.1/pico-sdk/lib/tinyusb/src/common/tusb_fifo.c.obj
 .text.tu_fifo_config
                0x10006c42       0x7c CMakeFiles/flashmicro.dir/D_/ProgramFiles/Raspberry_Pi/Pico_SDK_v1.5.1/pico-sdk/lib/tinyusb/src/common/tusb_fifo.c.obj
                0x10006c42                tu_fifo_config
 .text.tu_fifo_count
                0x10006cbe       0x2a CMakeFiles/flashmicro.dir/D_/ProgramFiles/Raspberry_Pi/Pico_SDK_v1.5.1/pico-sdk/lib/tinyusb/src/common/tusb_fifo.c.obj
                0x10006cbe                tu_fifo_count
 .text.tu_fifo_empty
                0x10006ce8       0x10 CMakeFiles/flashmicro.dir/D_/ProgramFiles/Raspberry_Pi/Pico_SDK_v1.5.1/pico-sdk/lib/tinyusb/src/common/tusb_fifo.c.obj
                0x10006ce8                tu_fifo_empty
 .text.tu_fifo_full
                0x10006cf8       0x28 CMakeFiles/flashmicro.dir/D_/ProgramFiles/Raspberry_Pi/Pico_SDK_v1.5.1/pico-sdk/lib/tinyusb/src/common/tusb_fifo.c.obj
                0x10006cf8                tu_fifo_full
 .text.tu_fifo_remaining
                0x10006d20       0x2c CMakeFiles/flashmicro.dir/D_/ProgramFiles/Raspberry_Pi/Pico_SDK_v1.5.1/pico-sdk/lib/tinyusb/src/common/tusb_fifo.c.obj
                0x10006d20                tu_fifo_remaining
 .text.tu_fifo_read
                0x10006d4c       0x42 CMakeFiles/flashmicro.dir/D_/ProgramFiles/Raspberry_Pi/Pico_SDK_v1.5.1/pico-sdk/lib/tinyusb/src/common/tusb_fifo.c.obj
                0x10006d4c                tu_fifo_read
 .text.tu_fifo_read_n
                0x10006d8e        0xa CMakeFiles/flashmicro.dir/D_/ProgramFiles/Raspberry_Pi/Pico_SDK_v1.5.1/pico-sdk/lib/tinyusb/src/common/tusb_fifo.c.obj
                0x10006d8e                tu_fifo_read_n
 .text.tu_fifo_write
                0x10006d98       0x64 CMakeFiles/flashmicro.dir/D_/ProgramFiles/Raspberry_Pi/Pico_SDK_v1.5.1/pico-sdk/lib/tinyusb/src/common/tusb_fifo.c.obj
                0x10006d98                tu_fifo_write
 .text.tu_fifo_write_n
                0x10006dfc        0xa CMakeFiles/flashmicro.dir/D_/ProgramFiles/Raspberry_Pi/Pico_SDK_v1.5.1/pico-sdk/lib/tinyusb/src/common/tusb_fifo.c.obj
                0x10006dfc                tu_fifo_write_n
 .text.tu_fifo_clear
                0x10006e06       0x3e CMakeFiles/flashmicro.dir/D_/ProgramFiles/Raspberry_Pi/Pico_SDK_v1.5.1/pico-sdk/lib/tinyusb/src/common/tusb_fifo.c.obj
                0x10006e06                tu_fifo_clear
 .text.tu_fifo_set_overwritable
                0x10006e44       0x46 CMakeFiles/flashmicro.dir/D_/ProgramFiles/Raspberry_Pi/Pico_SDK_v1.5.1/pico-sdk/lib/tinyusb/src/common/tusb_fifo.c.obj
                0x10006e44                tu_fifo_set_overwritable
 .text.spi_set_baudrate
                0x10006e8a       0xcc CMakeFiles/flashmicro.dir/D_/ProgramFiles/Raspberry_Pi/Pico_SDK_v1.5.1/pico-sdk/src/rp2_common/hardware_spi/spi.c.obj
                0x10006e8a                spi_set_baudrate
 *fill*         0x10006f56        0x2 
 .text.spi_init
                0x10006f58       0x74 CMakeFiles/flashmicro.dir/D_/ProgramFiles/Raspberry_Pi/Pico_SDK_v1.5.1/pico-sdk/src/rp2_common/hardware_spi/spi.c.obj
                0x10006f58                spi_init
 .text.ld_word  0x10006fcc        0xa CMakeFiles/flashmicro.dir/no-OS-FatFS-SD-SPI-RPi-Pico/FatFs_SPI/ff15/source/ff.c.obj
 .text.ld_dword
                0x10006fd6       0x18 CMakeFiles/flashmicro.dir/no-OS-FatFS-SD-SPI-RPi-Pico/FatFs_SPI/ff15/source/ff.c.obj
 .text.ld_qword
                0x10006fee       0x42 CMakeFiles/flashmicro.dir/no-OS-FatFS-SD-SPI-RPi-Pico/FatFs_SPI/ff15/source/ff.c.obj
 .text.clear_share
                0x10007030       0x24 CMakeFiles/flashmicro.dir/no-OS-FatFS-SD-SPI-RPi-Pico/FatFs_SPI/ff15/source/ff.c.obj
 .text.clst2sect
                0x10007054       0x28 CMakeFiles/flashmicro.dir/no-OS-FatFS-SD-SPI-RPi-Pico/FatFs_SPI/ff15/source/ff.c.obj
 .text.get_ldnumber
                0x1000707c       0x5c CMakeFiles/flashmicro.dir/no-OS-FatFS-SD-SPI-RPi-Pico/FatFs_SPI/ff15/source/ff.c.obj
 .text.crc32    0x100070d8       0x2c CMakeFiles/flashmicro.dir/no-OS-FatFS-SD-SPI-RPi-Pico/FatFs_SPI/ff15/source/ff.c.obj
 .text.test_gpt_header
                0x10007104       0x7c CMakeFiles/flashmicro.dir/no-OS-FatFS-SD-SPI-RPi-Pico/FatFs_SPI/ff15/source/ff.c.obj
 .text.sync_window
                0x10007180       0x70 CMakeFiles/flashmicro.dir/no-OS-FatFS-SD-SPI-RPi-Pico/FatFs_SPI/ff15/source/ff.c.obj
 .text.move_window
                0x100071f0       0x4c CMakeFiles/flashmicro.dir/no-OS-FatFS-SD-SPI-RPi-Pico/FatFs_SPI/ff15/source/ff.c.obj
 .text.check_fs
                0x1000723c      0x100 CMakeFiles/flashmicro.dir/no-OS-FatFS-SD-SPI-RPi-Pico/FatFs_SPI/ff15/source/ff.c.obj
 .text.find_volume
                0x1000733c      0x14c CMakeFiles/flashmicro.dir/no-OS-FatFS-SD-SPI-RPi-Pico/FatFs_SPI/ff15/source/ff.c.obj
 .text.mount_volume
                0x10007488      0x540 CMakeFiles/flashmicro.dir/no-OS-FatFS-SD-SPI-RPi-Pico/FatFs_SPI/ff15/source/ff.c.obj
 .text.f_mount  0x100079c8       0x60 CMakeFiles/flashmicro.dir/no-OS-FatFS-SD-SPI-RPi-Pico/FatFs_SPI/ff15/source/ff.c.obj
                0x100079c8                f_mount
 .text.sd_spi_deselect
                0x10007a28       0x26 CMakeFiles/flashmicro.dir/no-OS-FatFS-SD-SPI-RPi-Pico/FatFs_SPI/sd_driver/sd_spi.c.obj
 .text.sd_spi_select
                0x10007a4e       0x26 CMakeFiles/flashmicro.dir/no-OS-FatFS-SD-SPI-RPi-Pico/FatFs_SPI/sd_driver/sd_spi.c.obj
 .text.sd_spi_lock
                0x10007a74        0xa CMakeFiles/flashmicro.dir/no-OS-FatFS-SD-SPI-RPi-Pico/FatFs_SPI/sd_driver/sd_spi.c.obj
 .text.sd_spi_unlock
                0x10007a7e        0xa CMakeFiles/flashmicro.dir/no-OS-FatFS-SD-SPI-RPi-Pico/FatFs_SPI/sd_driver/sd_spi.c.obj
 .text.sd_spi_go_high_frequency
                0x10007a88        0xe CMakeFiles/flashmicro.dir/no-OS-FatFS-SD-SPI-RPi-Pico/FatFs_SPI/sd_driver/sd_spi.c.obj
                0x10007a88                sd_spi_go_high_frequency
 *fill*         0x10007a96        0x2 
 .text.sd_spi_go_low_frequency
                0x10007a98       0x14 CMakeFiles/flashmicro.dir/no-OS-FatFS-SD-SPI-RPi-Pico/FatFs_SPI/sd_driver/sd_spi.c.obj
                0x10007a98                sd_spi_go_low_frequency
 .text.sd_spi_deselect_pulse
                0x10007aac       0x10 CMakeFiles/flashmicro.dir/no-OS-FatFS-SD-SPI-RPi-Pico/FatFs_SPI/sd_driver/sd_spi.c.obj
                0x10007aac                sd_spi_deselect_pulse
 .text.sd_spi_acquire
                0x10007abc       0x10 CMakeFiles/flashmicro.dir/no-OS-FatFS-SD-SPI-RPi-Pico/FatFs_SPI/sd_driver/sd_spi.c.obj
                0x10007abc                sd_spi_acquire
 .text.sd_spi_release
                0x10007acc       0x10 CMakeFiles/flashmicro.dir/no-OS-FatFS-SD-SPI-RPi-Pico/FatFs_SPI/sd_driver/sd_spi.c.obj
                0x10007acc                sd_spi_release
 .text.sd_spi_transfer
                0x10007adc        0xa CMakeFiles/flashmicro.dir/no-OS-FatFS-SD-SPI-RPi-Pico/FatFs_SPI/sd_driver/sd_spi.c.obj
                0x10007adc                sd_spi_transfer
 *fill*         0x10007ae6        0x2 
 .text.sd_spi_write
                0x10007ae8       0x44 CMakeFiles/flashmicro.dir/no-OS-FatFS-SD-SPI-RPi-Pico/FatFs_SPI/sd_driver/sd_spi.c.obj
                0x10007ae8                sd_spi_write
 .text.sd_spi_send_initializing_sequence
                0x10007b2c       0xc0 CMakeFiles/flashmicro.dir/no-OS-FatFS-SD-SPI-RPi-Pico/FatFs_SPI/sd_driver/sd_spi.c.obj
                0x10007b2c                sd_spi_send_initializing_sequence
 .text.in_spi_irq_handler
                0x10007bec       0x90 CMakeFiles/flashmicro.dir/no-OS-FatFS-SD-SPI-RPi-Pico/FatFs_SPI/sd_driver/spi.c.obj
 .text.spi_lock
                0x10007c7c       0x28 CMakeFiles/flashmicro.dir/no-OS-FatFS-SD-SPI-RPi-Pico/FatFs_SPI/sd_driver/spi.c.obj
                0x10007c7c                spi_lock
 .text.spi_unlock
                0x10007ca4       0x28 CMakeFiles/flashmicro.dir/no-OS-FatFS-SD-SPI-RPi-Pico/FatFs_SPI/sd_driver/spi.c.obj
                0x10007ca4                spi_unlock
 .text.my_spi_init
                0x10007ccc      0x2b4 CMakeFiles/flashmicro.dir/no-OS-FatFS-SD-SPI-RPi-Pico/FatFs_SPI/sd_driver/spi.c.obj
                0x10007ccc                my_spi_init
 .text.ext_bits
                0x10007f80       0x30 CMakeFiles/flashmicro.dir/no-OS-FatFS-SD-SPI-RPi-Pico/FatFs_SPI/sd_driver/sd_card.c.obj
 .text.sd_ctor  0x10007fb0       0x30 CMakeFiles/flashmicro.dir/no-OS-FatFS-SD-SPI-RPi-Pico/FatFs_SPI/sd_driver/sd_card.c.obj
 .text.sd_lock  0x10007fe0       0x30 CMakeFiles/flashmicro.dir/no-OS-FatFS-SD-SPI-RPi-Pico/FatFs_SPI/sd_driver/sd_card.c.obj
 .text.sd_acquire
                0x10008010       0x10 CMakeFiles/flashmicro.dir/no-OS-FatFS-SD-SPI-RPi-Pico/FatFs_SPI/sd_driver/sd_card.c.obj
 .text.sd_cmd_spi
                0x10008020       0x74 CMakeFiles/flashmicro.dir/no-OS-FatFS-SD-SPI-RPi-Pico/FatFs_SPI/sd_driver/sd_card.c.obj
 .text.sd_unlock
                0x10008094       0x30 CMakeFiles/flashmicro.dir/no-OS-FatFS-SD-SPI-RPi-Pico/FatFs_SPI/sd_driver/sd_card.c.obj
 .text.sd_release
                0x100080c4       0x10 CMakeFiles/flashmicro.dir/no-OS-FatFS-SD-SPI-RPi-Pico/FatFs_SPI/sd_driver/sd_card.c.obj
 .text.sd_wait_token
                0x100080d4       0x9c CMakeFiles/flashmicro.dir/no-OS-FatFS-SD-SPI-RPi-Pico/FatFs_SPI/sd_driver/sd_card.c.obj
 .text.sd_read_bytes
                0x10008170       0x90 CMakeFiles/flashmicro.dir/no-OS-FatFS-SD-SPI-RPi-Pico/FatFs_SPI/sd_driver/sd_card.c.obj
 .text.sd_read_block
                0x10008200       0x8c CMakeFiles/flashmicro.dir/no-OS-FatFS-SD-SPI-RPi-Pico/FatFs_SPI/sd_driver/sd_card.c.obj
 .text.sd_wait_ready
                0x1000828c       0xb8 CMakeFiles/flashmicro.dir/no-OS-FatFS-SD-SPI-RPi-Pico/FatFs_SPI/sd_driver/sd_card.c.obj
 .text.sd_cmd   0x10008344      0x2f4 CMakeFiles/flashmicro.dir/no-OS-FatFS-SD-SPI-RPi-Pico/FatFs_SPI/sd_driver/sd_card.c.obj
 .text.sd_cmd8  0x10008638       0x50 CMakeFiles/flashmicro.dir/no-OS-FatFS-SD-SPI-RPi-Pico/FatFs_SPI/sd_driver/sd_card.c.obj
 .text.sd_sectors_nolock
                0x10008688      0x148 CMakeFiles/flashmicro.dir/no-OS-FatFS-SD-SPI-RPi-Pico/FatFs_SPI/sd_driver/sd_card.c.obj
 .text.in_sd_read_blocks
                0x100087d0       0xbc CMakeFiles/flashmicro.dir/no-OS-FatFS-SD-SPI-RPi-Pico/FatFs_SPI/sd_driver/sd_card.c.obj
 .text.sd_read_blocks
                0x1000888c       0x2e CMakeFiles/flashmicro.dir/no-OS-FatFS-SD-SPI-RPi-Pico/FatFs_SPI/sd_driver/sd_card.c.obj
                0x1000888c                sd_read_blocks
 *fill*         0x100088ba        0x2 
 .text.sd_go_idle_state
                0x100088bc       0x44 CMakeFiles/flashmicro.dir/no-OS-FatFS-SD-SPI-RPi-Pico/FatFs_SPI/sd_driver/sd_card.c.obj
 .text.sd_init_medium
                0x10008900      0x188 CMakeFiles/flashmicro.dir/no-OS-FatFS-SD-SPI-RPi-Pico/FatFs_SPI/sd_driver/sd_card.c.obj
 .text.sd_write_block
                0x10008a88       0x8c CMakeFiles/flashmicro.dir/no-OS-FatFS-SD-SPI-RPi-Pico/FatFs_SPI/sd_driver/sd_card.c.obj
 .text.in_sd_write_blocks
                0x10008b14       0xf8 CMakeFiles/flashmicro.dir/no-OS-FatFS-SD-SPI-RPi-Pico/FatFs_SPI/sd_driver/sd_card.c.obj
 .text.sd_write_blocks
                0x10008c0c       0x2e CMakeFiles/flashmicro.dir/no-OS-FatFS-SD-SPI-RPi-Pico/FatFs_SPI/sd_driver/sd_card.c.obj
                0x10008c0c                sd_write_blocks
 .text.sd_test_com
                0x10008c3a       0x9a CMakeFiles/flashmicro.dir/no-OS-FatFS-SD-SPI-RPi-Pico/FatFs_SPI/sd_driver/sd_card.c.obj
 .text.sd_get_num
                0x10008cd4        0x4 CMakeFiles/flashmicro.dir/no-OS-FatFS-SD-SPI-RPi-Pico/FatFs_SPI/sd_driver/sd_card.c.obj
                0x10008cd4                sd_get_num
 .text.sd_get_by_num
                0x10008cd8       0x20 CMakeFiles/flashmicro.dir/no-OS-FatFS-SD-SPI-RPi-Pico/FatFs_SPI/sd_driver/sd_card.c.obj
                0x10008cd8                sd_get_by_num
 .text.spi_get_num
                0x10008cf8        0x4 CMakeFiles/flashmicro.dir/no-OS-FatFS-SD-SPI-RPi-Pico/FatFs_SPI/sd_driver/sd_card.c.obj
                0x10008cf8                spi_get_num
 .text.spi_get_by_num
                0x10008cfc       0x20 CMakeFiles/flashmicro.dir/no-OS-FatFS-SD-SPI-RPi-Pico/FatFs_SPI/sd_driver/sd_card.c.obj
                0x10008cfc                spi_get_by_num
 .text.sd_card_detect
                0x10008d1c       0x50 CMakeFiles/flashmicro.dir/no-OS-FatFS-SD-SPI-RPi-Pico/FatFs_SPI/sd_driver/sd_card.c.obj
                0x10008d1c                sd_card_detect
 .text.sd_init  0x10008d6c       0xe8 CMakeFiles/flashmicro.dir/no-OS-FatFS-SD-SPI-RPi-Pico/FatFs_SPI/sd_driver/sd_card.c.obj
 .text.sd_init_driver
                0x10008e54       0xc0 CMakeFiles/flashmicro.dir/no-OS-FatFS-SD-SPI-RPi-Pico/FatFs_SPI/sd_driver/sd_card.c.obj
                0x10008e54                sd_init_driver
 .text.crc7     0x10008f14       0x20 CMakeFiles/flashmicro.dir/no-OS-FatFS-SD-SPI-RPi-Pico/FatFs_SPI/sd_driver/crc.c.obj
                0x10008f14                crc7
 .text.crc16    0x10008f34       0x28 CMakeFiles/flashmicro.dir/no-OS-FatFS-SD-SPI-RPi-Pico/FatFs_SPI/sd_driver/crc.c.obj
                0x10008f34                crc16
 .text.sdrc2dresult
                0x10008f5c       0x60 CMakeFiles/flashmicro.dir/no-OS-FatFS-SD-SPI-RPi-Pico/FatFs_SPI/src/glue.c.obj
 .text.disk_status
                0x10008fbc       0x16 CMakeFiles/flashmicro.dir/no-OS-FatFS-SD-SPI-RPi-Pico/FatFs_SPI/src/glue.c.obj
                0x10008fbc                disk_status
 .text.disk_initialize
                0x10008fd2       0x2a CMakeFiles/flashmicro.dir/no-OS-FatFS-SD-SPI-RPi-Pico/FatFs_SPI/src/glue.c.obj
                0x10008fd2                disk_initialize
 .text.disk_read
                0x10008ffc       0x32 CMakeFiles/flashmicro.dir/no-OS-FatFS-SD-SPI-RPi-Pico/FatFs_SPI/src/glue.c.obj
                0x10008ffc                disk_read
 .text.disk_write
                0x1000902e       0x32 CMakeFiles/flashmicro.dir/no-OS-FatFS-SD-SPI-RPi-Pico/FatFs_SPI/src/glue.c.obj
                0x1000902e                disk_write
 .text.my_printf
                0x10009060       0x4c CMakeFiles/flashmicro.dir/no-OS-FatFS-SD-SPI-RPi-Pico/FatFs_SPI/src/my_debug.c.obj
                0x10009060                my_printf
 .text.my_assert_func
                0x100090ac       0x2c CMakeFiles/flashmicro.dir/no-OS-FatFS-SD-SPI-RPi-Pico/FatFs_SPI/src/my_debug.c.obj
                0x100090ac                my_assert_func
 .text.dma_claim_unused_channel
                0x100090d8       0x20 CMakeFiles/flashmicro.dir/D_/ProgramFiles/Raspberry_Pi/Pico_SDK_v1.5.1/pico-sdk/src/rp2_common/hardware_dma/dma.c.obj
                0x100090d8                dma_claim_unused_channel
 .text.__sflush_r
                0x100090f8      0x140 d:/programfiles/raspberry pi/pico sdk v1.5.1/gcc-arm-none-eabi/bin/../lib/gcc/arm-none-eabi/10.3.1/../../../../arm-none-eabi/lib/thumb/v6-m/nofp\libg.a(lib_a-fflush.o)
                0x100090f8                __sflush_r
 .text._fflush_r
                0x10009238       0x6c d:/programfiles/raspberry pi/pico sdk v1.5.1/gcc-arm-none-eabi/bin/../lib/gcc/arm-none-eabi/10.3.1/../../../../arm-none-eabi/lib/thumb/v6-m/nofp\libg.a(lib_a-fflush.o)
                0x10009238                _fflush_r
 .text.fflush   0x100092a4       0x78 d:/programfiles/raspberry pi/pico sdk v1.5.1/gcc-arm-none-eabi/bin/../lib/gcc/arm-none-eabi/10.3.1/../../../../arm-none-eabi/lib/thumb/v6-m/nofp\libg.a(lib_a-fflush.o)
                0x100092a4                fflush
 .text._cleanup_r
                0x1000931c       0x10 d:/programfiles/raspberry pi/pico sdk v1.5.1/gcc-arm-none-eabi/bin/../lib/gcc/arm-none-eabi/10.3.1/../../../../arm-none-eabi/lib/thumb/v6-m/nofp\libg.a(lib_a-findfp.o)
                0x1000931c                _cleanup_r
 .text.__sinit  0x1000932c      0x120 d:/programfiles/raspberry pi/pico sdk v1.5.1/gcc-arm-none-eabi/bin/../lib/gcc/arm-none-eabi/10.3.1/../../../../arm-none-eabi/lib/thumb/v6-m/nofp\libg.a(lib_a-findfp.o)
                0x1000932c                __sinit
 .text.__sfp_lock_acquire
                0x1000944c       0x10 d:/programfiles/raspberry pi/pico sdk v1.5.1/gcc-arm-none-eabi/bin/../lib/gcc/arm-none-eabi/10.3.1/../../../../arm-none-eabi/lib/thumb/v6-m/nofp\libg.a(lib_a-findfp.o)
                0x1000944c                __sfp_lock_acquire
 .text.__sfp_lock_release
                0x1000945c       0x10 d:/programfiles/raspberry pi/pico sdk v1.5.1/gcc-arm-none-eabi/bin/../lib/gcc/arm-none-eabi/10.3.1/../../../../arm-none-eabi/lib/thumb/v6-m/nofp\libg.a(lib_a-findfp.o)
                0x1000945c                __sfp_lock_release
 .text._malloc_trim_r
                0x1000946c       0x9c d:/programfiles/raspberry pi/pico sdk v1.5.1/gcc-arm-none-eabi/bin/../lib/gcc/arm-none-eabi/10.3.1/../../../../arm-none-eabi/lib/thumb/v6-m/nofp\libg.a(lib_a-freer.o)
                0x1000946c                _malloc_trim_r
 .text._free_r  0x10009508      0x1c4 d:/programfiles/raspberry pi/pico sdk v1.5.1/gcc-arm-none-eabi/bin/../lib/gcc/arm-none-eabi/10.3.1/../../../../arm-none-eabi/lib/thumb/v6-m/nofp\libg.a(lib_a-freer.o)
                0x10009508                _free_r
 .text._fwalk_reent
                0x100096cc       0x48 d:/programfiles/raspberry pi/pico sdk v1.5.1/gcc-arm-none-eabi/bin/../lib/gcc/arm-none-eabi/10.3.1/../../../../arm-none-eabi/lib/thumb/v6-m/nofp\libg.a(lib_a-fwalk.o)
                0x100096cc                _fwalk_reent
 .text.gmtime   0x10009714       0x14 d:/programfiles/raspberry pi/pico sdk v1.5.1/gcc-arm-none-eabi/bin/../lib/gcc/arm-none-eabi/10.3.1/../../../../arm-none-eabi/lib/thumb/v6-m/nofp\libg.a(lib_a-gmtime.o)
                0x10009714                gmtime
 .text.gmtime_r
                0x10009728      0x1d4 d:/programfiles/raspberry pi/pico sdk v1.5.1/gcc-arm-none-eabi/bin/../lib/gcc/arm-none-eabi/10.3.1/../../../../arm-none-eabi/lib/thumb/v6-m/nofp\libg.a(lib_a-gmtime_r.o)
                0x10009728                gmtime_r
 .text.__retarget_lock_init_recursive
                0x100098fc        0x4 d:/programfiles/raspberry pi/pico sdk v1.5.1/gcc-arm-none-eabi/bin/../lib/gcc/arm-none-eabi/10.3.1/../../../../arm-none-eabi/lib/thumb/v6-m/nofp\libg.a(lib_a-lock.o)
                0x100098fc                __retarget_lock_init_recursive
 .text.__retarget_lock_close_recursive
                0x10009900        0x4 d:/programfiles/raspberry pi/pico sdk v1.5.1/gcc-arm-none-eabi/bin/../lib/gcc/arm-none-eabi/10.3.1/../../../../arm-none-eabi/lib/thumb/v6-m/nofp\libg.a(lib_a-lock.o)
                0x10009900                __retarget_lock_close_recursive
 .text.__retarget_lock_acquire_recursive
                0x10009904        0x4 d:/programfiles/raspberry pi/pico sdk v1.5.1/gcc-arm-none-eabi/bin/../lib/gcc/arm-none-eabi/10.3.1/../../../../arm-none-eabi/lib/thumb/v6-m/nofp\libg.a(lib_a-lock.o)
                0x10009904                __retarget_lock_acquire_recursive
 .text.__retarget_lock_release_recursive
                0x10009908        0x4 d:/programfiles/raspberry pi/pico sdk v1.5.1/gcc-arm-none-eabi/bin/../lib/gcc/arm-none-eabi/10.3.1/../../../../arm-none-eabi/lib/thumb/v6-m/nofp\libg.a(lib_a-lock.o)
                0x10009908                __retarget_lock_release_recursive
 .text.memcmp   0x1000990c       0x48 d:/programfiles/raspberry pi/pico sdk v1.5.1/gcc-arm-none-eabi/bin/../lib/gcc/arm-none-eabi/10.3.1/../../../../arm-none-eabi/lib/thumb/v6-m/nofp\libg.a(lib_a-memcmp.o)
                0x1000990c                memcmp
 .text.__malloc_lock
                0x10009954       0x10 d:/programfiles/raspberry pi/pico sdk v1.5.1/gcc-arm-none-eabi/bin/../lib/gcc/arm-none-eabi/10.3.1/../../../../arm-none-eabi/lib/thumb/v6-m/nofp\libg.a(lib_a-mlock.o)
                0x10009954                __malloc_lock
 .text.__malloc_unlock
                0x10009964       0x10 d:/programfiles/raspberry pi/pico sdk v1.5.1/gcc-arm-none-eabi/bin/../lib/gcc/arm-none-eabi/10.3.1/../../../../arm-none-eabi/lib/thumb/v6-m/nofp\libg.a(lib_a-mlock.o)
                0x10009964                __malloc_unlock
 .text._sbrk_r  0x10009974       0x24 d:/programfiles/raspberry pi/pico sdk v1.5.1/gcc-arm-none-eabi/bin/../lib/gcc/arm-none-eabi/10.3.1/../../../../arm-none-eabi/lib/thumb/v6-m/nofp\libg.a(lib_a-sbrkr.o)
                0x10009974                _sbrk_r
 .text.__sread  0x10009998       0x28 d:/programfiles/raspberry pi/pico sdk v1.5.1/gcc-arm-none-eabi/bin/../lib/gcc/arm-none-eabi/10.3.1/../../../../arm-none-eabi/lib/thumb/v6-m/nofp\libg.a(lib_a-stdio.o)
                0x10009998                __sread
 .text.__swrite
                0x100099c0       0x40 d:/programfiles/raspberry pi/pico sdk v1.5.1/gcc-arm-none-eabi/bin/../lib/gcc/arm-none-eabi/10.3.1/../../../../arm-none-eabi/lib/thumb/v6-m/nofp\libg.a(lib_a-stdio.o)
                0x100099c0                __swrite
 .text.__sseek  0x10009a00       0x2c d:/programfiles/raspberry pi/pico sdk v1.5.1/gcc-arm-none-eabi/bin/../lib/gcc/arm-none-eabi/10.3.1/../../../../arm-none-eabi/lib/thumb/v6-m/nofp\libg.a(lib_a-stdio.o)
                0x10009a00                __sseek
 .text.__sclose
                0x10009a2c        0xc d:/programfiles/raspberry pi/pico sdk v1.5.1/gcc-arm-none-eabi/bin/../lib/gcc/arm-none-eabi/10.3.1/../../../../arm-none-eabi/lib/thumb/v6-m/nofp\libg.a(lib_a-stdio.o)
                0x10009a2c                __sclose
 .text          0x10009a38       0x88 d:/programfiles/raspberry pi/pico sdk v1.5.1/gcc-arm-none-eabi/bin/../lib/gcc/arm-none-eabi/10.3.1/../../../../arm-none-eabi/lib/thumb/v6-m/nofp\libg.a(lib_a-strcmp.o)
                0x10009a38                strcmp
 .text.strlen   0x10009ac0       0x5c d:/programfiles/raspberry pi/pico sdk v1.5.1/gcc-arm-none-eabi/bin/../lib/gcc/arm-none-eabi/10.3.1/../../../../arm-none-eabi/lib/thumb/v6-m/nofp\libg.a(lib_a-strlen-stub.o)
                0x10009ac0                strlen
 .text._write_r
                0x10009b1c       0x28 d:/programfiles/raspberry pi/pico sdk v1.5.1/gcc-arm-none-eabi/bin/../lib/gcc/arm-none-eabi/10.3.1/../../../../arm-none-eabi/lib/thumb/v6-m/nofp\libg.a(lib_a-writer.o)
                0x10009b1c                _write_r
 .text._close_r
                0x10009b44       0x24 d:/programfiles/raspberry pi/pico sdk v1.5.1/gcc-arm-none-eabi/bin/../lib/gcc/arm-none-eabi/10.3.1/../../../../arm-none-eabi/lib/thumb/v6-m/nofp\libg.a(lib_a-closer.o)
                0x10009b44                _close_r
 .text._fclose_r
                0x10009b68       0xdc d:/programfiles/raspberry pi/pico sdk v1.5.1/gcc-arm-none-eabi/bin/../lib/gcc/arm-none-eabi/10.3.1/../../../../arm-none-eabi/lib/thumb/v6-m/nofp\libg.a(lib_a-fclose.o)
                0x10009b68                _fclose_r
 .text._lseek_r
                0x10009c44       0x28 d:/programfiles/raspberry pi/pico sdk v1.5.1/gcc-arm-none-eabi/bin/../lib/gcc/arm-none-eabi/10.3.1/../../../../arm-none-eabi/lib/thumb/v6-m/nofp\libg.a(lib_a-lseekr.o)
                0x10009c44                _lseek_r
 .text._read_r  0x10009c6c       0x28 d:/programfiles/raspberry pi/pico sdk v1.5.1/gcc-arm-none-eabi/bin/../lib/gcc/arm-none-eabi/10.3.1/../../../../arm-none-eabi/lib/thumb/v6-m/nofp\libg.a(lib_a-readr.o)
                0x10009c6c                _read_r
 *(.fini)
 .fini          0x10009c94        0x4 d:/programfiles/raspberry pi/pico sdk v1.5.1/gcc-arm-none-eabi/bin/../lib/gcc/arm-none-eabi/10.3.1/thumb/v6-m/nofp/crti.o
                0x10009c94                _fini
 .fini.__stub   0x10009c98      0x140 linker stubs
 *crtbegin.o(.ctors)
 *crtbegin?.o(.ctors)
 *(EXCLUDE_FILE(*crtend.o *crtend?.o) .ctors)
 *(SORT_BY_NAME(.ctors.*))
 *(.ctors)
 *crtbegin.o(.dtors)
 *crtbegin?.o(.dtors)
 *(EXCLUDE_FILE(*crtend.o *crtend?.o) .dtors)
 *(SORT_BY_NAME(.dtors.*))
 *(.dtors)
 *(.eh_frame*)
 .eh_frame      0x10009dd8        0x0 d:/programfiles/raspberry pi/pico sdk v1.5.1/gcc-arm-none-eabi/bin/../lib/gcc/arm-none-eabi/10.3.1/thumb/v6-m/nofp/crtbegin.o
                0x10009dd8                . = ALIGN (0x4)

.glue_7         0x10009dd8        0x0
 .glue_7        0x10009dd8        0x0 linker stubs

.glue_7t        0x10009dd8        0x0
 .glue_7t       0x10009dd8        0x0 linker stubs

.vfp11_veneer   0x10009dd8        0x0
 .vfp11_veneer  0x10009dd8        0x0 linker stubs

.v4_bx          0x10009dd8        0x0
 .v4_bx         0x10009dd8        0x0 linker stubs

.iplt           0x10009dd8        0x0
 .iplt          0x10009dd8        0x0 d:/programfiles/raspberry pi/pico sdk v1.5.1/gcc-arm-none-eabi/bin/../lib/gcc/arm-none-eabi/10.3.1/thumb/v6-m/nofp/crtbegin.o

.rodata         0x10009dd8     0x2998
 *(EXCLUDE_FILE(*libm.a: *libc.a:*lib_a-mem*.o *libgcc.a:) .rodata*)
 .rodata.initialise_sd.str1.4
                0x10009dd8       0x55 CMakeFiles/flashmicro.dir/flashmicro.c.obj
 *fill*         0x10009e2d        0x3 
 .rodata.get_system_time.str1.4
                0x10009e30       0x42 CMakeFiles/flashmicro.dir/flashmicro.c.obj
 *fill*         0x10009e72        0x2 
 .rodata.str1.4
                0x10009e74      0x16d CMakeFiles/flashmicro.dir/flashmicro.c.obj
                                0x175 (size before relaxing)
 *fill*         0x10009fe1        0x3 
 .rodata.main.str1.4
                0x10009fe4       0x4b CMakeFiles/flashmicro.dir/flashmicro.c.obj
 *fill*         0x1000a02f        0x1 
 .rodata.spin_lock_claim_unused.str1.4
                0x1000a030       0x1b CMakeFiles/flashmicro.dir/D_/ProgramFiles/Raspberry_Pi/Pico_SDK_v1.5.1/pico-sdk/src/rp2_common/hardware_sync/sync.c.obj
 *fill*         0x1000a04b        0x1 
 .rodata.make_branch.str1.4
                0x1000a04c       0x88 CMakeFiles/flashmicro.dir/D_/ProgramFiles/Raspberry_Pi/Pico_SDK_v1.5.1/pico-sdk/src/rp2_common/hardware_irq/irq.c.obj
 .rodata.insert_branch_and_link.str1.4
                0x1000a0d4       0x10 CMakeFiles/flashmicro.dir/D_/ProgramFiles/Raspberry_Pi/Pico_SDK_v1.5.1/pico-sdk/src/rp2_common/hardware_irq/irq.c.obj
 .rodata.irq_set_exclusive_handler.str1.4
                0x1000a0e4       0x36 CMakeFiles/flashmicro.dir/D_/ProgramFiles/Raspberry_Pi/Pico_SDK_v1.5.1/pico-sdk/src/rp2_common/hardware_irq/irq.c.obj
 *fill*         0x1000a11a        0x2 
 .rodata.irq_add_shared_handler.str1.4
                0x1000a11c       0xd9 CMakeFiles/flashmicro.dir/D_/ProgramFiles/Raspberry_Pi/Pico_SDK_v1.5.1/pico-sdk/src/rp2_common/hardware_irq/irq.c.obj
 *fill*         0x1000a1f5        0x3 
 .rodata.irq_remove_handler.str1.4
                0x1000a1f8       0x3a CMakeFiles/flashmicro.dir/D_/ProgramFiles/Raspberry_Pi/Pico_SDK_v1.5.1/pico-sdk/src/rp2_common/hardware_irq/irq.c.obj
 *fill*         0x1000a232        0x2 
 .rodata.irq_add_tail_to_free_list.str1.4
                0x1000a234       0x3a CMakeFiles/flashmicro.dir/D_/ProgramFiles/Raspberry_Pi/Pico_SDK_v1.5.1/pico-sdk/src/rp2_common/hardware_irq/irq.c.obj
 *fill*         0x1000a26e        0x2 
 .rodata.user_irq_claim_unused.str1.4
                0x1000a270       0x1b CMakeFiles/flashmicro.dir/D_/ProgramFiles/Raspberry_Pi/Pico_SDK_v1.5.1/pico-sdk/src/rp2_common/hardware_irq/irq.c.obj
 *fill*         0x1000a28b        0x1 
 .rodata.__func__.0
                0x1000a28c       0x1a CMakeFiles/flashmicro.dir/D_/ProgramFiles/Raspberry_Pi/Pico_SDK_v1.5.1/pico-sdk/src/rp2_common/hardware_irq/irq.c.obj
 *fill*         0x1000a2a6        0x2 
 .rodata.__func__.1
                0x1000a2a8       0x17 CMakeFiles/flashmicro.dir/D_/ProgramFiles/Raspberry_Pi/Pico_SDK_v1.5.1/pico-sdk/src/rp2_common/hardware_irq/irq.c.obj
 *fill*         0x1000a2bf        0x1 
 .rodata.__func__.2
                0x1000a2c0       0x13 CMakeFiles/flashmicro.dir/D_/ProgramFiles/Raspberry_Pi/Pico_SDK_v1.5.1/pico-sdk/src/rp2_common/hardware_irq/irq.c.obj
 *fill*         0x1000a2d3        0x1 
 .rodata.__func__.3
                0x1000a2d4        0xc CMakeFiles/flashmicro.dir/D_/ProgramFiles/Raspberry_Pi/Pico_SDK_v1.5.1/pico-sdk/src/rp2_common/hardware_irq/irq.c.obj
 .rodata.__func__.4
                0x1000a2e0        0xf CMakeFiles/flashmicro.dir/D_/ProgramFiles/Raspberry_Pi/Pico_SDK_v1.5.1/pico-sdk/src/rp2_common/hardware_irq/irq.c.obj
 *fill*         0x1000a2ef        0x1 
 .rodata.__func__.5
                0x1000a2f0       0x17 CMakeFiles/flashmicro.dir/D_/ProgramFiles/Raspberry_Pi/Pico_SDK_v1.5.1/pico-sdk/src/rp2_common/hardware_irq/irq.c.obj
 *fill*         0x1000a307        0x1 
 .rodata.__func__.6
                0x1000a308       0x1a CMakeFiles/flashmicro.dir/D_/ProgramFiles/Raspberry_Pi/Pico_SDK_v1.5.1/pico-sdk/src/rp2_common/hardware_irq/irq.c.obj
 *fill*         0x1000a322        0x2 
 .rodata.str1.4
                0x1000a324       0xf9 CMakeFiles/flashmicro.dir/D_/ProgramFiles/Raspberry_Pi/Pico_SDK_v1.5.1/pico-sdk/src/common/pico_sync/sem.c.obj
 *fill*         0x1000a41d        0x3 
 .rodata.__func__.0
                0x1000a420        0xa CMakeFiles/flashmicro.dir/D_/ProgramFiles/Raspberry_Pi/Pico_SDK_v1.5.1/pico-sdk/src/common/pico_sync/sem.c.obj
 *fill*         0x1000a42a        0x2 
 .rodata.__func__.1
                0x1000a42c       0x15 CMakeFiles/flashmicro.dir/D_/ProgramFiles/Raspberry_Pi/Pico_SDK_v1.5.1/pico-sdk/src/common/pico_sync/sem.c.obj
 *fill*         0x1000a441        0x3 
 .rodata.str1.4
                0x1000a444       0xa5 CMakeFiles/flashmicro.dir/D_/ProgramFiles/Raspberry_Pi/Pico_SDK_v1.5.1/pico-sdk/src/common/pico_sync/mutex.c.obj
                                0x121 (size before relaxing)
 *fill*         0x1000a4e9        0x3 
 .rodata.__func__.1
                0x1000a4ec        0xb CMakeFiles/flashmicro.dir/D_/ProgramFiles/Raspberry_Pi/Pico_SDK_v1.5.1/pico-sdk/src/common/pico_sync/mutex.c.obj
 *fill*         0x1000a4f7        0x1 
 .rodata.__func__.3
                0x1000a4f8       0x18 CMakeFiles/flashmicro.dir/D_/ProgramFiles/Raspberry_Pi/Pico_SDK_v1.5.1/pico-sdk/src/common/pico_sync/mutex.c.obj
 .rodata.__func__.4
                0x1000a510       0x15 CMakeFiles/flashmicro.dir/D_/ProgramFiles/Raspberry_Pi/Pico_SDK_v1.5.1/pico-sdk/src/common/pico_sync/mutex.c.obj
 *fill*         0x1000a525        0x3 
 .rodata.repeating_timer_callback.str1.4
                0x1000a528       0x66 CMakeFiles/flashmicro.dir/D_/ProgramFiles/Raspberry_Pi/Pico_SDK_v1.5.1/pico-sdk/src/common/pico_time/time.c.obj
 *fill*         0x1000a58e        0x2 
 .rodata.timer_pool_entry_comparator.str1.4
                0x1000a590       0x22 CMakeFiles/flashmicro.dir/D_/ProgramFiles/Raspberry_Pi/Pico_SDK_v1.5.1/pico-sdk/src/common/pico_time/time.c.obj
 *fill*         0x1000a5b2        0x2 
 .rodata.ph_add_child_node.str1.4
                0x1000a5b4       0xb2 CMakeFiles/flashmicro.dir/D_/ProgramFiles/Raspberry_Pi/Pico_SDK_v1.5.1/pico-sdk/src/common/pico_time/time.c.obj
 *fill*         0x1000a666        0x2 
 .rodata.add_alarm_under_lock.str1.4
                0x1000a668       0x28 CMakeFiles/flashmicro.dir/D_/ProgramFiles/Raspberry_Pi/Pico_SDK_v1.5.1/pico-sdk/src/common/pico_time/time.c.obj
                                 0x2b (size before relaxing)
 .rodata.alarm_pool_alarm_callback.str1.4
                0x1000a690       0x98 CMakeFiles/flashmicro.dir/D_/ProgramFiles/Raspberry_Pi/Pico_SDK_v1.5.1/pico-sdk/src/common/pico_time/time.c.obj
                                0x114 (size before relaxing)
 .rodata.alarm_pool_get_default.str1.4
                0x1000a728       0x21 CMakeFiles/flashmicro.dir/D_/ProgramFiles/Raspberry_Pi/Pico_SDK_v1.5.1/pico-sdk/src/common/pico_time/time.c.obj
 *fill*         0x1000a749        0x3 
 .rodata.alarm_pool_cancel_alarm.str1.4