Archive member included to satisfy reference by file (symbol)

d:/programfiles/raspberry pi/pico sdk v1.5.1/gcc-arm-none-eabi/bin/../lib/gcc/arm-none-eabi/10.3.1/thumb/v6-m/nofp\libgcc.a(_dvmd_tls.o)
                              CMakeFiles/flashmicro.dir/D_/ProgramFiles/Raspberry_Pi/Pico_SDK_v1.5.1/pico-sdk/src/rp2_common/pico_divider/divider.S.obj (__aeabi_idiv0)
d:/programfiles/raspberry pi/pico sdk v1.5.1/gcc-arm-none-eabi/bin/../lib/gcc/arm-none-eabi/10.3.1/../../../../arm-none-eabi/lib/thumb/v6-m/nofp\libg.a(lib_a-calloc.o)
                              CMakeFiles/flashmicro.dir/D_/ProgramFiles/Raspberry_Pi/Pico_SDK_v1.5.1/pico-sdk/src/rp2_common/pico_malloc/pico_malloc.c.obj (calloc)
d:/programfiles/raspberry pi/pico sdk v1.5.1/gcc-arm-none-eabi/bin/../lib/gcc/arm-none-eabi/10.3.1/../../../../arm-none-eabi/lib/thumb/v6-m/nofp\libg.a(lib_a-callocr.o)
                              d:/programfiles/raspberry pi/pico sdk v1.5.1/gcc-arm-none-eabi/bin/../lib/gcc/arm-none-eabi/10.3.1/../../../../arm-none-eabi/lib/thumb/v6-m/nofp\libg.a(lib_a-calloc.o) (_calloc_r)
d:/programfiles/raspberry pi/pico sdk v1.5.1/gcc-arm-none-eabi/bin/../lib/gcc/arm-none-eabi/10.3.1/../../../../arm-none-eabi/lib/thumb/v6-m/nofp\libg.a(lib_a-errno.o)
                              CMakeFiles/flashmicro.dir/no-OS-FatFS-SD-SPI-RPi-Pico/FatFs_SPI/src/ff_stdio.c.obj (__errno)
d:/programfiles/raspberry pi/pico sdk v1.5.1/gcc-arm-none-eabi/bin/../lib/gcc/arm-none-eabi/10.3.1/../../../../arm-none-eabi/lib/thumb/v6-m/nofp\libg.a(lib_a-fflush.o)
                              CMakeFiles/flashmicro.dir/no-OS-FatFS-SD-SPI-RPi-Pico/FatFs_SPI/sd_driver/demo_logging.c.obj (fflush)
d:/programfiles/raspberry pi/pico sdk v1.5.1/gcc-arm-none-eabi/bin/../lib/gcc/arm-none-eabi/10.3.1/../../../../arm-none-eabi/lib/thumb/v6-m/nofp\libg.a(lib_a-findfp.o)
                              d:/programfiles/raspberry pi/pico sdk v1.5.1/gcc-arm-none-eabi/bin/../lib/gcc/arm-none-eabi/10.3.1/../../../../arm-none-eabi/lib/thumb/v6-m/nofp\libg.a(lib_a-fflush.o) (__sinit)
d:/programfiles/raspberry pi/pico sdk v1.5.1/gcc-arm-none-eabi/bin/../lib/gcc/arm-none-eabi/10.3.1/../../../../arm-none-eabi/lib/thumb/v6-m/nofp\libg.a(lib_a-freer.o)
                              d:/programfiles/raspberry pi/pico sdk v1.5.1/gcc-arm-none-eabi/bin/../lib/gcc/arm-none-eabi/10.3.1/../../../../arm-none-eabi/lib/thumb/v6-m/nofp\libg.a(lib_a-fflush.o) (_free_r)
d:/programfiles/raspberry pi/pico sdk v1.5.1/gcc-arm-none-eabi/bin/../lib/gcc/arm-none-eabi/10.3.1/../../../../arm-none-eabi/lib/thumb/v6-m/nofp\libg.a(lib_a-fwalk.o)
                              d:/programfiles/raspberry pi/pico sdk v1.5.1/gcc-arm-none-eabi/bin/../lib/gcc/arm-none-eabi/10.3.1/../../../../arm-none-eabi/lib/thumb/v6-m/nofp\libg.a(lib_a-findfp.o) (_fwalk)
d:/programfiles/raspberry pi/pico sdk v1.5.1/gcc-arm-none-eabi/bin/../lib/gcc/arm-none-eabi/10.3.1/../../../../arm-none-eabi/lib/thumb/v6-m/nofp\libg.a(lib_a-gmtime.o)
                              CMakeFiles/flashmicro.dir/flashmicro.c.obj (gmtime)
d:/programfiles/raspberry pi/pico sdk v1.5.1/gcc-arm-none-eabi/bin/../lib/gcc/arm-none-eabi/10.3.1/../../../../arm-none-eabi/lib/thumb/v6-m/nofp\libg.a(lib_a-gmtime_r.o)
                              d:/programfiles/raspberry pi/pico sdk v1.5.1/gcc-arm-none-eabi/bin/../lib/gcc/arm-none-eabi/10.3.1/../../../../arm-none-eabi/lib/thumb/v6-m/nofp\libg.a(lib_a-gmtime.o) (gmtime_r)
d:/programfiles/raspberry pi/pico sdk v1.5.1/gcc-arm-none-eabi/bin/../lib/gcc/arm-none-eabi/10.3.1/../../../../arm-none-eabi/lib/thumb/v6-m/nofp\libg.a(lib_a-impure.o)
                              d:/programfiles/raspberry pi/pico sdk v1.5.1/gcc-arm-none-eabi/bin/../lib/gcc/arm-none-eabi/10.3.1/../../../../arm-none-eabi/lib/thumb/v6-m/nofp\libg.a(lib_a-fflush.o) (_global_impure_ptr)
d:/programfiles/raspberry pi/pico sdk v1.5.1/gcc-arm-none-eabi/bin/../lib/gcc/arm-none-eabi/10.3.1/../../../../arm-none-eabi/lib/thumb/v6-m/nofp\libg.a(lib_a-init.o)
                              d:/programfiles/raspberry pi/pico sdk v1.5.1/gcc-arm-none-eabi/bin/../lib/gcc/arm-none-eabi/10.3.1/../../../../arm-none-eabi/lib/thumb/v6-m/nofp/crt0.o (__libc_init_array)
d:/programfiles/raspberry pi/pico sdk v1.5.1/gcc-arm-none-eabi/bin/../lib/gcc/arm-none-eabi/10.3.1/../../../../arm-none-eabi/lib/thumb/v6-m/nofp\libg.a(lib_a-lock.o)
                              d:/programfiles/raspberry pi/pico sdk v1.5.1/gcc-arm-none-eabi/bin/../lib/gcc/arm-none-eabi/10.3.1/../../../../arm-none-eabi/lib/thumb/v6-m/nofp\libg.a(lib_a-findfp.o) (__retarget_lock_init_recursive)
d:/programfiles/raspberry pi/pico sdk v1.5.1/gcc-arm-none-eabi/bin/../lib/gcc/arm-none-eabi/10.3.1/../../../../arm-none-eabi/lib/thumb/v6-m/nofp\libg.a(lib_a-malloc.o)
                              CMakeFiles/flashmicro.dir/D_/ProgramFiles/Raspberry_Pi/Pico_SDK_v1.5.1/pico-sdk/src/rp2_common/pico_malloc/pico_malloc.c.obj (malloc)
[...]
Memory Configuration

Name             Origin             Length             Attributes
FLASH            0x10000000         0x00200000         xr
RAM              0x20000000         0x00040000         xrw
SCRATCH_X        0x20040000         0x00001000         xrw
SCRATCH_Y        0x20041000         0x00001000         xrw
*default*        0x00000000         0xffffffff

Linker script and memory map

LOAD d:/programfiles/raspberry pi/pico sdk v1.5.1/gcc-arm-none-eabi/bin/../lib/gcc/arm-none-eabi/10.3.1/thumb/v6-m/nofp/crti.o
LOAD d:/programfiles/raspberry pi/pico sdk v1.5.1/gcc-arm-none-eabi/bin/../lib/gcc/arm-none-eabi/10.3.1/thumb/v6-m/nofp/crtbegin.o
LOAD d:/programfiles/raspberry pi/pico sdk v1.5.1/gcc-arm-none-eabi/bin/../lib/gcc/arm-none-eabi/10.3.1/../../../../arm-none-eabi/lib/thumb/v6-m/nofp/crt0.o

.flash_begin    0x10000000        0x0
                0x10000000                __flash_binary_start = .

.boot2          0x10000000      0x100
                0x10000000                __boot2_start__ = .
 *(.boot2)
 .boot2         0x10000000      0x100 C:\Users\yccwa\AppData\Local\Temp\ccMOM7sR.o
                0x10000100                __boot2_end__ = .
                0x00000001                ASSERT (((__boot2_end__ - __boot2_start__) == 0x100), ERROR: Pico second stage bootloader must be 256 bytes in size)

.text           0x10000100     0xd730
                0x10000100                __logical_binary_start = .
 *(.vectors)
 .vectors       0x10000100       0xd4 CMakeFiles/flashmicro.dir/D_/ProgramFiles/Raspberry_Pi/Pico_SDK_v1.5.1/pico-sdk/src/rp2_common/pico_standard_link/crt0.S.obj
                0x10000100                __VECTOR_TABLE
                0x10000100                __vectors
                0x100001c0                isr_invalid
                0x100001c0                __default_isrs_start
                0x100001c2                isr_nmi
                0x100001c4                isr_hardfault
                0x100001c6                isr_svcall
                0x100001c8                isr_pendsv
                0x100001ca                isr_systick
                0x100001cc                isr_irq23
                0x100001cc                isr_irq18
                0x100001cc                isr_irq11
                0x100001cc                isr_irq28
                0x100001cc                isr_irq19
                0x100001cc                isr_irq0
                0x100001cc                isr_irq6
                0x100001cc                isr_irq5
                0x100001cc                isr_irq12
                0x100001cc                isr_irq22
                0x100001cc                isr_irq31
                0x100001cc                isr_irq17
                0x100001cc                isr_irq27
                0x100001cc                isr_irq30
                0x100001cc                isr_irq2
                0x100001cc                isr_irq10
                0x100001cc                isr_irq8
                0x100001cc                isr_irq24
                0x100001cc                isr_irq1
                0x100001cc                isr_irq7
                0x100001cc                isr_irq21
                0x100001cc                isr_irq20
                0x100001cc                isr_irq15
                0x100001cc                isr_irq25
                0x100001cc                isr_irq13
                0x100001cc                __unhandled_user_irq
                0x100001cc                isr_irq4
                0x100001cc                isr_irq16
                0x100001cc                isr_irq29
                0x100001cc                isr_irq26
                0x100001cc                __default_isrs_end
                0x100001cc                isr_irq3
                0x100001cc                isr_irq14
                0x100001cc                isr_irq9
                0x100001d2                unhandled_user_irq_num_in_r0
 *(.binary_info_header)
 .binary_info_header
                0x100001d4       0x14 CMakeFiles/flashmicro.dir/D_/ProgramFiles/Raspberry_Pi/Pico_SDK_v1.5.1/pico-sdk/src/rp2_common/pico_standard_link/crt0.S.obj
                0x100001e8                __binary_info_header_end = .
 *(.reset)
 .reset         0x100001e8       0xa0 CMakeFiles/flashmicro.dir/D_/ProgramFiles/Raspberry_Pi/Pico_SDK_v1.5.1/pico-sdk/src/rp2_common/pico_standard_link/crt0.S.obj
                0x100001e8                _entry_point
 .reset         0x10000288       0x30 CMakeFiles/flashmicro.dir/D_/ProgramFiles/Raspberry_Pi/Pico_SDK_v1.5.1/pico-sdk/src/rp2_common/pico_standard_link/binary_info.c.obj
 *(.init)
 .init          0x100002b8        0x4 d:/programfiles/raspberry pi/pico sdk v1.5.1/gcc-arm-none-eabi/bin/../lib/gcc/arm-none-eabi/10.3.1/thumb/v6-m/nofp/crti.o
                0x100002b8                _init
 *(EXCLUDE_FILE(*libm.a: *libc.a:*lib_a-mem*.o *libgcc.a:) .text*)
 .text          0x100002bc       0x48 d:/programfiles/raspberry pi/pico sdk v1.5.1/gcc-arm-none-eabi/bin/../lib/gcc/arm-none-eabi/10.3.1/thumb/v6-m/nofp/crtbegin.o
 .text.initialise_sd
                0x10000304       0x50 CMakeFiles/flashmicro.dir/flashmicro.c.obj
                0x10000304                initialise_sd
 .text.write_to_new_file
                0x10000354       0x88 CMakeFiles/flashmicro.dir/flashmicro.c.obj
                0x10000354                write_to_new_file
 .text.get_system_time
                0x100003dc       0x64 CMakeFiles/flashmicro.dir/flashmicro.c.obj
                0x100003dc                get_system_time
 .text.write_to_existing_file
                0x10000440       0x68 CMakeFiles/flashmicro.dir/flashmicro.c.obj
                0x10000440                write_to_existing_file
 .text.getIndex
                0x100004a8       0x60 CMakeFiles/flashmicro.dir/flashmicro.c.obj
                0x100004a8                getIndex
 .text.check_item
                0x10000508       0x44 CMakeFiles/flashmicro.dir/flashmicro.c.obj
                0x10000508                check_item
 .text.binary_to_hex_string
                0x1000054c       0x3c CMakeFiles/flashmicro.dir/flashmicro.c.obj
                0x1000054c                binary_to_hex_string
 .text.append_buffer_content
                0x10000588       0xa8 CMakeFiles/flashmicro.dir/flashmicro.c.obj
                0x10000588                append_buffer_content
 .text.main     0x10000630      0x1bc CMakeFiles/flashmicro.dir/flashmicro.c.obj
                0x10000630                main
 .text.gpio_set_function
                0x100007ec       0x30 CMakeFiles/flashmicro.dir/D_/ProgramFiles/Raspberry_Pi/Pico_SDK_v1.5.1/pico-sdk/src/rp2_common/hardware_gpio/gpio.c.obj
                0x100007ec                gpio_set_function
 .text.gpio_set_pulls
                0x1000081c       0x34 CMakeFiles/flashmicro.dir/D_/ProgramFiles/Raspberry_Pi/Pico_SDK_v1.5.1/pico-sdk/src/rp2_common/hardware_gpio/gpio.c.obj
                0x1000081c                gpio_set_pulls
 .text.gpio_set_drive_strength
                0x10000850       0x20 CMakeFiles/flashmicro.dir/D_/ProgramFiles/Raspberry_Pi/Pico_SDK_v1.5.1/pico-sdk/src/rp2_common/hardware_gpio/gpio.c.obj
                0x10000850                gpio_set_drive_strength
 .text.gpio_init
                0x10000870       0x16 CMakeFiles/flashmicro.dir/D_/ProgramFiles/Raspberry_Pi/Pico_SDK_v1.5.1/pico-sdk/src/rp2_common/hardware_gpio/gpio.c.obj
                0x10000870                gpio_init
 *fill*         0x10000886        0x2 
 .text.running_on_fpga
                0x10000888       0x14 CMakeFiles/flashmicro.dir/D_/ProgramFiles/Raspberry_Pi/Pico_SDK_v1.5.1/pico-sdk/src/rp2_common/pico_platform/platform.c.obj
                0x10000888                running_on_fpga
 .text.hw_claim_lock
                0x1000089c       0x18 CMakeFiles/flashmicro.dir/D_/ProgramFiles/Raspberry_Pi/Pico_SDK_v1.5.1/pico-sdk/src/rp2_common/hardware_claim/claim.c.obj
                0x1000089c                hw_claim_lock
 .text.hw_claim_unlock
                0x100008b4       0x14 CMakeFiles/flashmicro.dir/D_/ProgramFiles/Raspberry_Pi/Pico_SDK_v1.5.1/pico-sdk/src/rp2_common/hardware_claim/claim.c.obj
                0x100008b4                hw_claim_unlock
 .text.hw_claim_or_assert
                0x100008c8       0x32 CMakeFiles/flashmicro.dir/D_/ProgramFiles/Raspberry_Pi/Pico_SDK_v1.5.1/pico-sdk/src/rp2_common/hardware_claim/claim.c.obj
                0x100008c8                hw_claim_or_assert
 .text.hw_claim_unused_from_range
                0x100008fa       0x50 CMakeFiles/flashmicro.dir/D_/ProgramFiles/Raspberry_Pi/Pico_SDK_v1.5.1/pico-sdk/src/rp2_common/hardware_claim/claim.c.obj
                0x100008fa                hw_claim_unused_from_range
 *fill*         0x1000094a        0x2 
 .text.spin_locks_reset
                0x1000094c       0x20 CMakeFiles/flashmicro.dir/D_/ProgramFiles/Raspberry_Pi/Pico_SDK_v1.5.1/pico-sdk/src/rp2_common/hardware_sync/sync.c.obj
                0x1000094c                spin_locks_reset
 .text.next_striped_spin_lock_num
                0x1000096c       0x1c CMakeFiles/flashmicro.dir/D_/ProgramFiles/Raspberry_Pi/Pico_SDK_v1.5.1/pico-sdk/src/rp2_common/hardware_sync/sync.c.obj
                0x1000096c                next_striped_spin_lock_num
 .text.spin_lock_claim_unused
                0x10000988       0x20 CMakeFiles/flashmicro.dir/D_/ProgramFiles/Raspberry_Pi/Pico_SDK_v1.5.1/pico-sdk/src/rp2_common/hardware_sync/sync.c.obj
                0x10000988                spin_lock_claim_unused
 .text.set_raw_irq_handler_and_unlock
                0x100009a8       0x28 CMakeFiles/flashmicro.dir/D_/ProgramFiles/Raspberry_Pi/Pico_SDK_v1.5.1/pico-sdk/src/rp2_common/hardware_irq/irq.c.obj
 .text.make_branch
                0x100009d0       0x48 CMakeFiles/flashmicro.dir/D_/ProgramFiles/Raspberry_Pi/Pico_SDK_v1.5.1/pico-sdk/src/rp2_common/hardware_irq/irq.c.obj
 .text.insert_branch_and_link
                0x10000a18       0x40 CMakeFiles/flashmicro.dir/D_/ProgramFiles/Raspberry_Pi/Pico_SDK_v1.5.1/pico-sdk/src/rp2_common/hardware_irq/irq.c.obj
 .text.irq_is_enabled
                0x10000a58       0x18 CMakeFiles/flashmicro.dir/D_/ProgramFiles/Raspberry_Pi/Pico_SDK_v1.5.1/pico-sdk/src/rp2_common/hardware_irq/irq.c.obj
                0x10000a58                irq_is_enabled
 .text.irq_set_mask_enabled
                0x10000a70       0x20 CMakeFiles/flashmicro.dir/D_/ProgramFiles/Raspberry_Pi/Pico_SDK_v1.5.1/pico-sdk/src/rp2_common/hardware_irq/irq.c.obj
                0x10000a70                irq_set_mask_enabled
 .text.irq_set_enabled
                0x10000a90        0xe CMakeFiles/flashmicro.dir/D_/ProgramFiles/Raspberry_Pi/Pico_SDK_v1.5.1/pico-sdk/src/rp2_common/hardware_irq/irq.c.obj
                0x10000a90                irq_set_enabled
 *fill*         0x10000a9e        0x2 
 .text.irq_set_pending
                0x10000aa0       0x10 CMakeFiles/flashmicro.dir/D_/ProgramFiles/Raspberry_Pi/Pico_SDK_v1.5.1/pico-sdk/src/rp2_common/hardware_irq/irq.c.obj
                0x10000aa0                irq_set_pending
 .text.irq_get_vtable_handler
                0x10000ab0       0x10 CMakeFiles/flashmicro.dir/D_/ProgramFiles/Raspberry_Pi/Pico_SDK_v1.5.1/pico-sdk/src/rp2_common/hardware_irq/irq.c.obj
                0x10000ab0                irq_get_vtable_handler
 .text.irq_has_shared_handler
                0x10000ac0       0x24 CMakeFiles/flashmicro.dir/D_/ProgramFiles/Raspberry_Pi/Pico_SDK_v1.5.1/pico-sdk/src/rp2_common/hardware_irq/irq.c.obj
                0x10000ac0                irq_has_shared_handler
 .text.irq_set_exclusive_handler
                0x10000ae4       0x54 CMakeFiles/flashmicro.dir/D_/ProgramFiles/Raspberry_Pi/Pico_SDK_v1.5.1/pico-sdk/src/rp2_common/hardware_irq/irq.c.obj
                0x10000ae4                irq_set_exclusive_handler
 .text.irq_add_shared_handler
                0x10000b38      0x234 CMakeFiles/flashmicro.dir/D_/ProgramFiles/Raspberry_Pi/Pico_SDK_v1.5.1/pico-sdk/src/rp2_common/hardware_irq/irq.c.obj
                0x10000b38                irq_add_shared_handler
 .text.irq_remove_handler
                0x10000d6c      0x1ac CMakeFiles/flashmicro.dir/D_/ProgramFiles/Raspberry_Pi/Pico_SDK_v1.5.1/pico-sdk/src/rp2_common/hardware_irq/irq.c.obj
                0x10000d6c                irq_remove_handler
 .text.irq_add_tail_to_free_list
                0x10000f18       0xf0 CMakeFiles/flashmicro.dir/D_/ProgramFiles/Raspberry_Pi/Pico_SDK_v1.5.1/pico-sdk/src/rp2_common/hardware_irq/irq.c.obj
                0x10000f18                irq_add_tail_to_free_list
 .text.irq_init_priorities
                0x10001008       0x1c CMakeFiles/flashmicro.dir/D_/ProgramFiles/Raspberry_Pi/Pico_SDK_v1.5.1/pico-sdk/src/rp2_common/hardware_irq/irq.c.obj
                0x10001008                irq_init_priorities
 .text.user_irq_claim_unused
                0x10001024       0x28 CMakeFiles/flashmicro.dir/D_/ProgramFiles/Raspberry_Pi/Pico_SDK_v1.5.1/pico-sdk/src/rp2_common/hardware_irq/irq.c.obj
                0x10001024                user_irq_claim_unused
 .text.sem_init
                0x1000104c       0x1e CMakeFiles/flashmicro.dir/D_/ProgramFiles/Raspberry_Pi/Pico_SDK_v1.5.1/pico-sdk/src/common/pico_sync/sem.c.obj
                0x1000104c                sem_init
 *fill*         0x1000106a        0x2 
 .text.lock_init
                0x1000106c       0x10 CMakeFiles/flashmicro.dir/D_/ProgramFiles/Raspberry_Pi/Pico_SDK_v1.5.1/pico-sdk/src/common/pico_sync/lock_core.c.obj
                0x1000106c                lock_init
 .text.mutex_init
                0x1000107c       0x1a CMakeFiles/flashmicro.dir/D_/ProgramFiles/Raspberry_Pi/Pico_SDK_v1.5.1/pico-sdk/src/common/pico_sync/mutex.c.obj
                0x1000107c                mutex_init
 .text.recursive_mutex_init
                0x10001096       0x1e CMakeFiles/flashmicro.dir/D_/ProgramFiles/Raspberry_Pi/Pico_SDK_v1.5.1/pico-sdk/src/common/pico_sync/mutex.c.obj
                0x10001096                recursive_mutex_init
 .text.critical_section_init_with_lock_num
                0x100010b4       0x14 CMakeFiles/flashmicro.dir/D_/ProgramFiles/Raspberry_Pi/Pico_SDK_v1.5.1/pico-sdk/src/common/pico_sync/critical_section.c.obj
                0x100010b4                critical_section_init_with_lock_num
 .text.critical_section_init
                0x100010c8       0x14 CMakeFiles/flashmicro.dir/D_/ProgramFiles/Raspberry_Pi/Pico_SDK_v1.5.1/pico-sdk/src/common/pico_sync/critical_section.c.obj
                0x100010c8                critical_section_init
 .text.alarm_pool_post_alloc_init
                0x100010dc       0x40 CMakeFiles/flashmicro.dir/D_/ProgramFiles/Raspberry_Pi/Pico_SDK_v1.5.1/pico-sdk/src/common/pico_time/time.c.obj
 .text.sleep_until_callback
                0x1000111c       0x30 CMakeFiles/flashmicro.dir/D_/ProgramFiles/Raspberry_Pi/Pico_SDK_v1.5.1/pico-sdk/src/common/pico_time/time.c.obj
 .text.timer_pool_entry_comparator
                0x1000114c       0x7c CMakeFiles/flashmicro.dir/D_/ProgramFiles/Raspberry_Pi/Pico_SDK_v1.5.1/pico-sdk/src/common/pico_time/time.c.obj
                0x1000114c                timer_pool_entry_comparator
 .text.ph_add_child_node
                0x100011c8       0xa4 CMakeFiles/flashmicro.dir/D_/ProgramFiles/Raspberry_Pi/Pico_SDK_v1.5.1/pico-sdk/src/common/pico_time/time.c.obj
 .text.ph_merge_nodes
                0x1000126c       0x3e CMakeFiles/flashmicro.dir/D_/ProgramFiles/Raspberry_Pi/Pico_SDK_v1.5.1/pico-sdk/src/common/pico_time/time.c.obj
 *fill*         0x100012aa        0x2 
 .text.add_alarm_under_lock
                0x100012ac      0x174 CMakeFiles/flashmicro.dir/D_/ProgramFiles/Raspberry_Pi/Pico_SDK_v1.5.1/pico-sdk/src/common/pico_time/time.c.obj
 .text.alarm_pool_alarm_callback
                0x10001420      0x33c CMakeFiles/flashmicro.dir/D_/ProgramFiles/Raspberry_Pi/Pico_SDK_v1.5.1/pico-sdk/src/common/pico_time/time.c.obj
 .text.alarm_pool_init_default
                0x1000175c       0x40 CMakeFiles/flashmicro.dir/D_/ProgramFiles/Raspberry_Pi/Pico_SDK_v1.5.1/pico-sdk/src/common/pico_time/time.c.obj
                0x1000175c                alarm_pool_init_default
 .text.alarm_pool_get_default
                0x1000179c       0x2c CMakeFiles/flashmicro.dir/D_/ProgramFiles/Raspberry_Pi/Pico_SDK_v1.5.1/pico-sdk/src/common/pico_time/time.c.obj
                0x1000179c                alarm_pool_get_default
 .text.alarm_pool_add_alarm_at
                0x100017c8      0x168 CMakeFiles/flashmicro.dir/D_/ProgramFiles/Raspberry_Pi/Pico_SDK_v1.5.1/pico-sdk/src/common/pico_time/time.c.obj
                0x100017c8                alarm_pool_add_alarm_at
 .text.alarm_pool_cancel_alarm
                0x10001930       0xf8 CMakeFiles/flashmicro.dir/D_/ProgramFiles/Raspberry_Pi/Pico_SDK_v1.5.1/pico-sdk/src/common/pico_time/time.c.obj
                0x10001930                alarm_pool_cancel_alarm
 .text.alarm_pool_core_num
                0x10001a28        0x4 CMakeFiles/flashmicro.dir/D_/ProgramFiles/Raspberry_Pi/Pico_SDK_v1.5.1/pico-sdk/src/common/pico_time/time.c.obj
                0x10001a28                alarm_pool_core_num
 .text.sleep_until
                0x10001a2c       0xfc CMakeFiles/flashmicro.dir/D_/ProgramFiles/Raspberry_Pi/Pico_SDK_v1.5.1/pico-sdk/src/common/pico_time/time.c.obj
                0x10001a2c                sleep_until
 .text.sleep_us
                0x10001b28       0x58 CMakeFiles/flashmicro.dir/D_/ProgramFiles/Raspberry_Pi/Pico_SDK_v1.5.1/pico-sdk/src/common/pico_time/time.c.obj
                0x10001b28                sleep_us
 .text.sleep_ms
                0x10001b80       0x14 CMakeFiles/flashmicro.dir/D_/ProgramFiles/Raspberry_Pi/Pico_SDK_v1.5.1/pico-sdk/src/common/pico_time/time.c.obj
                0x10001b80                sleep_ms
 .text.best_effort_wfe_or_timeout
                0x10001b94       0xac CMakeFiles/flashmicro.dir/D_/ProgramFiles/Raspberry_Pi/Pico_SDK_v1.5.1/pico-sdk/src/common/pico_time/time.c.obj
                0x10001b94                best_effort_wfe_or_timeout
 .text.hardware_alarm_irq_handler
                0x10001c40       0x90 CMakeFiles/flashmicro.dir/D_/ProgramFiles/Raspberry_Pi/Pico_SDK_v1.5.1/pico-sdk/src/rp2_common/hardware_timer/timer.c.obj
 .text.hardware_alarm_claim
                0x10001cd0       0x18 CMakeFiles/flashmicro.dir/D_/ProgramFiles/Raspberry_Pi/Pico_SDK_v1.5.1/pico-sdk/src/rp2_common/hardware_timer/timer.c.obj
                0x10001cd0                hardware_alarm_claim
 .text.time_us_64
                0x10001ce8       0x18 CMakeFiles/flashmicro.dir/D_/ProgramFiles/Raspberry_Pi/Pico_SDK_v1.5.1/pico-sdk/src/rp2_common/hardware_timer/timer.c.obj
                0x10001ce8                time_us_64
 .text.busy_wait_until
                0x10001d00       0x28 CMakeFiles/flashmicro.dir/D_/ProgramFiles/Raspberry_Pi/Pico_SDK_v1.5.1/pico-sdk/src/rp2_common/hardware_timer/timer.c.obj
                0x10001d00                busy_wait_until
 .text.busy_wait_us
                0x10001d28       0x48 CMakeFiles/flashmicro.dir/D_/ProgramFiles/Raspberry_Pi/Pico_SDK_v1.5.1/pico-sdk/src/rp2_common/hardware_timer/timer.c.obj
                0x10001d28                busy_wait_us
 .text.hardware_alarm_set_callback
                0x10001d70       0x90 CMakeFiles/flashmicro.dir/D_/ProgramFiles/Raspberry_Pi/Pico_SDK_v1.5.1/pico-sdk/src/rp2_common/hardware_timer/timer.c.obj
                0x10001d70                hardware_alarm_set_callback
 .text.hardware_alarm_set_target
                0x10001e00       0xe8 CMakeFiles/flashmicro.dir/D_/ProgramFiles/Raspberry_Pi/Pico_SDK_v1.5.1/pico-sdk/src/rp2_common/hardware_timer/timer.c.obj
                0x10001e00                hardware_alarm_set_target
 .text.hardware_alarm_cancel
                0x10001ee8       0x40 CMakeFiles/flashmicro.dir/D_/ProgramFiles/Raspberry_Pi/Pico_SDK_v1.5.1/pico-sdk/src/rp2_common/hardware_timer/timer.c.obj
                0x10001ee8                hardware_alarm_cancel
 .text.ph_add_child_node
                0x10001f28       0xa4 CMakeFiles/flashmicro.dir/D_/ProgramFiles/Raspberry_Pi/Pico_SDK_v1.5.1/pico-sdk/src/common/pico_util/pheap.c.obj
 .text.ph_merge_nodes
                0x10001fcc       0x3e CMakeFiles/flashmicro.dir/D_/ProgramFiles/Raspberry_Pi/Pico_SDK_v1.5.1/pico-sdk/src/common/pico_util/pheap.c.obj
 *fill*         0x1000200a        0x2 
 .text.ph_clear
                0x1000200c       0x70 CMakeFiles/flashmicro.dir/D_/ProgramFiles/Raspberry_Pi/Pico_SDK_v1.5.1/pico-sdk/src/common/pico_util/pheap.c.obj
                0x1000200c                ph_clear
 .text.ph_post_alloc_init
                0x1000207c        0xe CMakeFiles/flashmicro.dir/D_/ProgramFiles/Raspberry_Pi/Pico_SDK_v1.5.1/pico-sdk/src/common/pico_util/pheap.c.obj
                0x1000207c                ph_post_alloc_init
 *fill*         0x1000208a        0x2 
 .text.ph_merge_two_pass
                0x1000208c       0xa8 CMakeFiles/flashmicro.dir/D_/ProgramFiles/Raspberry_Pi/Pico_SDK_v1.5.1/pico-sdk/src/common/pico_util/pheap.c.obj
                0x1000208c                ph_merge_two_pass
 .text.ph_remove_any_head
                0x10002134      0x128 CMakeFiles/flashmicro.dir/D_/ProgramFiles/Raspberry_Pi/Pico_SDK_v1.5.1/pico-sdk/src/common/pico_util/pheap.c.obj
 .text.ph_remove_head
                0x1000225c       0x14 CMakeFiles/flashmicro.dir/D_/ProgramFiles/Raspberry_Pi/Pico_SDK_v1.5.1/pico-sdk/src/common/pico_util/pheap.c.obj
                0x1000225c                ph_remove_head
 .text.ph_remove_and_free_node
                0x10002270       0xf8 CMakeFiles/flashmicro.dir/D_/ProgramFiles/Raspberry_Pi/Pico_SDK_v1.5.1/pico-sdk/src/common/pico_util/pheap.c.obj
                0x10002270                ph_remove_and_free_node
 .text.uart_disable_before_lcr_write
                0x10002368       0x48 CMakeFiles/flashmicro.dir/D_/ProgramFiles/Raspberry_Pi/Pico_SDK_v1.5.1/pico-sdk/src/rp2_common/hardware_uart/uart.c.obj
 .text.uart_write_lcr_bits_masked
                0x100023b0       0x22 CMakeFiles/flashmicro.dir/D_/ProgramFiles/Raspberry_Pi/Pico_SDK_v1.5.1/pico-sdk/src/rp2_common/hardware_uart/uart.c.obj
 *fill*         0x100023d2        0x2 
 .text.uart_set_baudrate
                0x100023d4       0x5c CMakeFiles/flashmicro.dir/D_/ProgramFiles/Raspberry_Pi/Pico_SDK_v1.5.1/pico-sdk/src/rp2_common/hardware_uart/uart.c.obj
                0x100023d4                uart_set_baudrate
 .text.uart_set_format
                0x10002430       0x2c CMakeFiles/flashmicro.dir/D_/ProgramFiles/Raspberry_Pi/Pico_SDK_v1.5.1/pico-sdk/src/rp2_common/hardware_uart/uart.c.obj
                0x10002430                uart_set_format
 .text.uart_set_translate_crlf
                0x1000245c       0x28 CMakeFiles/flashmicro.dir/D_/ProgramFiles/Raspberry_Pi/Pico_SDK_v1.5.1/pico-sdk/src/rp2_common/hardware_uart/uart.c.obj
                0x1000245c                uart_set_translate_crlf
 .text.uart_init
                0x10002484       0x80 CMakeFiles/flashmicro.dir/D_/ProgramFiles/Raspberry_Pi/Pico_SDK_v1.5.1/pico-sdk/src/rp2_common/hardware_uart/uart.c.obj
                0x10002484                uart_init
 .text.clock_configure
                0x10002504      0x108 CMakeFiles/flashmicro.dir/D_/ProgramFiles/Raspberry_Pi/Pico_SDK_v1.5.1/pico-sdk/src/rp2_common/hardware_clocks/clocks.c.obj
                0x10002504                clock_configure
 .text.clocks_init
                0x1000260c      0x100 CMakeFiles/flashmicro.dir/D_/ProgramFiles/Raspberry_Pi/Pico_SDK_v1.5.1/pico-sdk/src/rp2_common/hardware_clocks/clocks.c.obj
                0x1000260c                clocks_init
 .text.clock_get_hz
                0x1000270c        0xc CMakeFiles/flashmicro.dir/D_/ProgramFiles/Raspberry_Pi/Pico_SDK_v1.5.1/pico-sdk/src/rp2_common/hardware_clocks/clocks.c.obj
                0x1000270c                clock_get_hz
 .text.pll_init
                0x10002718      0x120 CMakeFiles/flashmicro.dir/D_/ProgramFiles/Raspberry_Pi/Pico_SDK_v1.5.1/pico-sdk/src/rp2_common/hardware_pll/pll.c.obj
                0x10002718                pll_init
 .text.watchdog_start_tick
                0x10002838       0x10 CMakeFiles/flashmicro.dir/D_/ProgramFiles/Raspberry_Pi/Pico_SDK_v1.5.1/pico-sdk/src/rp2_common/hardware_watchdog/watchdog.c.obj
                0x10002838                watchdog_start_tick
 .text.watchdog_update
                0x10002848       0x14 CMakeFiles/flashmicro.dir/D_/ProgramFiles/Raspberry_Pi/Pico_SDK_v1.5.1/pico-sdk/src/rp2_common/hardware_watchdog/watchdog.c.obj
                0x10002848                watchdog_update
 .text._watchdog_enable
                0x1000285c       0x78 CMakeFiles/flashmicro.dir/D_/ProgramFiles/Raspberry_Pi/Pico_SDK_v1.5.1/pico-sdk/src/rp2_common/hardware_watchdog/watchdog.c.obj
                0x1000285c                _watchdog_enable
 .text.watchdog_reboot
                0x100028d4       0x48 CMakeFiles/flashmicro.dir/D_/ProgramFiles/Raspberry_Pi/Pico_SDK_v1.5.1/pico-sdk/src/rp2_common/hardware_watchdog/watchdog.c.obj
                0x100028d4                watchdog_reboot
 .text.xosc_init
                0x1000291c       0x28 CMakeFiles/flashmicro.dir/D_/ProgramFiles/Raspberry_Pi/Pico_SDK_v1.5.1/pico-sdk/src/rp2_common/hardware_xosc/xosc.c.obj
                0x1000291c                xosc_init
 .text._exit    0x10002944        0x4 CMakeFiles/flashmicro.dir/D_/ProgramFiles/Raspberry_Pi/Pico_SDK_v1.5.1/pico-sdk/src/rp2_common/pico_runtime/runtime.c.obj
                0x10002944                _exit
 .text._sbrk    0x10002948       0x38 CMakeFiles/flashmicro.dir/D_/ProgramFiles/Raspberry_Pi/Pico_SDK_v1.5.1/pico-sdk/src/rp2_common/pico_runtime/runtime.c.obj
                0x10002948                _sbrk
 .text.exit     0x10002980        0x6 CMakeFiles/flashmicro.dir/D_/ProgramFiles/Raspberry_Pi/Pico_SDK_v1.5.1/pico-sdk/src/rp2_common/pico_runtime/runtime.c.obj
                0x10002980                exit
 *fill*         0x10002986        0x2 
 .text.__assert_func
                0x10002988       0x3c CMakeFiles/flashmicro.dir/D_/ProgramFiles/Raspberry_Pi/Pico_SDK_v1.5.1/pico-sdk/src/rp2_common/pico_runtime/runtime.c.obj
                0x10002988                __assert_func
 .text.runtime_init
                0x100029c4       0xf8 CMakeFiles/flashmicro.dir/D_/ProgramFiles/Raspberry_Pi/Pico_SDK_v1.5.1/pico-sdk/src/rp2_common/pico_runtime/runtime.c.obj
                0x100029c4                runtime_init
 .text.panic    0x10002abc       0x30 CMakeFiles/flashmicro.dir/D_/ProgramFiles/Raspberry_Pi/Pico_SDK_v1.5.1/pico-sdk/src/rp2_common/pico_runtime/runtime.c.obj
                0x10002abc                panic
 .text._out_buffer
                0x10002aec        0x8 CMakeFiles/flashmicro.dir/D_/ProgramFiles/Raspberry_Pi/Pico_SDK_v1.5.1/pico-sdk/src/rp2_common/pico_printf/printf.c.obj
 .text._out_null
                0x10002af4        0x2 CMakeFiles/flashmicro.dir/D_/ProgramFiles/Raspberry_Pi/Pico_SDK_v1.5.1/pico-sdk/src/rp2_common/pico_printf/printf.c.obj
 .text._out_fct
                0x10002af6        0xe CMakeFiles/flashmicro.dir/D_/ProgramFiles/Raspberry_Pi/Pico_SDK_v1.5.1/pico-sdk/src/rp2_common/pico_printf/printf.c.obj
 .text._atoi    0x10002b04       0x24 CMakeFiles/flashmicro.dir/D_/ProgramFiles/Raspberry_Pi/Pico_SDK_v1.5.1/pico-sdk/src/rp2_common/pico_printf/printf.c.obj
 .text._out_rev
                0x10002b28       0xae CMakeFiles/flashmicro.dir/D_/ProgramFiles/Raspberry_Pi/Pico_SDK_v1.5.1/pico-sdk/src/rp2_common/pico_printf/printf.c.obj
 .text._ntoa_format
                0x10002bd6      0x112 CMakeFiles/flashmicro.dir/D_/ProgramFiles/Raspberry_Pi/Pico_SDK_v1.5.1/pico-sdk/src/rp2_common/pico_printf/printf.c.obj
 .text._ntoa_long
                0x10002ce8       0xbc CMakeFiles/flashmicro.dir/D_/ProgramFiles/Raspberry_Pi/Pico_SDK_v1.5.1/pico-sdk/src/rp2_common/pico_printf/printf.c.obj
 .text._ntoa_long_long
                0x10002da4       0xe2 CMakeFiles/flashmicro.dir/D_/ProgramFiles/Raspberry_Pi/Pico_SDK_v1.5.1/pico-sdk/src/rp2_common/pico_printf/printf.c.obj
 *fill*         0x10002e86        0x2 
 .text._etoa    0x10002e88      0x414 CMakeFiles/flashmicro.dir/D_/ProgramFiles/Raspberry_Pi/Pico_SDK_v1.5.1/pico-sdk/src/rp2_common/pico_printf/printf.c.obj
 .text._ftoa    0x1000329c      0x354 CMakeFiles/flashmicro.dir/D_/ProgramFiles/Raspberry_Pi/Pico_SDK_v1.5.1/pico-sdk/src/rp2_common/pico_printf/printf.c.obj
 .text._vsnprintf
                0x100035f0      0x624 CMakeFiles/flashmicro.dir/D_/ProgramFiles/Raspberry_Pi/Pico_SDK_v1.5.1/pico-sdk/src/rp2_common/pico_printf/printf.c.obj
 .text.__wrap_sprintf
                0x10003c14       0x28 CMakeFiles/flashmicro.dir/D_/ProgramFiles/Raspberry_Pi/Pico_SDK_v1.5.1/pico-sdk/src/rp2_common/pico_printf/printf.c.obj
                0x10003c14                __wrap_sprintf
 .text.__wrap_snprintf
                0x10003c3c       0x28 CMakeFiles/flashmicro.dir/D_/ProgramFiles/Raspberry_Pi/Pico_SDK_v1.5.1/pico-sdk/src/rp2_common/pico_printf/printf.c.obj
                0x10003c3c                __wrap_snprintf
 .text.__wrap_vsnprintf
                0x10003c64       0x1c CMakeFiles/flashmicro.dir/D_/ProgramFiles/Raspberry_Pi/Pico_SDK_v1.5.1/pico-sdk/src/rp2_common/pico_printf/printf.c.obj
                0x10003c64                __wrap_vsnprintf
 .text.vfctprintf
                0x10003c80       0x20 CMakeFiles/flashmicro.dir/D_/ProgramFiles/Raspberry_Pi/Pico_SDK_v1.5.1/pico-sdk/src/rp2_common/pico_printf/printf.c.obj
                0x10003c80                vfctprintf
 .text          0x10003ca0       0x10 CMakeFiles/flashmicro.dir/D_/ProgramFiles/Raspberry_Pi/Pico_SDK_v1.5.1/pico-sdk/src/rp2_common/pico_bit_ops/bit_ops_aeabi.S.obj
 .text.rom_func_lookup
                0x10003cb0       0x10 CMakeFiles/flashmicro.dir/D_/ProgramFiles/Raspberry_Pi/Pico_SDK_v1.5.1/pico-sdk/src/rp2_common/pico_bootrom/bootrom.c.obj
                0x10003cb0                rom_func_lookup
 .text.rom_data_lookup
                0x10003cc0       0x10 CMakeFiles/flashmicro.dir/D_/ProgramFiles/Raspberry_Pi/Pico_SDK_v1.5.1/pico-sdk/src/rp2_common/pico_bootrom/bootrom.c.obj
                0x10003cc0                rom_data_lookup
 .text.rom_funcs_lookup
                0x10003cd0       0x36 CMakeFiles/flashmicro.dir/D_/ProgramFiles/Raspberry_Pi/Pico_SDK_v1.5.1/pico-sdk/src/rp2_common/pico_bootrom/bootrom.c.obj
                0x10003cd0                rom_funcs_lookup
 *fill*         0x10003d06        0x2 
 .text.__wrap___aeabi_idiv
                0x10003d08       0x50 CMakeFiles/flashmicro.dir/D_/ProgramFiles/Raspberry_Pi/Pico_SDK_v1.5.1/pico-sdk/src/rp2_common/pico_divider/divider.S.obj
                0x10003d08                __wrap___aeabi_idivmod
                0x10003d08                divmod_s32s32
                0x10003d08                div_s32s32
                0x10003d08                __wrap___aeabi_idiv
                0x10003d10                divmod_s32s32_unsafe
                0x10003d3c                divmod_s32s32_savestate
 .text.__wrap___aeabi_uidiv
                0x10003d58       0x4c CMakeFiles/flashmicro.dir/D_/ProgramFiles/Raspberry_Pi/Pico_SDK_v1.5.1/pico-sdk/src/rp2_common/pico_divider/divider.S.obj
                0x10003d58                __wrap___aeabi_uidiv
                0x10003d58                __wrap___aeabi_uidivmod
                0x10003d58                div_u32u32
                0x10003d58                divmod_u32u32
                0x10003d60                divmod_u32u32_unsafe
                0x10003d88                divmod_u32u32_savestate
 .text.__wrap___aeabi_ldiv
                0x10003da4      0x424 CMakeFiles/flashmicro.dir/D_/ProgramFiles/Raspberry_Pi/Pico_SDK_v1.5.1/pico-sdk/src/rp2_common/pico_divider/divider.S.obj
                0x10003da4                div_s64s64
                0x10003da4                divmod_s64s64
                0x10003da4                __wrap___aeabi_ldivmod
                0x10003dd4                divmod_u64u64
                0x10003dd4                div_u64u64
                0x10003dd4                __wrap___aeabi_uldivmod
                0x10003de4                divmod_u64u64_savestate
                0x10003e04                divmod_s64s64_unsafe
                0x10003e8c                divmod_u64u64_unsafe
 .text.__wrap___aeabi_darithmetic
                0x100041c8       0x60 CMakeFiles/flashmicro.dir/D_/ProgramFiles/Raspberry_Pi/Pico_SDK_v1.5.1/pico-sdk/src/rp2_common/pico_double/double_aeabi.S.obj
                0x100041c8                __wrap___aeabi_drsub
                0x100041ce                __wrap___aeabi_dsub
                0x100041d8                __wrap___aeabi_dadd
                0x100041e2                __wrap___aeabi_ddiv
                0x10004216                __wrap___aeabi_dmul
 .text.__wrap___aeabi_cdcmple
                0x10004228       0x6c CMakeFiles/flashmicro.dir/D_/ProgramFiles/Raspberry_Pi/Pico_SDK_v1.5.1/pico-sdk/src/rp2_common/pico_double/double_aeabi.S.obj
                0x10004228                __wrap___aeabi_cdrcmple
                0x10004238                __wrap___aeabi_cdcmpeq
                0x10004238                __wrap___aeabi_cdcmple
 .text.__wrap___aeabi_dcmpeq
                0x10004294       0x10 CMakeFiles/flashmicro.dir/D_/ProgramFiles/Raspberry_Pi/Pico_SDK_v1.5.1/pico-sdk/src/rp2_common/pico_double/double_aeabi.S.obj
                0x10004294                __wrap___aeabi_dcmpeq
 .text.__wrap___aeabi_dcmplt
                0x100042a4        0xc CMakeFiles/flashmicro.dir/D_/ProgramFiles/Raspberry_Pi/Pico_SDK_v1.5.1/pico-sdk/src/rp2_common/pico_double/double_aeabi.S.obj
                0x100042a4                __wrap___aeabi_dcmplt
 .text.__wrap___aeabi_dcmple
                0x100042b0       0x10 CMakeFiles/flashmicro.dir/D_/ProgramFiles/Raspberry_Pi/Pico_SDK_v1.5.1/pico-sdk/src/rp2_common/pico_double/double_aeabi.S.obj
                0x100042b0                __wrap___aeabi_dcmple
 .text.__wrap___aeabi_dcmpge
                0x100042c0       0x10 CMakeFiles/flashmicro.dir/D_/ProgramFiles/Raspberry_Pi/Pico_SDK_v1.5.1/pico-sdk/src/rp2_common/pico_double/double_aeabi.S.obj
                0x100042c0                __wrap___aeabi_dcmpge
 .text.__wrap___aeabi_dcmpgt
                0x100042d0        0xa CMakeFiles/flashmicro.dir/D_/ProgramFiles/Raspberry_Pi/Pico_SDK_v1.5.1/pico-sdk/src/rp2_common/pico_double/double_aeabi.S.obj
                0x100042d0                __wrap___aeabi_dcmpgt
 .text.__wrap___aeabi_dcmpun
                0x100042da       0x1c CMakeFiles/flashmicro.dir/D_/ProgramFiles/Raspberry_Pi/Pico_SDK_v1.5.1/pico-sdk/src/rp2_common/pico_double/double_aeabi.S.obj
                0x100042da                __wrap___aeabi_dcmpun
 *fill*         0x100042f6        0x2 
 .text.__wrap___aeabi_i2d
                0x100042f8       0x38 CMakeFiles/flashmicro.dir/D_/ProgramFiles/Raspberry_Pi/Pico_SDK_v1.5.1/pico-sdk/src/rp2_common/pico_double/double_aeabi.S.obj
                0x100042f8                __wrap___aeabi_ui2d
                0x10004300                __wrap___aeabi_i2d
 .text.__wrap___aeabi_d2iz
                0x10004330       0x48 CMakeFiles/flashmicro.dir/D_/ProgramFiles/Raspberry_Pi/Pico_SDK_v1.5.1/pico-sdk/src/rp2_common/pico_double/double_aeabi.S.obj
                0x10004330                double2int_z
                0x10004330                __wrap___aeabi_d2iz
 .text.__wrap___aeabi_d2uiz
                0x10004378       0x10 CMakeFiles/flashmicro.dir/D_/ProgramFiles/Raspberry_Pi/Pico_SDK_v1.5.1/pico-sdk/src/rp2_common/pico_double/double_aeabi.S.obj
                0x10004378                __wrap___aeabi_d2uiz
                0x10004378                double2uint
 .text.missing_double_func_shim
                0x10004388        0xc CMakeFiles/flashmicro.dir/D_/ProgramFiles/Raspberry_Pi/Pico_SDK_v1.5.1/pico-sdk/src/rp2_common/pico_double/double_init_rom.c.obj
 .text.__aeabi_double_init
                0x10004394       0xcc CMakeFiles/flashmicro.dir/D_/ProgramFiles/Raspberry_Pi/Pico_SDK_v1.5.1/pico-sdk/src/rp2_common/pico_double/double_init_rom.c.obj
                0x10004394                __aeabi_double_init
 .text.double_table_shim_on_use_helper
                0x10004460       0x34 CMakeFiles/flashmicro.dir/D_/ProgramFiles/Raspberry_Pi/Pico_SDK_v1.5.1/pico-sdk/src/rp2_common/pico_double/double_v1_rom_shim.S.obj
                0x10004460                double_table_shim_on_use_helper
 .text.__aeabi_lmul
                0x10004494       0x32 CMakeFiles/flashmicro.dir/D_/ProgramFiles/Raspberry_Pi/Pico_SDK_v1.5.1/pico-sdk/src/rp2_common/pico_int64_ops/pico_int64_ops_aeabi.S.obj
                0x10004494                __wrap___aeabi_lmul
 *fill*         0x100044c6        0x2 
 .text.missing_float_func_shim
                0x100044c8        0xc CMakeFiles/flashmicro.dir/D_/ProgramFiles/Raspberry_Pi/Pico_SDK_v1.5.1/pico-sdk/src/rp2_common/pico_float/float_init_rom.c.obj
 .text.__aeabi_float_init
                0x100044d4       0x88 CMakeFiles/flashmicro.dir/D_/ProgramFiles/Raspberry_Pi/Pico_SDK_v1.5.1/pico-sdk/src/rp2_common/pico_float/float_init_rom.c.obj
                0x100044d4                __aeabi_float_init
 .text.__wrap_malloc
                0x1000455c       0x24 CMakeFiles/flashmicro.dir/D_/ProgramFiles/Raspberry_Pi/Pico_SDK_v1.5.1/pico-sdk/src/rp2_common/pico_malloc/pico_malloc.c.obj
                0x1000455c                __wrap_malloc
 .text.__wrap_free
                0x10004580        0x8 CMakeFiles/flashmicro.dir/D_/ProgramFiles/Raspberry_Pi/Pico_SDK_v1.5.1/pico-sdk/src/rp2_common/pico_malloc/pico_malloc.c.obj
                0x10004580                __wrap_free
 .text          0x10004588       0x10 CMakeFiles/flashmicro.dir/D_/ProgramFiles/Raspberry_Pi/Pico_SDK_v1.5.1/pico-sdk/src/rp2_common/pico_mem_ops/mem_ops_aeabi.S.obj
                0x10004588                __aeabi_mem_init
 .text.memset   0x10004598        0xc CMakeFiles/flashmicro.dir/D_/ProgramFiles/Raspberry_Pi/Pico_SDK_v1.5.1/pico-sdk/src/rp2_common/pico_mem_ops/mem_ops_aeabi.S.obj
                0x10004598                __wrap_memset
 .text.memcpy   0x100045a4        0xc CMakeFiles/flashmicro.dir/D_/ProgramFiles/Raspberry_Pi/Pico_SDK_v1.5.1/pico-sdk/src/rp2_common/pico_mem_ops/mem_ops_aeabi.S.obj
                0x100045a4                __wrap_memcpy
                0x100045a4                __wrap___aeabi_memcpy
 .text.stdio_out_chars_no_crlf
                0x100045b0        0xe CMakeFiles/flashmicro.dir/D_/ProgramFiles/Raspberry_Pi/Pico_SDK_v1.5.1/pico-sdk/src/rp2_common/pico_stdio/stdio.c.obj
 *fill*         0x100045be        0x2 
 .text.stdio_out_chars_crlf
                0x100045c0       0x80 CMakeFiles/flashmicro.dir/D_/ProgramFiles/Raspberry_Pi/Pico_SDK_v1.5.1/pico-sdk/src/rp2_common/pico_stdio/stdio.c.obj
 .text.stdio_stack_buffer_flush
                0x10004640       0x44 CMakeFiles/flashmicro.dir/D_/ProgramFiles/Raspberry_Pi/Pico_SDK_v1.5.1/pico-sdk/src/rp2_common/pico_stdio/stdio.c.obj
 .text.stdio_buffered_printer
                0x10004684       0x20 CMakeFiles/flashmicro.dir/D_/ProgramFiles/Raspberry_Pi/Pico_SDK_v1.5.1/pico-sdk/src/rp2_common/pico_stdio/stdio.c.obj
 .text.stdio_get_until
                0x100046a4       0x80 CMakeFiles/flashmicro.dir/D_/ProgramFiles/Raspberry_Pi/Pico_SDK_v1.5.1/pico-sdk/src/rp2_common/pico_stdio/stdio.c.obj
 .text.stdout_serialize_begin
                0x10004724       0x5c CMakeFiles/flashmicro.dir/D_/ProgramFiles/Raspberry_Pi/Pico_SDK_v1.5.1/pico-sdk/src/rp2_common/pico_stdio/stdio.c.obj
                0x10004724                stdout_serialize_begin
 .text.stdout_serialize_end
                0x10004780       0x10 CMakeFiles/flashmicro.dir/D_/ProgramFiles/Raspberry_Pi/Pico_SDK_v1.5.1/pico-sdk/src/rp2_common/pico_stdio/stdio.c.obj
                0x10004780                stdout_serialize_end
 .text.stdio_put_string
                0x10004790       0x98 CMakeFiles/flashmicro.dir/D_/ProgramFiles/Raspberry_Pi/Pico_SDK_v1.5.1/pico-sdk/src/rp2_common/pico_stdio/stdio.c.obj
 .text._read    0x10004828       0x24 CMakeFiles/flashmicro.dir/D_/ProgramFiles/Raspberry_Pi/Pico_SDK_v1.5.1/pico-sdk/src/rp2_common/pico_stdio/stdio.c.obj
                0x10004828                _read
 .text._write   0x1000484c       0x22 CMakeFiles/flashmicro.dir/D_/ProgramFiles/Raspberry_Pi/Pico_SDK_v1.5.1/pico-sdk/src/rp2_common/pico_stdio/stdio.c.obj
                0x1000484c                _write
 .text._close   0x1000486e        0x6 CMakeFiles/flashmicro.dir/D_/ProgramFiles/Raspberry_Pi/Pico_SDK_v1.5.1/pico-sdk/src/rp2_common/pico_stdio/stdio.c.obj
                0x1000486e                _close
 .text._lseek   0x10004874        0x6 CMakeFiles/flashmicro.dir/D_/ProgramFiles/Raspberry_Pi/Pico_SDK_v1.5.1/pico-sdk/src/rp2_common/pico_stdio/stdio.c.obj
                0x10004874                _lseek
 *fill*         0x1000487a        0x2 
 .text.stdio_set_driver_enabled
                0x1000487c       0x2c CMakeFiles/flashmicro.dir/D_/ProgramFiles/Raspberry_Pi/Pico_SDK_v1.5.1/pico-sdk/src/rp2_common/pico_stdio/stdio.c.obj
                0x1000487c                stdio_set_driver_enabled
 .text.stdio_flush
                0x100048a8       0x20 CMakeFiles/flashmicro.dir/D_/ProgramFiles/Raspberry_Pi/Pico_SDK_v1.5.1/pico-sdk/src/rp2_common/pico_stdio/stdio.c.obj
                0x100048a8                stdio_flush
 .text.__wrap_puts
                0x100048c8       0x1e CMakeFiles/flashmicro.dir/D_/ProgramFiles/Raspberry_Pi/Pico_SDK_v1.5.1/pico-sdk/src/rp2_common/pico_stdio/stdio.c.obj
                0x100048c8                __wrap_puts
 *fill*         0x100048e6        0x2 
 .text.__wrap_vprintf
                0x100048e8       0x40 CMakeFiles/flashmicro.dir/D_/ProgramFiles/Raspberry_Pi/Pico_SDK_v1.5.1/pico-sdk/src/rp2_common/pico_stdio/stdio.c.obj
                0x100048e8                __wrap_vprintf
 .text.__wrap_printf
                0x10004928       0x18 CMakeFiles/flashmicro.dir/D_/ProgramFiles/Raspberry_Pi/Pico_SDK_v1.5.1/pico-sdk/src/rp2_common/pico_stdio/stdio.c.obj
                0x10004928                __wrap_printf
 .text.stdio_init_all
                0x10004940        0xe CMakeFiles/flashmicro.dir/D_/ProgramFiles/Raspberry_Pi/Pico_SDK_v1.5.1/pico-sdk/src/rp2_common/pico_stdio/stdio.c.obj
                0x10004940                stdio_init_all
 *fill*         0x1000494e        0x2 
 .text.stdio_uart_out_chars
                0x10004950       0x74 CMakeFiles/flashmicro.dir/D_/ProgramFiles/Raspberry_Pi/Pico_SDK_v1.5.1/pico-sdk/src/rp2_common/pico_stdio_uart/stdio_uart.c.obj
 .text.stdio_uart_in_chars
                0x100049c4       0x80 CMakeFiles/flashmicro.dir/D_/ProgramFiles/Raspberry_Pi/Pico_SDK_v1.5.1/pico-sdk/src/rp2_common/pico_stdio_uart/stdio_uart.c.obj
                0x100049c4                stdio_uart_in_chars
 .text.on_uart_rx
                0x10004a44       0x28 CMakeFiles/flashmicro.dir/D_/ProgramFiles/Raspberry_Pi/Pico_SDK_v1.5.1/pico-sdk/src/rp2_common/pico_stdio_uart/stdio_uart.c.obj
 .text.stdio_uart_set_chars_available_callback
                0x10004a6c       0x8c CMakeFiles/flashmicro.dir/D_/ProgramFiles/Raspberry_Pi/Pico_SDK_v1.5.1/pico-sdk/src/rp2_common/pico_stdio_uart/stdio_uart.c.obj
 .text.stdio_uart_init_full
                0x10004af8       0x44 CMakeFiles/flashmicro.dir/D_/ProgramFiles/Raspberry_Pi/Pico_SDK_v1.5.1/pico-sdk/src/rp2_common/pico_stdio_uart/stdio_uart.c.obj
                0x10004af8                stdio_uart_init_full
 .text.stdio_uart_init
                0x10004b3c       0x28 CMakeFiles/flashmicro.dir/D_/ProgramFiles/Raspberry_Pi/Pico_SDK_v1.5.1/pico-sdk/src/rp2_common/pico_stdio_uart/stdio_uart.c.obj
                0x10004b3c                stdio_uart_init
 .text.resetd_init
                0x10004b64        0x2 CMakeFiles/flashmicro.dir/D_/ProgramFiles/Raspberry_Pi/Pico_SDK_v1.5.1/pico-sdk/src/rp2_common/pico_stdio_usb/reset_interface.c.obj
 *fill*         0x10004b66        0x2 
 .text.resetd_reset
                0x10004b68        0xc CMakeFiles/flashmicro.dir/D_/ProgramFiles/Raspberry_Pi/Pico_SDK_v1.5.1/pico-sdk/src/rp2_common/pico_stdio_usb/reset_interface.c.obj
 .text.resetd_open
                0x10004b74       0x34 CMakeFiles/flashmicro.dir/D_/ProgramFiles/Raspberry_Pi/Pico_SDK_v1.5.1/pico-sdk/src/rp2_common/pico_stdio_usb/reset_interface.c.obj
 .text.resetd_xfer_cb
                0x10004ba8        0x4 CMakeFiles/flashmicro.dir/D_/ProgramFiles/Raspberry_Pi/Pico_SDK_v1.5.1/pico-sdk/src/rp2_common/pico_stdio_usb/reset_interface.c.obj
 .text.reset_usb_boot
                0x10004bac       0x18 CMakeFiles/flashmicro.dir/D_/ProgramFiles/Raspberry_Pi/Pico_SDK_v1.5.1/pico-sdk/src/rp2_common/pico_stdio_usb/reset_interface.c.obj
 .text.resetd_control_xfer_cb
                0x10004bc4       0x5c CMakeFiles/flashmicro.dir/D_/ProgramFiles/Raspberry_Pi/Pico_SDK_v1.5.1/pico-sdk/src/rp2_common/pico_stdio_usb/reset_interface.c.obj
 .text.usbd_app_driver_get_cb
                0x10004c20        0xc CMakeFiles/flashmicro.dir/D_/ProgramFiles/Raspberry_Pi/Pico_SDK_v1.5.1/pico-sdk/src/rp2_common/pico_stdio_usb/reset_interface.c.obj
                0x10004c20                usbd_app_driver_get_cb
 .text.tud_cdc_line_coding_cb
                0x10004c2c       0x28 CMakeFiles/flashmicro.dir/D_/ProgramFiles/Raspberry_Pi/Pico_SDK_v1.5.1/pico-sdk/src/rp2_common/pico_stdio_usb/reset_interface.c.obj
                0x10004c2c                tud_cdc_line_coding_cb
 .text.stdio_usb_set_chars_available_callback
                0x10004c54       0x14 CMakeFiles/flashmicro.dir/D_/ProgramFiles/Raspberry_Pi/Pico_SDK_v1.5.1/pico-sdk/src/rp2_common/pico_stdio_usb/stdio_usb.c.obj
                0x10004c54                stdio_usb_set_chars_available_callback
 .text.usb_irq  0x10004c68       0x10 CMakeFiles/flashmicro.dir/D_/ProgramFiles/Raspberry_Pi/Pico_SDK_v1.5.1/pico-sdk/src/rp2_common/pico_stdio_usb/stdio_usb.c.obj
 .text.timer_task
                0x10004c78       0x5c CMakeFiles/flashmicro.dir/D_/ProgramFiles/Raspberry_Pi/Pico_SDK_v1.5.1/pico-sdk/src/rp2_common/pico_stdio_usb/stdio_usb.c.obj
 .text.low_priority_worker_irq
                0x10004cd4       0xdc CMakeFiles/flashmicro.dir/D_/ProgramFiles/Raspberry_Pi/Pico_SDK_v1.5.1/pico-sdk/src/rp2_common/pico_stdio_usb/stdio_usb.c.obj
 .text.tud_cdc_rx_cb
                0x10004db0       0x20 CMakeFiles/flashmicro.dir/D_/ProgramFiles/Raspberry_Pi/Pico_SDK_v1.5.1/pico-sdk/src/rp2_common/pico_stdio_usb/stdio_usb.c.obj
                0x10004db0                tud_cdc_rx_cb
 .text.stdio_usb_init
                0x10004dd0      0x11c CMakeFiles/flashmicro.dir/D_/ProgramFiles/Raspberry_Pi/Pico_SDK_v1.5.1/pico-sdk/src/rp2_common/pico_stdio_usb/stdio_usb.c.obj
                0x10004dd0                stdio_usb_init
 .text.stdio_usb_connected
                0x10004eec        0xa CMakeFiles/flashmicro.dir/D_/ProgramFiles/Raspberry_Pi/Pico_SDK_v1.5.1/pico-sdk/src/rp2_common/pico_stdio_usb/stdio_usb.c.obj
                0x10004eec                stdio_usb_connected
 *fill*         0x10004ef6        0x2 
 .text.stdio_usb_in_chars
                0x10004ef8       0xc4 CMakeFiles/flashmicro.dir/D_/ProgramFiles/Raspberry_Pi/Pico_SDK_v1.5.1/pico-sdk/src/rp2_common/pico_stdio_usb/stdio_usb.c.obj
                0x10004ef8                stdio_usb_in_chars
 .text.stdio_usb_out_chars
                0x10004fbc      0x114 CMakeFiles/flashmicro.dir/D_/ProgramFiles/Raspberry_Pi/Pico_SDK_v1.5.1/pico-sdk/src/rp2_common/pico_stdio_usb/stdio_usb.c.obj
 .text.tud_descriptor_device_cb
                0x100050d0        0x8 CMakeFiles/flashmicro.dir/D_/ProgramFiles/Raspberry_Pi/Pico_SDK_v1.5.1/pico-sdk/src/rp2_common/pico_stdio_usb/stdio_usb_descriptors.c.obj
                0x100050d0                tud_descriptor_device_cb
 .text.tud_descriptor_configuration_cb
                0x100050d8        0x8 CMakeFiles/flashmicro.dir/D_/ProgramFiles/Raspberry_Pi/Pico_SDK_v1.5.1/pico-sdk/src/rp2_common/pico_stdio_usb/stdio_usb_descriptors.c.obj
                0x100050d8                tud_descriptor_configuration_cb
 .text.tud_descriptor_string_cb
                0x100050e0       0x6c CMakeFiles/flashmicro.dir/D_/ProgramFiles/Raspberry_Pi/Pico_SDK_v1.5.1/pico-sdk/src/rp2_common/pico_stdio_usb/stdio_usb_descriptors.c.obj
                0x100050e0                tud_descriptor_string_cb
 .text._retrieve_unique_id_on_boot
                0x1000514c       0x10 CMakeFiles/flashmicro.dir/D_/ProgramFiles/Raspberry_Pi/Pico_SDK_v1.5.1/pico-sdk/src/rp2_common/pico_unique_id/unique_id.c.obj
 .text.pico_get_unique_board_id_string
                0x1000515c       0x60 CMakeFiles/flashmicro.dir/D_/ProgramFiles/Raspberry_Pi/Pico_SDK_v1.5.1/pico-sdk/src/rp2_common/pico_unique_id/unique_id.c.obj
                0x1000515c                pico_get_unique_board_id_string
 .text.flash_get_unique_id
                0x100051bc       0x46 CMakeFiles/flashmicro.dir/D_/ProgramFiles/Raspberry_Pi/Pico_SDK_v1.5.1/pico-sdk/src/rp2_common/hardware_flash/flash.c.obj
                0x100051bc                flash_get_unique_id
 *fill*         0x10005202        0x2 
 .text.hw_endpoint_get_by_addr
                0x10005204       0x18 CMakeFiles/flashmicro.dir/D_/ProgramFiles/Raspberry_Pi/Pico_SDK_v1.5.1/pico-sdk/lib/tinyusb/src/portable/raspberrypi/rp2040/dcd_rp2040.c.obj
 .text._hw_endpoint_alloc
                0x1000521c       0x70 CMakeFiles/flashmicro.dir/D_/ProgramFiles/Raspberry_Pi/Pico_SDK_v1.5.1/pico-sdk/lib/tinyusb/src/portable/raspberrypi/rp2040/dcd_rp2040.c.obj
 .text.hw_endpoint_init
                0x1000528c       0x88 CMakeFiles/flashmicro.dir/D_/ProgramFiles/Raspberry_Pi/Pico_SDK_v1.5.1/pico-sdk/lib/tinyusb/src/portable/raspberrypi/rp2040/dcd_rp2040.c.obj
 .text.hw_endpoint_xfer
                0x10005314       0x14 CMakeFiles/flashmicro.dir/D_/ProgramFiles/Raspberry_Pi/Pico_SDK_v1.5.1/pico-sdk/lib/tinyusb/src/portable/raspberrypi/rp2040/dcd_rp2040.c.obj
 .text.dcd_int_enable
                0x10005328       0x2c CMakeFiles/flashmicro.dir/D_/ProgramFiles/Raspberry_Pi/Pico_SDK_v1.5.1/pico-sdk/lib/tinyusb/src/portable/raspberrypi/rp2040/dcd_rp2040.c.obj
                0x10005328                dcd_int_enable
 .text.dcd_set_address
                0x10005354       0x2c CMakeFiles/flashmicro.dir/D_/ProgramFiles/Raspberry_Pi/Pico_SDK_v1.5.1/pico-sdk/lib/tinyusb/src/portable/raspberrypi/rp2040/dcd_rp2040.c.obj
                0x10005354                dcd_set_address
 .text.dcd_connect
                0x10005380       0x10 CMakeFiles/flashmicro.dir/D_/ProgramFiles/Raspberry_Pi/Pico_SDK_v1.5.1/pico-sdk/lib/tinyusb/src/portable/raspberrypi/rp2040/dcd_rp2040.c.obj
                0x10005380                dcd_connect
 .text.dcd_init
                0x10005390       0x80 CMakeFiles/flashmicro.dir/D_/ProgramFiles/Raspberry_Pi/Pico_SDK_v1.5.1/pico-sdk/lib/tinyusb/src/portable/raspberrypi/rp2040/dcd_rp2040.c.obj
                0x10005390                dcd_init
 .text.dcd_edpt0_status_complete
                0x10005410       0x1c CMakeFiles/flashmicro.dir/D_/ProgramFiles/Raspberry_Pi/Pico_SDK_v1.5.1/pico-sdk/lib/tinyusb/src/portable/raspberrypi/rp2040/dcd_rp2040.c.obj
                0x10005410                dcd_edpt0_status_complete
 .text.dcd_edpt_open
                0x1000542c       0x40 CMakeFiles/flashmicro.dir/D_/ProgramFiles/Raspberry_Pi/Pico_SDK_v1.5.1/pico-sdk/lib/tinyusb/src/portable/raspberrypi/rp2040/dcd_rp2040.c.obj
                0x1000542c                dcd_edpt_open
 .text.dcd_edpt_close_all
                0x1000546c        0x8 CMakeFiles/flashmicro.dir/D_/ProgramFiles/Raspberry_Pi/Pico_SDK_v1.5.1/pico-sdk/lib/tinyusb/src/portable/raspberrypi/rp2040/dcd_rp2040.c.obj
                0x1000546c                dcd_edpt_close_all
 .text.dcd_edpt_xfer
                0x10005474       0x34 CMakeFiles/flashmicro.dir/D_/ProgramFiles/Raspberry_Pi/Pico_SDK_v1.5.1/pico-sdk/lib/tinyusb/src/portable/raspberrypi/rp2040/dcd_rp2040.c.obj
                0x10005474                dcd_edpt_xfer
 .text.dcd_edpt_stall
                0x100054a8       0x2c CMakeFiles/flashmicro.dir/D_/ProgramFiles/Raspberry_Pi/Pico_SDK_v1.5.1/pico-sdk/lib/tinyusb/src/portable/raspberrypi/rp2040/dcd_rp2040.c.obj
                0x100054a8                dcd_edpt_stall
 .text.dcd_edpt_clear_stall
                0x100054d4       0x20 CMakeFiles/flashmicro.dir/D_/ProgramFiles/Raspberry_Pi/Pico_SDK_v1.5.1/pico-sdk/lib/tinyusb/src/portable/raspberrypi/rp2040/dcd_rp2040.c.obj
                0x100054d4                dcd_edpt_clear_stall
 .text.rp2040_usb_init
                0x100054f4       0x4c CMakeFiles/flashmicro.dir/D_/ProgramFiles/Raspberry_Pi/Pico_SDK_v1.5.1/pico-sdk/lib/tinyusb/src/portable/raspberrypi/rp2040/rp2040_usb.c.obj
                0x100054f4                rp2040_usb_init
 .text.hw_endpoint_xfer_start
                0x10005540       0x50 CMakeFiles/flashmicro.dir/D_/ProgramFiles/Raspberry_Pi/Pico_SDK_v1.5.1/pico-sdk/lib/tinyusb/src/portable/raspberrypi/rp2040/rp2040_usb.c.obj
                0x10005540                hw_endpoint_xfer_start
 .text.configuration_reset
                0x10005590       0x84 CMakeFiles/flashmicro.dir/D_/ProgramFiles/Raspberry_Pi/Pico_SDK_v1.5.1/pico-sdk/lib/tinyusb/src/device/usbd.c.obj
 .text.usbd_reset
                0x10005614        0xc CMakeFiles/flashmicro.dir/D_/ProgramFiles/Raspberry_Pi/Pico_SDK_v1.5.1/pico-sdk/lib/tinyusb/src/device/usbd.c.obj
 .text.invoke_class_control
                0x10005620       0x1a CMakeFiles/flashmicro.dir/D_/ProgramFiles/Raspberry_Pi/Pico_SDK_v1.5.1/pico-sdk/lib/tinyusb/src/device/usbd.c.obj
 *fill*         0x1000563a        0x2 
 .text.process_set_config
                0x1000563c      0x178 CMakeFiles/flashmicro.dir/D_/ProgramFiles/Raspberry_Pi/Pico_SDK_v1.5.1/pico-sdk/lib/tinyusb/src/device/usbd.c.obj
 .text.process_get_descriptor
                0x100057b4       0xdc CMakeFiles/flashmicro.dir/D_/ProgramFiles/Raspberry_Pi/Pico_SDK_v1.5.1/pico-sdk/lib/tinyusb/src/device/usbd.c.obj
 .text.tud_mounted
                0x10005890       0x10 CMakeFiles/flashmicro.dir/D_/ProgramFiles/Raspberry_Pi/Pico_SDK_v1.5.1/pico-sdk/lib/tinyusb/src/device/usbd.c.obj
                0x10005890                tud_mounted
 .text.tud_suspended
                0x100058a0       0x10 CMakeFiles/flashmicro.dir/D_/ProgramFiles/Raspberry_Pi/Pico_SDK_v1.5.1/pico-sdk/lib/tinyusb/src/device/usbd.c.obj
                0x100058a0                tud_suspended
 .text.tud_inited
                0x100058b0       0x14 CMakeFiles/flashmicro.dir/D_/ProgramFiles/Raspberry_Pi/Pico_SDK_v1.5.1/pico-sdk/lib/tinyusb/src/device/usbd.c.obj
                0x100058b0                tud_inited
 .text.tud_init
                0x100058c4       0xcc CMakeFiles/flashmicro.dir/D_/ProgramFiles/Raspberry_Pi/Pico_SDK_v1.5.1/pico-sdk/lib/tinyusb/src/device/usbd.c.obj
                0x100058c4                tud_init
 .text.usbd_defer_func
                0x10005990       0x2a CMakeFiles/flashmicro.dir/D_/ProgramFiles/Raspberry_Pi/Pico_SDK_v1.5.1/pico-sdk/lib/tinyusb/src/device/usbd.c.obj
                0x10005990                usbd_defer_func
 *fill*         0x100059ba        0x2 
 .text.usbd_edpt_open
                0x100059bc       0x34 CMakeFiles/flashmicro.dir/D_/ProgramFiles/Raspberry_Pi/Pico_SDK_v1.5.1/pico-sdk/lib/tinyusb/src/device/usbd.c.obj
                0x100059bc                usbd_edpt_open
 .text.usbd_open_edpt_pair
                0x100059f0       0x62 CMakeFiles/flashmicro.dir/D_/ProgramFiles/Raspberry_Pi/Pico_SDK_v1.5.1/pico-sdk/lib/tinyusb/src/device/usbd.c.obj
                0x100059f0                usbd_open_edpt_pair
 *fill*         0x10005a52        0x2 
 .text.usbd_edpt_claim
                0x10005a54       0x28 CMakeFiles/flashmicro.dir/D_/ProgramFiles/Raspberry_Pi/Pico_SDK_v1.5.1/pico-sdk/lib/tinyusb/src/device/usbd.c.obj
                0x10005a54                usbd_edpt_claim
 .text.usbd_edpt_release
                0x10005a7c       0x28 CMakeFiles/flashmicro.dir/D_/ProgramFiles/Raspberry_Pi/Pico_SDK_v1.5.1/pico-sdk/lib/tinyusb/src/device/usbd.c.obj
                0x10005a7c                usbd_edpt_release
 .text.usbd_edpt_xfer
                0x10005aa4       0x78 CMakeFiles/flashmicro.dir/D_/ProgramFiles/Raspberry_Pi/Pico_SDK_v1.5.1/pico-sdk/lib/tinyusb/src/device/usbd.c.obj
                0x10005aa4                usbd_edpt_xfer
 .text.usbd_edpt_stall
                0x10005b1c       0x48 CMakeFiles/flashmicro.dir/D_/ProgramFiles/Raspberry_Pi/Pico_SDK_v1.5.1/pico-sdk/lib/tinyusb/src/device/usbd.c.obj
                0x10005b1c                usbd_edpt_stall
 .text.usbd_edpt_clear_stall
                0x10005b64       0x48 CMakeFiles/flashmicro.dir/D_/ProgramFiles/Raspberry_Pi/Pico_SDK_v1.5.1/pico-sdk/lib/tinyusb/src/device/usbd.c.obj
                0x10005b64                usbd_edpt_clear_stall
 .text.usbd_edpt_stalled
                0x10005bac       0x1c CMakeFiles/flashmicro.dir/D_/ProgramFiles/Raspberry_Pi/Pico_SDK_v1.5.1/pico-sdk/lib/tinyusb/src/device/usbd.c.obj
                0x10005bac                usbd_edpt_stalled
 .text.process_control_request
                0x10005bc8      0x37c CMakeFiles/flashmicro.dir/D_/ProgramFiles/Raspberry_Pi/Pico_SDK_v1.5.1/pico-sdk/lib/tinyusb/src/device/usbd.c.obj
 .text.tud_task_ext
                0x10005f44      0x1b8 CMakeFiles/flashmicro.dir/D_/ProgramFiles/Raspberry_Pi/Pico_SDK_v1.5.1/pico-sdk/lib/tinyusb/src/device/usbd.c.obj
                0x10005f44                tud_task_ext
 .text._data_stage_xact
                0x100060fc       0x58 CMakeFiles/flashmicro.dir/D_/ProgramFiles/Raspberry_Pi/Pico_SDK_v1.5.1/pico-sdk/lib/tinyusb/src/device/usbd_control.c.obj
 .text.tud_control_status
                0x10006154       0x38 CMakeFiles/flashmicro.dir/D_/ProgramFiles/Raspberry_Pi/Pico_SDK_v1.5.1/pico-sdk/lib/tinyusb/src/device/usbd_control.c.obj
                0x10006154                tud_control_status
 .text.tud_control_xfer
                0x1000618c       0x74 CMakeFiles/flashmicro.dir/D_/ProgramFiles/Raspberry_Pi/Pico_SDK_v1.5.1/pico-sdk/lib/tinyusb/src/device/usbd_control.c.obj
                0x1000618c                tud_control_xfer
 .text.usbd_control_reset
                0x10006200       0x14 CMakeFiles/flashmicro.dir/D_/ProgramFiles/Raspberry_Pi/Pico_SDK_v1.5.1/pico-sdk/lib/tinyusb/src/device/usbd_control.c.obj
                0x10006200                usbd_control_reset
 .text.usbd_control_set_complete_callback
                0x10006214        0xc CMakeFiles/flashmicro.dir/D_/ProgramFiles/Raspberry_Pi/Pico_SDK_v1.5.1/pico-sdk/lib/tinyusb/src/device/usbd_control.c.obj
                0x10006214                usbd_control_set_complete_callback
 .text.usbd_control_set_request
                0x10006220       0x1c CMakeFiles/flashmicro.dir/D_/ProgramFiles/Raspberry_Pi/Pico_SDK_v1.5.1/pico-sdk/lib/tinyusb/src/device/usbd_control.c.obj
                0x10006220                usbd_control_set_request
 .text.usbd_control_xfer_cb
                0x1000623c       0xcc CMakeFiles/flashmicro.dir/D_/ProgramFiles/Raspberry_Pi/Pico_SDK_v1.5.1/pico-sdk/lib/tinyusb/src/device/usbd_control.c.obj
                0x1000623c                usbd_control_xfer_cb
 .text._prep_out_transaction
                0x10006308       0x4a CMakeFiles/flashmicro.dir/D_/ProgramFiles/Raspberry_Pi/Pico_SDK_v1.5.1/pico-sdk/lib/tinyusb/src/class/cdc/cdc_device.c.obj
 *fill*         0x10006352        0x2 
 .text.tud_cdc_n_connected
                0x10006354       0x44 CMakeFiles/flashmicro.dir/D_/ProgramFiles/Raspberry_Pi/Pico_SDK_v1.5.1/pico-sdk/lib/tinyusb/src/class/cdc/cdc_device.c.obj
                0x10006354                tud_cdc_n_connected
 .text.tud_cdc_n_available
                0x10006398       0x18 CMakeFiles/flashmicro.dir/D_/ProgramFiles/Raspberry_Pi/Pico_SDK_v1.5.1/pico-sdk/lib/tinyusb/src/class/cdc/cdc_device.c.obj
                0x10006398                tud_cdc_n_available
 .text.tud_cdc_n_read
                0x100063b0       0x28 CMakeFiles/flashmicro.dir/D_/ProgramFiles/Raspberry_Pi/Pico_SDK_v1.5.1/pico-sdk/lib/tinyusb/src/class/cdc/cdc_device.c.obj
                0x100063b0                tud_cdc_n_read
 .text.tud_cdc_n_write_flush
                0x100063d8       0xb8 CMakeFiles/flashmicro.dir/D_/ProgramFiles/Raspberry_Pi/Pico_SDK_v1.5.1/pico-sdk/lib/tinyusb/src/class/cdc/cdc_device.c.obj
                0x100063d8                tud_cdc_n_write_flush
 .text.tud_cdc_n_write
                0x10006490       0x38 CMakeFiles/flashmicro.dir/D_/ProgramFiles/Raspberry_Pi/Pico_SDK_v1.5.1/pico-sdk/lib/tinyusb/src/class/cdc/cdc_device.c.obj
                0x10006490                tud_cdc_n_write
 .text.tud_cdc_n_write_available
                0x100064c8       0x1c CMakeFiles/flashmicro.dir/D_/ProgramFiles/Raspberry_Pi/Pico_SDK_v1.5.1/pico-sdk/lib/tinyusb/src/class/cdc/cdc_device.c.obj
                0x100064c8                tud_cdc_n_write_available
 .text.cdcd_init
                0x100064e4       0xbc CMakeFiles/flashmicro.dir/D_/ProgramFiles/Raspberry_Pi/Pico_SDK_v1.5.1/pico-sdk/lib/tinyusb/src/class/cdc/cdc_device.c.obj
                0x100064e4                cdcd_init
 .text.cdcd_reset
                0x100065a0       0x44 CMakeFiles/flashmicro.dir/D_/ProgramFiles/Raspberry_Pi/Pico_SDK_v1.5.1/pico-sdk/lib/tinyusb/src/class/cdc/cdc_device.c.obj
                0x100065a0                cdcd_reset
 .text.cdcd_open
                0x100065e4       0xcc CMakeFiles/flashmicro.dir/D_/ProgramFiles/Raspberry_Pi/Pico_SDK_v1.5.1/pico-sdk/lib/tinyusb/src/class/cdc/cdc_device.c.obj
                0x100065e4                cdcd_open
 .text.cdcd_control_xfer_cb
                0x100066b0      0x134 CMakeFiles/flashmicro.dir/D_/ProgramFiles/Raspberry_Pi/Pico_SDK_v1.5.1/pico-sdk/lib/tinyusb/src/class/cdc/cdc_device.c.obj
                0x100066b0                cdcd_control_xfer_cb
 .text.cdcd_xfer_cb
                0x100067e4      0x130 CMakeFiles/flashmicro.dir/D_/ProgramFiles/Raspberry_Pi/Pico_SDK_v1.5.1/pico-sdk/lib/tinyusb/src/class/cdc/cdc_device.c.obj
                0x100067e4                cdcd_xfer_cb
 .text.tusb_init
                0x10006914        0xa CMakeFiles/flashmicro.dir/D_/ProgramFiles/Raspberry_Pi/Pico_SDK_v1.5.1/pico-sdk/lib/tinyusb/src/tusb.c.obj
                0x10006914                tusb_init
 .text.tusb_inited
                0x1000691e        0xe CMakeFiles/flashmicro.dir/D_/ProgramFiles/Raspberry_Pi/Pico_SDK_v1.5.1/pico-sdk/lib/tinyusb/src/tusb.c.obj
                0x1000691e                tusb_inited
 .text.tu_edpt_claim
                0x1000692c       0x50 CMakeFiles/flashmicro.dir/D_/ProgramFiles/Raspberry_Pi/Pico_SDK_v1.5.1/pico-sdk/lib/tinyusb/src/tusb.c.obj
                0x1000692c                tu_edpt_claim
 .text.tu_edpt_release
                0x1000697c       0x3c CMakeFiles/flashmicro.dir/D_/ProgramFiles/Raspberry_Pi/Pico_SDK_v1.5.1/pico-sdk/lib/tinyusb/src/tusb.c.obj
                0x1000697c                tu_edpt_release
 .text.tu_edpt_validate
                0x100069b8       0x78 CMakeFiles/flashmicro.dir/D_/ProgramFiles/Raspberry_Pi/Pico_SDK_v1.5.1/pico-sdk/lib/tinyusb/src/tusb.c.obj
                0x100069b8                tu_edpt_validate
 .text.tu_edpt_bind_driver
                0x10006a30       0x26 CMakeFiles/flashmicro.dir/D_/ProgramFiles/Raspberry_Pi/Pico_SDK_v1.5.1/pico-sdk/lib/tinyusb/src/tusb.c.obj
                0x10006a30                tu_edpt_bind_driver
 .text.advance_index
                0x10006a56       0x1a CMakeFiles/flashmicro.dir/D_/ProgramFiles/Raspberry_Pi/Pico_SDK_v1.5.1/pico-sdk/lib/tinyusb/src/common/tusb_fifo.c.obj
 .text._tu_fifo_peek
                0x10006a70       0x56 CMakeFiles/flashmicro.dir/D_/ProgramFiles/Raspberry_Pi/Pico_SDK_v1.5.1/pico-sdk/lib/tinyusb/src/common/tusb_fifo.c.obj
 .text._ff_pull_const_addr
                0x10006ac6       0x4c CMakeFiles/flashmicro.dir/D_/ProgramFiles/Raspberry_Pi/Pico_SDK_v1.5.1/pico-sdk/lib/tinyusb/src/common/tusb_fifo.c.obj
 .text._ff_pull_n
                0x10006b12      0x110 CMakeFiles/flashmicro.dir/D_/ProgramFiles/Raspberry_Pi/Pico_SDK_v1.5.1/pico-sdk/lib/tinyusb/src/common/tusb_fifo.c.obj
 .text._tu_fifo_peek_n
                0x10006c22       0x6a CMakeFiles/flashmicro.dir/D_/ProgramFiles/Raspberry_Pi/Pico_SDK_v1.5.1/pico-sdk/lib/tinyusb/src/common/tusb_fifo.c.obj
 .text._tu_fifo_read_n
                0x10006c8c       0x4e CMakeFiles/flashmicro.dir/D_/ProgramFiles/Raspberry_Pi/Pico_SDK_v1.5.1/pico-sdk/lib/tinyusb/src/common/tusb_fifo.c.obj
 .text._ff_push_const_addr
                0x10006cda       0x40 CMakeFiles/flashmicro.dir/D_/ProgramFiles/Raspberry_Pi/Pico_SDK_v1.5.1/pico-sdk/lib/tinyusb/src/common/tusb_fifo.c.obj
 .text._ff_push_n
                0x10006d1a      0x10c CMakeFiles/flashmicro.dir/D_/ProgramFiles/Raspberry_Pi/Pico_SDK_v1.5.1/pico-sdk/lib/tinyusb/src/common/tusb_fifo.c.obj
 .text._tu_fifo_write_n
                0x10006e26       0xf0 CMakeFiles/flashmicro.dir/D_/ProgramFiles/Raspberry_Pi/Pico_SDK_v1.5.1/pico-sdk/lib/tinyusb/src/common/tusb_fifo.c.obj
 .text.tu_fifo_config
                0x10006f16       0x7c CMakeFiles/flashmicro.dir/D_/ProgramFiles/Raspberry_Pi/Pico_SDK_v1.5.1/pico-sdk/lib/tinyusb/src/common/tusb_fifo.c.obj
                0x10006f16                tu_fifo_config
 .text.tu_fifo_count
                0x10006f92       0x2a CMakeFiles/flashmicro.dir/D_/ProgramFiles/Raspberry_Pi/Pico_SDK_v1.5.1/pico-sdk/lib/tinyusb/src/common/tusb_fifo.c.obj
                0x10006f92                tu_fifo_count
 .text.tu_fifo_empty
                0x10006fbc       0x10 CMakeFiles/flashmicro.dir/D_/ProgramFiles/Raspberry_Pi/Pico_SDK_v1.5.1/pico-sdk/lib/tinyusb/src/common/tusb_fifo.c.obj
                0x10006fbc                tu_fifo_empty
 .text.tu_fifo_full
                0x10006fcc       0x28 CMakeFiles/flashmicro.dir/D_/ProgramFiles/Raspberry_Pi/Pico_SDK_v1.5.1/pico-sdk/lib/tinyusb/src/common/tusb_fifo.c.obj
                0x10006fcc                tu_fifo_full
 .text.tu_fifo_remaining
                0x10006ff4       0x2c CMakeFiles/flashmicro.dir/D_/ProgramFiles/Raspberry_Pi/Pico_SDK_v1.5.1/pico-sdk/lib/tinyusb/src/common/tusb_fifo.c.obj
                0x10006ff4                tu_fifo_remaining
 .text.tu_fifo_read
                0x10007020       0x42 CMakeFiles/flashmicro.dir/D_/ProgramFiles/Raspberry_Pi/Pico_SDK_v1.5.1/pico-sdk/lib/tinyusb/src/common/tusb_fifo.c.obj
                0x10007020                tu_fifo_read
 .text.tu_fifo_read_n
                0x10007062        0xa CMakeFiles/flashmicro.dir/D_/ProgramFiles/Raspberry_Pi/Pico_SDK_v1.5.1/pico-sdk/lib/tinyusb/src/common/tusb_fifo.c.obj
                0x10007062                tu_fifo_read_n
 .text.tu_fifo_write
                0x1000706c       0x64 CMakeFiles/flashmicro.dir/D_/ProgramFiles/Raspberry_Pi/Pico_SDK_v1.5.1/pico-sdk/lib/tinyusb/src/common/tusb_fifo.c.obj
                0x1000706c                tu_fifo_write
 .text.tu_fifo_write_n
                0x100070d0        0xa CMakeFiles/flashmicro.dir/D_/ProgramFiles/Raspberry_Pi/Pico_SDK_v1.5.1/pico-sdk/lib/tinyusb/src/common/tusb_fifo.c.obj
                0x100070d0                tu_fifo_write_n
 .text.tu_fifo_clear
                0x100070da       0x3e CMakeFiles/flashmicro.dir/D_/ProgramFiles/Raspberry_Pi/Pico_SDK_v1.5.1/pico-sdk/lib/tinyusb/src/common/tusb_fifo.c.obj
                0x100070da                tu_fifo_clear
 .text.tu_fifo_set_overwritable
                0x10007118       0x46 CMakeFiles/flashmicro.dir/D_/ProgramFiles/Raspberry_Pi/Pico_SDK_v1.5.1/pico-sdk/lib/tinyusb/src/common/tusb_fifo.c.obj
                0x10007118                tu_fifo_set_overwritable
 .text.spi_set_baudrate
                0x1000715e       0xcc CMakeFiles/flashmicro.dir/D_/ProgramFiles/Raspberry_Pi/Pico_SDK_v1.5.1/pico-sdk/src/rp2_common/hardware_spi/spi.c.obj
                0x1000715e                spi_set_baudrate
 *fill*         0x1000722a        0x2 
 .text.spi_init
                0x1000722c       0x74 CMakeFiles/flashmicro.dir/D_/ProgramFiles/Raspberry_Pi/Pico_SDK_v1.5.1/pico-sdk/src/rp2_common/hardware_spi/spi.c.obj
                0x1000722c                spi_init
 .text.ff_memalloc
                0x100072a0        0x8 CMakeFiles/flashmicro.dir/no-OS-FatFS-SD-SPI-RPi-Pico/FatFs_SPI/ff15/source/ffsystem.c.obj
                0x100072a0                ff_memalloc
 .text.ff_memfree
                0x100072a8        0x8 CMakeFiles/flashmicro.dir/no-OS-FatFS-SD-SPI-RPi-Pico/FatFs_SPI/ff15/source/ffsystem.c.obj
                0x100072a8                ff_memfree
 .text.ff_uni2oem
                0x100072b0       0x44 CMakeFiles/flashmicro.dir/no-OS-FatFS-SD-SPI-RPi-Pico/FatFs_SPI/ff15/source/ffunicode.c.obj
                0x100072b0                ff_uni2oem
 .text.ff_wtoupper
                0x100072f4       0xa8 CMakeFiles/flashmicro.dir/no-OS-FatFS-SD-SPI-RPi-Pico/FatFs_SPI/ff15/source/ffunicode.c.obj
                0x100072f4                ff_wtoupper
 .text.ld_word  0x1000739c        0xa CMakeFiles/flashmicro.dir/no-OS-FatFS-SD-SPI-RPi-Pico/FatFs_SPI/ff15/source/ff.c.obj
 .text.ld_dword
                0x100073a6       0x18 CMakeFiles/flashmicro.dir/no-OS-FatFS-SD-SPI-RPi-Pico/FatFs_SPI/ff15/source/ff.c.obj
 .text.ld_qword
                0x100073be       0x42 CMakeFiles/flashmicro.dir/no-OS-FatFS-SD-SPI-RPi-Pico/FatFs_SPI/ff15/source/ff.c.obj
 .text.st_word  0x10007400        0x8 CMakeFiles/flashmicro.dir/no-OS-FatFS-SD-SPI-RPi-Pico/FatFs_SPI/ff15/source/ff.c.obj
 .text.st_dword
                0x10007408       0x10 CMakeFiles/flashmicro.dir/no-OS-FatFS-SD-SPI-RPi-Pico/FatFs_SPI/ff15/source/ff.c.obj
 .text.st_qword
                0x10007418       0x1e CMakeFiles/flashmicro.dir/no-OS-FatFS-SD-SPI-RPi-Pico/FatFs_SPI/ff15/source/ff.c.obj
 .text.dbc_1st  0x10007436        0x4 CMakeFiles/flashmicro.dir/no-OS-FatFS-SD-SPI-RPi-Pico/FatFs_SPI/ff15/source/ff.c.obj
 *fill*         0x1000743a        0x2 
 .text.tchar2uni
                0x1000743c       0xd0 CMakeFiles/flashmicro.dir/no-OS-FatFS-SD-SPI-RPi-Pico/FatFs_SPI/ff15/source/ff.c.obj
 .text.chk_share
                0x1000750c       0x78 CMakeFiles/flashmicro.dir/no-OS-FatFS-SD-SPI-RPi-Pico/FatFs_SPI/ff15/source/ff.c.obj
 .text.enq_share
                0x10007584       0x20 CMakeFiles/flashmicro.dir/no-OS-FatFS-SD-SPI-RPi-Pico/FatFs_SPI/ff15/source/ff.c.obj
 .text.inc_share
                0x100075a4       0xa8 CMakeFiles/flashmicro.dir/no-OS-FatFS-SD-SPI-RPi-Pico/FatFs_SPI/ff15/source/ff.c.obj
 .text.dec_share
                0x1000764c       0x44 CMakeFiles/flashmicro.dir/no-OS-FatFS-SD-SPI-RPi-Pico/FatFs_SPI/ff15/source/ff.c.obj
 .text.clear_share
                0x10007690       0x24 CMakeFiles/flashmicro.dir/no-OS-FatFS-SD-SPI-RPi-Pico/FatFs_SPI/ff15/source/ff.c.obj
 .text.clst2sect
                0x100076b4       0x28 CMakeFiles/flashmicro.dir/no-OS-FatFS-SD-SPI-RPi-Pico/FatFs_SPI/ff15/source/ff.c.obj
 .text.clmt_clust
                0x100076dc       0x30 CMakeFiles/flashmicro.dir/no-OS-FatFS-SD-SPI-RPi-Pico/FatFs_SPI/ff15/source/ff.c.obj
 .text.ld_clust
                0x1000770c       0x26 CMakeFiles/flashmicro.dir/no-OS-FatFS-SD-SPI-RPi-Pico/FatFs_SPI/ff15/source/ff.c.obj
 .text.st_clust
                0x10007732       0x26 CMakeFiles/flashmicro.dir/no-OS-FatFS-SD-SPI-RPi-Pico/FatFs_SPI/ff15/source/ff.c.obj
 .text.pick_lfn
                0x10007758       0x94 CMakeFiles/flashmicro.dir/no-OS-FatFS-SD-SPI-RPi-Pico/FatFs_SPI/ff15/source/ff.c.obj
 .text.put_lfn  0x100077ec       0x8c CMakeFiles/flashmicro.dir/no-OS-FatFS-SD-SPI-RPi-Pico/FatFs_SPI/ff15/source/ff.c.obj
 .text.sum_sfn  0x10007878       0x20 CMakeFiles/flashmicro.dir/no-OS-FatFS-SD-SPI-RPi-Pico/FatFs_SPI/ff15/source/ff.c.obj
 .text.xdir_sum
                0x10007898       0x2e CMakeFiles/flashmicro.dir/no-OS-FatFS-SD-SPI-RPi-Pico/FatFs_SPI/ff15/source/ff.c.obj
 .text.init_alloc_info
                0x100078c6       0x2e CMakeFiles/flashmicro.dir/no-OS-FatFS-SD-SPI-RPi-Pico/FatFs_SPI/ff15/source/ff.c.obj
 .text.get_ldnumber
                0x100078f4       0x5c CMakeFiles/flashmicro.dir/no-OS-FatFS-SD-SPI-RPi-Pico/FatFs_SPI/ff15/source/ff.c.obj
 .text.crc32    0x10007950       0x2c CMakeFiles/flashmicro.dir/no-OS-FatFS-SD-SPI-RPi-Pico/FatFs_SPI/ff15/source/ff.c.obj
 .text.ilog10   0x1000797c       0xb0 CMakeFiles/flashmicro.dir/no-OS-FatFS-SD-SPI-RPi-Pico/FatFs_SPI/ff15/source/ff.c.obj
 .text.i10x     0x10007a2c       0x54 CMakeFiles/flashmicro.dir/no-OS-FatFS-SD-SPI-RPi-Pico/FatFs_SPI/ff15/source/ff.c.obj
 .text.ftoa     0x10007a80      0x294 CMakeFiles/flashmicro.dir/no-OS-FatFS-SD-SPI-RPi-Pico/FatFs_SPI/ff15/source/ff.c.obj
 .text.validate
                0x10007d14       0x52 CMakeFiles/flashmicro.dir/no-OS-FatFS-SD-SPI-RPi-Pico/FatFs_SPI/ff15/source/ff.c.obj
 *fill*         0x10007d66        0x2 
 .text.test_gpt_header
                0x10007d68       0x7c CMakeFiles/flashmicro.dir/no-OS-FatFS-SD-SPI-RPi-Pico/FatFs_SPI/ff15/source/ff.c.obj
 .text.sync_window
                0x10007de4       0x70 CMakeFiles/flashmicro.dir/no-OS-FatFS-SD-SPI-RPi-Pico/FatFs_SPI/ff15/source/ff.c.obj
 .text.move_window
                0x10007e54       0x4c CMakeFiles/flashmicro.dir/no-OS-FatFS-SD-SPI-RPi-Pico/FatFs_SPI/ff15/source/ff.c.obj
 .text.check_fs
                0x10007ea0      0x100 CMakeFiles/flashmicro.dir/no-OS-FatFS-SD-SPI-RPi-Pico/FatFs_SPI/ff15/source/ff.c.obj
 .text.find_volume
                0x10007fa0      0x14c CMakeFiles/flashmicro.dir/no-OS-FatFS-SD-SPI-RPi-Pico/FatFs_SPI/ff15/source/ff.c.obj
 .text.mount_volume
                0x100080ec      0x540 CMakeFiles/flashmicro.dir/no-OS-FatFS-SD-SPI-RPi-Pico/FatFs_SPI/ff15/source/ff.c.obj
 .text.find_bitmap
                0x1000862c       0xa6 CMakeFiles/flashmicro.dir/no-OS-FatFS-SD-SPI-RPi-Pico/FatFs_SPI/ff15/source/ff.c.obj
 .text.change_bitmap
                0x100086d2       0x96 CMakeFiles/flashmicro.dir/no-OS-FatFS-SD-SPI-RPi-Pico/FatFs_SPI/ff15/source/ff.c.obj
 .text.put_fat  0x10008768      0x176 CMakeFiles/flashmicro.dir/no-OS-FatFS-SD-SPI-RPi-Pico/FatFs_SPI/ff15/source/ff.c.obj
 .text.fill_last_frag
                0x100088de       0x32 CMakeFiles/flashmicro.dir/no-OS-FatFS-SD-SPI-RPi-Pico/FatFs_SPI/ff15/source/ff.c.obj
 .text.fill_first_frag
                0x10008910       0x32 CMakeFiles/flashmicro.dir/no-OS-FatFS-SD-SPI-RPi-Pico/FatFs_SPI/ff15/source/ff.c.obj
 *fill*         0x10008942        0x2 
 .text.get_fat  0x10008944      0x1ac CMakeFiles/flashmicro.dir/no-OS-FatFS-SD-SPI-RPi-Pico/FatFs_SPI/ff15/source/ff.c.obj
 .text.create_chain
                0x10008af0      0x1c6 CMakeFiles/flashmicro.dir/no-OS-FatFS-SD-SPI-RPi-Pico/FatFs_SPI/ff15/source/ff.c.obj
 .text.dir_sdi  0x10008cb6       0xd4 CMakeFiles/flashmicro.dir/no-OS-FatFS-SD-SPI-RPi-Pico/FatFs_SPI/ff15/source/ff.c.obj
 .text.remove_chain
                0x10008d8a      0x14c CMakeFiles/flashmicro.dir/no-OS-FatFS-SD-SPI-RPi-Pico/FatFs_SPI/ff15/source/ff.c.obj
 .text.putc_init
                0x10008ed6       0x12 CMakeFiles/flashmicro.dir/no-OS-FatFS-SD-SPI-RPi-Pico/FatFs_SPI/ff15/source/ff.c.obj
 .text.dir_clear
                0x10008ee8       0xf0 CMakeFiles/flashmicro.dir/no-OS-FatFS-SD-SPI-RPi-Pico/FatFs_SPI/ff15/source/ff.c.obj
 .text.dir_next
                0x10008fd8      0x104 CMakeFiles/flashmicro.dir/no-OS-FatFS-SD-SPI-RPi-Pico/FatFs_SPI/ff15/source/ff.c.obj
 .text.dir_alloc
                0x100090dc       0x70 CMakeFiles/flashmicro.dir/no-OS-FatFS-SD-SPI-RPi-Pico/FatFs_SPI/ff15/source/ff.c.obj
 .text.load_xdir
                0x1000914c      0x10c CMakeFiles/flashmicro.dir/no-OS-FatFS-SD-SPI-RPi-Pico/FatFs_SPI/ff15/source/ff.c.obj
 .text.load_obj_xdir
                0x10009258       0x36 CMakeFiles/flashmicro.dir/no-OS-FatFS-SD-SPI-RPi-Pico/FatFs_SPI/ff15/source/ff.c.obj
 .text.dir_read
                0x1000928e      0x114 CMakeFiles/flashmicro.dir/no-OS-FatFS-SD-SPI-RPi-Pico/FatFs_SPI/ff15/source/ff.c.obj
 *fill*         0x100093a2        0x2 
 .text.gen_numname
                0x100093a4       0xac CMakeFiles/flashmicro.dir/no-OS-FatFS-SD-SPI-RPi-Pico/FatFs_SPI/ff15/source/ff.c.obj
 .text.store_xdir
                0x10009450       0x66 CMakeFiles/flashmicro.dir/no-OS-FatFS-SD-SPI-RPi-Pico/FatFs_SPI/ff15/source/ff.c.obj
 *fill*         0x100094b6        0x2 
 .text.create_name
                0x100094b8      0x324 CMakeFiles/flashmicro.dir/no-OS-FatFS-SD-SPI-RPi-Pico/FatFs_SPI/ff15/source/ff.c.obj
 .text.xname_sum
                0x100097dc       0x38 CMakeFiles/flashmicro.dir/no-OS-FatFS-SD-SPI-RPi-Pico/FatFs_SPI/ff15/source/ff.c.obj
 .text.create_xdir
                0x10009814       0x90 CMakeFiles/flashmicro.dir/no-OS-FatFS-SD-SPI-RPi-Pico/FatFs_SPI/ff15/source/ff.c.obj
 .text.cmp_lfn  0x100098a4       0xb0 CMakeFiles/flashmicro.dir/no-OS-FatFS-SD-SPI-RPi-Pico/FatFs_SPI/ff15/source/ff.c.obj
 .text.dir_find
                0x10009954      0x18c CMakeFiles/flashmicro.dir/no-OS-FatFS-SD-SPI-RPi-Pico/FatFs_SPI/ff15/source/ff.c.obj
 .text.follow_path
                0x10009ae0      0x11a CMakeFiles/flashmicro.dir/no-OS-FatFS-SD-SPI-RPi-Pico/FatFs_SPI/ff15/source/ff.c.obj
 .text.dir_register
                0x10009bfa      0x202 CMakeFiles/flashmicro.dir/no-OS-FatFS-SD-SPI-RPi-Pico/FatFs_SPI/ff15/source/ff.c.obj
 .text.sync_fs  0x10009dfc       0xa8 CMakeFiles/flashmicro.dir/no-OS-FatFS-SD-SPI-RPi-Pico/FatFs_SPI/ff15/source/ff.c.obj
 .text.f_mount  0x10009ea4       0x60 CMakeFiles/flashmicro.dir/no-OS-FatFS-SD-SPI-RPi-Pico/FatFs_SPI/ff15/source/ff.c.obj
                0x10009ea4                f_mount
 .text.f_open   0x10009f04      0x366 CMakeFiles/flashmicro.dir/no-OS-FatFS-SD-SPI-RPi-Pico/FatFs_SPI/ff15/source/ff.c.obj
                0x10009f04                f_open
 .text.f_write  0x1000a26a      0x2a0 CMakeFiles/flashmicro.dir/no-OS-FatFS-SD-SPI-RPi-Pico/FatFs_SPI/ff15/source/ff.c.obj
                0x1000a26a                f_write
 .text.putc_bfd
                0x1000a50a      0x18e CMakeFiles/flashmicro.dir/no-OS-FatFS-SD-SPI-RPi-Pico/FatFs_SPI/ff15/source/ff.c.obj
 .text.putc_flush
                0x1000a698       0x3c CMakeFiles/flashmicro.dir/no-OS-FatFS-SD-SPI-RPi-Pico/FatFs_SPI/ff15/source/ff.c.obj
 .text.f_sync   0x1000a6d4      0x17e CMakeFiles/flashmicro.dir/no-OS-FatFS-SD-SPI-RPi-Pico/FatFs_SPI/ff15/source/ff.c.obj
                0x1000a6d4                f_sync
 .text.f_close  0x1000a852       0x2e CMakeFiles/flashmicro.dir/no-OS-FatFS-SD-SPI-RPi-Pico/FatFs_SPI/ff15/source/ff.c.obj
                0x1000a852                f_close
 .text.f_printf
                0x1000a880      0x450 CMakeFiles/flashmicro.dir/no-OS-FatFS-SD-SPI-RPi-Pico/FatFs_SPI/ff15/source/ff.c.obj
                0x1000a880                f_printf
 .text.sd_spi_deselect
                0x1000acd0       0x26 CMakeFiles/flashmicro.dir/no-OS-FatFS-SD-SPI-RPi-Pico/FatFs_SPI/sd_driver/sd_spi.c.obj
 .text.sd_spi_select
                0x1000acf6       0x26 CMakeFiles/flashmicro.dir/no-OS-FatFS-SD-SPI-RPi-Pico/FatFs_SPI/sd_driver/sd_spi.c.obj
 .text.sd_spi_lock
                0x1000ad1c        0xa CMakeFiles/flashmicro.dir/no-OS-FatFS-SD-SPI-RPi-Pico/FatFs_SPI/sd_driver/sd_spi.c.obj
 .text.sd_spi_unlock
                0x1000ad26        0xa CMakeFiles/flashmicro.dir/no-OS-FatFS-SD-SPI-RPi-Pico/FatFs_SPI/sd_driver/sd_spi.c.obj
 .text.sd_spi_go_high_frequency
                0x1000ad30        0xe CMakeFiles/flashmicro.dir/no-OS-FatFS-SD-SPI-RPi-Pico/FatFs_SPI/sd_driver/sd_spi.c.obj
                0x1000ad30                sd_spi_go_high_frequency
 *fill*         0x1000ad3e        0x2 
 .text.sd_spi_go_low_frequency
                0x1000ad40       0x14 CMakeFiles/flashmicro.dir/no-OS-FatFS-SD-SPI-RPi-Pico/FatFs_SPI/sd_driver/sd_spi.c.obj
                0x1000ad40                sd_spi_go_low_frequency
 .text.sd_spi_deselect_pulse
                0x1000ad54       0x10 CMakeFiles/flashmicro.dir/no-OS-FatFS-SD-SPI-RPi-Pico/FatFs_SPI/sd_driver/sd_spi.c.obj
                0x1000ad54                sd_spi_deselect_pulse
 .text.sd_spi_acquire
                0x1000ad64       0x10 CMakeFiles/flashmicro.dir/no-OS-FatFS-SD-SPI-RPi-Pico/FatFs_SPI/sd_driver/sd_spi.c.obj
                0x1000ad64                sd_spi_acquire
 .text.sd_spi_release
                0x1000ad74       0x10 CMakeFiles/flashmicro.dir/no-OS-FatFS-SD-SPI-RPi-Pico/FatFs_SPI/sd_driver/sd_spi.c.obj
                0x1000ad74                sd_spi_release
 .text.sd_spi_transfer
                0x1000ad84        0xa CMakeFiles/flashmicro.dir/no-OS-FatFS-SD-SPI-RPi-Pico/FatFs_SPI/sd_driver/sd_spi.c.obj
                0x1000ad84                sd_spi_transfer
 *fill*         0x1000ad8e        0x2 
 .text.sd_spi_write
                0x1000ad90       0x44 CMakeFiles/flashmicro.dir/no-OS-FatFS-SD-SPI-RPi-Pico/FatFs_SPI/sd_driver/sd_spi.c.obj
                0x1000ad90                sd_spi_write
 .text.sd_spi_send_initializing_sequence
                0x1000add4       0xc0 CMakeFiles/flashmicro.dir/no-OS-FatFS-SD-SPI-RPi-Pico/FatFs_SPI/sd_driver/sd_spi.c.obj
                0x1000add4                sd_spi_send_initializing_sequence
 .text.in_spi_irq_handler
                0x1000ae94       0x90 CMakeFiles/flashmicro.dir/no-OS-FatFS-SD-SPI-RPi-Pico/FatFs_SPI/sd_driver/spi.c.obj
 .text.spi_lock
                0x1000af24       0x28 CMakeFiles/flashmicro.dir/no-OS-FatFS-SD-SPI-RPi-Pico/FatFs_SPI/sd_driver/spi.c.obj
                0x1000af24                spi_lock
 .text.spi_unlock
                0x1000af4c       0x28 CMakeFiles/flashmicro.dir/no-OS-FatFS-SD-SPI-RPi-Pico/FatFs_SPI/sd_driver/spi.c.obj
                0x1000af4c                spi_unlock
 .text.my_spi_init
                0x1000af74      0x2b4 CMakeFiles/flashmicro.dir/no-OS-FatFS-SD-SPI-RPi-Pico/FatFs_SPI/sd_driver/spi.c.obj
                0x1000af74                my_spi_init
 .text.ext_bits
                0x1000b228       0x30 CMakeFiles/flashmicro.dir/no-OS-FatFS-SD-SPI-RPi-Pico/FatFs_SPI/sd_driver/sd_card.c.obj
 .text.sd_ctor  0x1000b258       0x30 CMakeFiles/flashmicro.dir/no-OS-FatFS-SD-SPI-RPi-Pico/FatFs_SPI/sd_driver/sd_card.c.obj
 .text.sd_lock  0x1000b288       0x30 CMakeFiles/flashmicro.dir/no-OS-FatFS-SD-SPI-RPi-Pico/FatFs_SPI/sd_driver/sd_card.c.obj
 .text.sd_acquire
                0x1000b2b8       0x10 CMakeFiles/flashmicro.dir/no-OS-FatFS-SD-SPI-RPi-Pico/FatFs_SPI/sd_driver/sd_card.c.obj
 .text.sd_cmd_spi
                0x1000b2c8       0x74 CMakeFiles/flashmicro.dir/no-OS-FatFS-SD-SPI-RPi-Pico/FatFs_SPI/sd_driver/sd_card.c.obj
 .text.sd_unlock
                0x1000b33c       0x30 CMakeFiles/flashmicro.dir/no-OS-FatFS-SD-SPI-RPi-Pico/FatFs_SPI/sd_driver/sd_card.c.obj
 .text.sd_release
                0x1000b36c       0x10 CMakeFiles/flashmicro.dir/no-OS-FatFS-SD-SPI-RPi-Pico/FatFs_SPI/sd_driver/sd_card.c.obj
 .text.sd_wait_token
                0x1000b37c       0x9c CMakeFiles/flashmicro.dir/no-OS-FatFS-SD-SPI-RPi-Pico/FatFs_SPI/sd_driver/sd_card.c.obj
 .text.sd_read_bytes
                0x1000b418       0x90 CMakeFiles/flashmicro.dir/no-OS-FatFS-SD-SPI-RPi-Pico/FatFs_SPI/sd_driver/sd_card.c.obj
 .text.sd_read_block
                0x1000b4a8       0x8c CMakeFiles/flashmicro.dir/no-OS-FatFS-SD-SPI-RPi-Pico/FatFs_SPI/sd_driver/sd_card.c.obj
 .text.sd_wait_ready
                0x1000b534       0xb8 CMakeFiles/flashmicro.dir/no-OS-FatFS-SD-SPI-RPi-Pico/FatFs_SPI/sd_driver/sd_card.c.obj
 .text.sd_cmd   0x1000b5ec      0x2f4 CMakeFiles/flashmicro.dir/no-OS-FatFS-SD-SPI-RPi-Pico/FatFs_SPI/sd_driver/sd_card.c.obj
 .text.sd_cmd8  0x1000b8e0       0x50 CMakeFiles/flashmicro.dir/no-OS-FatFS-SD-SPI-RPi-Pico/FatFs_SPI/sd_driver/sd_card.c.obj
 .text.sd_sectors_nolock
                0x1000b930      0x148 CMakeFiles/flashmicro.dir/no-OS-FatFS-SD-SPI-RPi-Pico/FatFs_SPI/sd_driver/sd_card.c.obj
 .text.in_sd_read_blocks
                0x1000ba78       0xbc CMakeFiles/flashmicro.dir/no-OS-FatFS-SD-SPI-RPi-Pico/FatFs_SPI/sd_driver/sd_card.c.obj
 .text.sd_read_blocks
                0x1000bb34       0x2e CMakeFiles/flashmicro.dir/no-OS-FatFS-SD-SPI-RPi-Pico/FatFs_SPI/sd_driver/sd_card.c.obj
                0x1000bb34                sd_read_blocks
 *fill*         0x1000bb62        0x2 
 .text.sd_go_idle_state
                0x1000bb64       0x44 CMakeFiles/flashmicro.dir/no-OS-FatFS-SD-SPI-RPi-Pico/FatFs_SPI/sd_driver/sd_card.c.obj
 .text.sd_init_medium
                0x1000bba8      0x188 CMakeFiles/flashmicro.dir/no-OS-FatFS-SD-SPI-RPi-Pico/FatFs_SPI/sd_driver/sd_card.c.obj
 .text.sd_write_block
                0x1000bd30       0x8c CMakeFiles/flashmicro.dir/no-OS-FatFS-SD-SPI-RPi-Pico/FatFs_SPI/sd_driver/sd_card.c.obj
 .text.in_sd_write_blocks
                0x1000bdbc       0xf8 CMakeFiles/flashmicro.dir/no-OS-FatFS-SD-SPI-RPi-Pico/FatFs_SPI/sd_driver/sd_card.c.obj
 .text.sd_write_blocks
                0x1000beb4       0x2e CMakeFiles/flashmicro.dir/no-OS-FatFS-SD-SPI-RPi-Pico/FatFs_SPI/sd_driver/sd_card.c.obj
                0x1000beb4                sd_write_blocks
 .text.sd_test_com
                0x1000bee2       0x9a CMakeFiles/flashmicro.dir/no-OS-FatFS-SD-SPI-RPi-Pico/FatFs_SPI/sd_driver/sd_card.c.obj
 .text.sd_get_num
                0x1000bf7c        0x4 CMakeFiles/flashmicro.dir/no-OS-FatFS-SD-SPI-RPi-Pico/FatFs_SPI/sd_driver/sd_card.c.obj
                0x1000bf7c                sd_get_num
 .text.sd_get_by_num
                0x1000bf80       0x20 CMakeFiles/flashmicro.dir/no-OS-FatFS-SD-SPI-RPi-Pico/FatFs_SPI/sd_driver/sd_card.c.obj
                0x1000bf80                sd_get_by_num
 .text.spi_get_num
                0x1000bfa0        0x4 CMakeFiles/flashmicro.dir/no-OS-FatFS-SD-SPI-RPi-Pico/FatFs_SPI/sd_driver/sd_card.c.obj
                0x1000bfa0                spi_get_num
 .text.spi_get_by_num
                0x1000bfa4       0x20 CMakeFiles/flashmicro.dir/no-OS-FatFS-SD-SPI-RPi-Pico/FatFs_SPI/sd_driver/sd_card.c.obj
                0x1000bfa4                spi_get_by_num
 .text.sd_card_detect
                0x1000bfc4       0x50 CMakeFiles/flashmicro.dir/no-OS-FatFS-SD-SPI-RPi-Pico/FatFs_SPI/sd_driver/sd_card.c.obj
                0x1000bfc4                sd_card_detect
 .text.sd_init  0x1000c014       0xe8 CMakeFiles/flashmicro.dir/no-OS-FatFS-SD-SPI-RPi-Pico/FatFs_SPI/sd_driver/sd_card.c.obj
 .text.sd_sectors
                0x1000c0fc       0x1e CMakeFiles/flashmicro.dir/no-OS-FatFS-SD-SPI-RPi-Pico/FatFs_SPI/sd_driver/sd_card.c.obj
                0x1000c0fc                sd_sectors
 *fill*         0x1000c11a        0x2 
 .text.sd_init_driver
                0x1000c11c       0xc0 CMakeFiles/flashmicro.dir/no-OS-FatFS-SD-SPI-RPi-Pico/FatFs_SPI/sd_driver/sd_card.c.obj
                0x1000c11c                sd_init_driver
 .text.crc7     0x1000c1dc       0x20 CMakeFiles/flashmicro.dir/no-OS-FatFS-SD-SPI-RPi-Pico/FatFs_SPI/sd_driver/crc.c.obj
                0x1000c1dc                crc7
 .text.crc16    0x1000c1fc       0x28 CMakeFiles/flashmicro.dir/no-OS-FatFS-SD-SPI-RPi-Pico/FatFs_SPI/sd_driver/crc.c.obj
                0x1000c1fc                crc16
 .text.sdrc2dresult
                0x1000c224       0x60 CMakeFiles/flashmicro.dir/no-OS-FatFS-SD-SPI-RPi-Pico/FatFs_SPI/src/glue.c.obj
 .text.disk_status
                0x1000c284       0x16 CMakeFiles/flashmicro.dir/no-OS-FatFS-SD-SPI-RPi-Pico/FatFs_SPI/src/glue.c.obj
                0x1000c284                disk_status
 .text.disk_initialize
                0x1000c29a       0x2a CMakeFiles/flashmicro.dir/no-OS-FatFS-SD-SPI-RPi-Pico/FatFs_SPI/src/glue.c.obj
                0x1000c29a                disk_initialize
 .text.disk_read
                0x1000c2c4       0x32 CMakeFiles/flashmicro.dir/no-OS-FatFS-SD-SPI-RPi-Pico/FatFs_SPI/src/glue.c.obj
                0x1000c2c4                disk_read
 .text.disk_write
                0x1000c2f6       0x32 CMakeFiles/flashmicro.dir/no-OS-FatFS-SD-SPI-RPi-Pico/FatFs_SPI/src/glue.c.obj
                0x1000c2f6                disk_write
 .text.disk_ioctl
                0x1000c328       0x4c CMakeFiles/flashmicro.dir/no-OS-FatFS-SD-SPI-RPi-Pico/FatFs_SPI/src/glue.c.obj
                0x1000c328                disk_ioctl
 .text.my_printf
                0x1000c374       0x4c CMakeFiles/flashmicro.dir/no-OS-FatFS-SD-SPI-RPi-Pico/FatFs_SPI/src/my_debug.c.obj
                0x1000c374                my_printf
 .text.my_assert_func
                0x1000c3c0       0x2c CMakeFiles/flashmicro.dir/no-OS-FatFS-SD-SPI-RPi-Pico/FatFs_SPI/src/my_debug.c.obj
                0x1000c3c0                my_assert_func
 .text.get_fattime
                0x1000c3ec       0x6c CMakeFiles/flashmicro.dir/no-OS-FatFS-SD-SPI-RPi-Pico/FatFs_SPI/src/rtc.c.obj
                0x1000c3ec                get_fattime
 .text.dma_claim_unused_channel
                0x1000c458       0x20 CMakeFiles/flashmicro.dir/D_/ProgramFiles/Raspberry_Pi/Pico_SDK_v1.5.1/pico-sdk/src/rp2_common/hardware_dma/dma.c.obj
                0x1000c458                dma_claim_unused_channel
 .text.rtc_running
                0x1000c478       0x10 CMakeFiles/flashmicro.dir/D_/ProgramFiles/Raspberry_Pi/Pico_SDK_v1.5.1/pico-sdk/src/rp2_common/hardware_rtc/rtc.c.obj
                0x1000c478                rtc_running
 .text.rtc_get_datetime
                0x1000c488       0x4c CMakeFiles/flashmicro.dir/D_/ProgramFiles/Raspberry_Pi/Pico_SDK_v1.5.1/pico-sdk/src/rp2_common/hardware_rtc/rtc.c.obj
                0x1000c488                rtc_get_datetime
 .text.__sflush_r
                0x1000c4d4      0x140 d:/programfiles/raspberry pi/pico sdk v1.5.1/gcc-arm-none-eabi/bin/../lib/gcc/arm-none-eabi/10.3.1/../../../../arm-none-eabi/lib/thumb/v6-m/nofp\libg.a(lib_a-fflush.o)
                0x1000c4d4                __sflush_r
 .text._fflush_r
                0x1000c614       0x6c d:/programfiles/raspberry pi/pico sdk v1.5.1/gcc-arm-none-eabi/bin/../lib/gcc/arm-none-eabi/10.3.1/../../../../arm-none-eabi/lib/thumb/v6-m/nofp\libg.a(lib_a-fflush.o)
                0x1000c614                _fflush_r
 .text.fflush   0x1000c680       0x78 d:/programfiles/raspberry pi/pico sdk v1.5.1/gcc-arm-none-eabi/bin/../lib/gcc/arm-none-eabi/10.3.1/../../../../arm-none-eabi/lib/thumb/v6-m/nofp\libg.a(lib_a-fflush.o)
                0x1000c680                fflush
 .text._cleanup_r
                0x1000c6f8       0x10 d:/programfiles/raspberry pi/pico sdk v1.5.1/gcc-arm-none-eabi/bin/../lib/gcc/arm-none-eabi/10.3.1/../../../../arm-none-eabi/lib/thumb/v6-m/nofp\libg.a(lib_a-findfp.o)
                0x1000c6f8                _cleanup_r
 .text.__sinit  0x1000c708      0x120 d:/programfiles/raspberry pi/pico sdk v1.5.1/gcc-arm-none-eabi/bin/../lib/gcc/arm-none-eabi/10.3.1/../../../../arm-none-eabi/lib/thumb/v6-m/nofp\libg.a(lib_a-findfp.o)
                0x1000c708                __sinit
 .text.__sfp_lock_acquire
                0x1000c828       0x10 d:/programfiles/raspberry pi/pico sdk v1.5.1/gcc-arm-none-eabi/bin/../lib/gcc/arm-none-eabi/10.3.1/../../../../arm-none-eabi/lib/thumb/v6-m/nofp\libg.a(lib_a-findfp.o)
                0x1000c828                __sfp_lock_acquire
 .text.__sfp_lock_release
                0x1000c838       0x10 d:/programfiles/raspberry pi/pico sdk v1.5.1/gcc-arm-none-eabi/bin/../lib/gcc/arm-none-eabi/10.3.1/../../../../arm-none-eabi/lib/thumb/v6-m/nofp\libg.a(lib_a-findfp.o)
                0x1000c838                __sfp_lock_release
 .text._malloc_trim_r
                0x1000c848       0x9c d:/programfiles/raspberry pi/pico sdk v1.5.1/gcc-arm-none-eabi/bin/../lib/gcc/arm-none-eabi/10.3.1/../../../../arm-none-eabi/lib/thumb/v6-m/nofp\libg.a(lib_a-freer.o)
                0x1000c848                _malloc_trim_r
 .text._free_r  0x1000c8e4      0x1c4 d:/programfiles/raspberry pi/pico sdk v1.5.1/gcc-arm-none-eabi/bin/../lib/gcc/arm-none-eabi/10.3.1/../../../../arm-none-eabi/lib/thumb/v6-m/nofp\libg.a(lib_a-freer.o)
                0x1000c8e4                _free_r
 .text._fwalk_reent
                0x1000caa8       0x48 d:/programfiles/raspberry pi/pico sdk v1.5.1/gcc-arm-none-eabi/bin/../lib/gcc/arm-none-eabi/10.3.1/../../../../arm-none-eabi/lib/thumb/v6-m/nofp\libg.a(lib_a-fwalk.o)
                0x1000caa8                _fwalk_reent
 .text.gmtime   0x1000caf0       0x14 d:/programfiles/raspberry pi/pico sdk v1.5.1/gcc-arm-none-eabi/bin/../lib/gcc/arm-none-eabi/10.3.1/../../../../arm-none-eabi/lib/thumb/v6-m/nofp\libg.a(lib_a-gmtime.o)
                0x1000caf0                gmtime
 .text.gmtime_r
                0x1000cb04      0x1d4 d:/programfiles/raspberry pi/pico sdk v1.5.1/gcc-arm-none-eabi/bin/../lib/gcc/arm-none-eabi/10.3.1/../../../../arm-none-eabi/lib/thumb/v6-m/nofp\libg.a(lib_a-gmtime_r.o)
                0x1000cb04                gmtime_r
 .text.__retarget_lock_init_recursive
                0x1000ccd8        0x4 d:/programfiles/raspberry pi/pico sdk v1.5.1/gcc-arm-none-eabi/bin/../lib/gcc/arm-none-eabi/10.3.1/../../../../arm-none-eabi/lib/thumb/v6-m/nofp\libg.a(lib_a-lock.o)
                0x1000ccd8                __retarget_lock_init_recursive
 .text.__retarget_lock_close_recursive
                0x1000ccdc        0x4 d:/programfiles/raspberry pi/pico sdk v1.5.1/gcc-arm-none-eabi/bin/../lib/gcc/arm-none-eabi/10.3.1/../../../../arm-none-eabi/lib/thumb/v6-m/nofp\libg.a(lib_a-lock.o)
                0x1000ccdc                __retarget_lock_close_recursive
 .text.__retarget_lock_acquire_recursive
                0x1000cce0        0x4 d:/programfiles/raspberry pi/pico sdk v1.5.1/gcc-arm-none-eabi/bin/../lib/gcc/arm-none-eabi/10.3.1/../../../../arm-none-eabi/lib/thumb/v6-m/nofp\libg.a(lib_a-lock.o)
                0x1000cce0                __retarget_lock_acquire_recursive
 .text.__retarget_lock_release_recursive
                0x1000cce4        0x4 d:/programfiles/raspberry pi/pico sdk v1.5.1/gcc-arm-none-eabi/bin/../lib/gcc/arm-none-eabi/10.3.1/../../../../arm-none-eabi/lib/thumb/v6-m/nofp\libg.a(lib_a-lock.o)
                0x1000cce4                __retarget_lock_release_recursive
 .text.malloc   0x1000cce8       0x14 d:/programfiles/raspberry pi/pico sdk v1.5.1/gcc-arm-none-eabi/bin/../lib/gcc/arm-none-eabi/10.3.1/../../../../arm-none-eabi/lib/thumb/v6-m/nofp\libg.a(lib_a-malloc.o)
                0x1000cce8                malloc
 .text.free     0x1000ccfc       0x14 d:/programfiles/raspberry pi/pico sdk v1.5.1/gcc-arm-none-eabi/bin/../lib/gcc/arm-none-eabi/10.3.1/../../../../arm-none-eabi/lib/thumb/v6-m/nofp\libg.a(lib_a-malloc.o)
                0x1000ccfc                free
 .text._malloc_r
                0x1000cd10      0x584 d:/programfiles/raspberry pi/pico sdk v1.5.1/gcc-arm-none-eabi/bin/../lib/gcc/arm-none-eabi/10.3.1/../../../../arm-none-eabi/lib/thumb/v6-m/nofp\libg.a(lib_a-mallocr.o)
                0x1000cd10                _malloc_r