Archive member included to satisfy reference by file (symbol)

d:/programfiles/raspberry pi/pico sdk v1.5.1/gcc-arm-none-eabi/bin/../lib/gcc/arm-none-eabi/10.3.1/thumb/v6-m/nofp\libgcc.a(_dvmd_tls.o)
                              CMakeFiles/flashid.dir/D_/ProgramFiles/Raspberry_Pi/Pico_SDK_v1.5.1/pico-sdk/src/rp2_common/pico_divider/divider.S.obj (__aeabi_idiv0)
d:/programfiles/raspberry pi/pico sdk v1.5.1/gcc-arm-none-eabi/bin/../lib/gcc/arm-none-eabi/10.3.1/../../../../arm-none-eabi/lib/thumb/v6-m/nofp\libg.a(lib_a-calloc.o)
                              CMakeFiles/flashid.dir/D_/ProgramFiles/Raspberry_Pi/Pico_SDK_v1.5.1/pico-sdk/src/rp2_common/pico_malloc/pico_malloc.c.obj (calloc)
d:/programfiles/raspberry pi/pico sdk v1.5.1/gcc-arm-none-eabi/bin/../lib/gcc/arm-none-eabi/10.3.1/../../../../arm-none-eabi/lib/thumb/v6-m/nofp\libg.a(lib_a-callocr.o)
                              d:/programfiles/raspberry pi/pico sdk v1.5.1/gcc-arm-none-eabi/bin/../lib/gcc/arm-none-eabi/10.3.1/../../../../arm-none-eabi/lib/thumb/v6-m/nofp\libg.a(lib_a-calloc.o) (_calloc_r)
d:/programfiles/raspberry pi/pico sdk v1.5.1/gcc-arm-none-eabi/bin/../lib/gcc/arm-none-eabi/10.3.1/../../../../arm-none-eabi/lib/thumb/v6-m/nofp\libg.a(lib_a-errno.o)
                              d:/programfiles/raspberry pi/pico sdk v1.5.1/gcc-arm-none-eabi/bin/../lib/gcc/arm-none-eabi/10.3.1/../../../../arm-none-eabi/lib/thumb/v6-m/nofp\libg.a(lib_a-callocr.o) (__errno)
d:/programfiles/raspberry pi/pico sdk v1.5.1/gcc-arm-none-eabi/bin/../lib/gcc/arm-none-eabi/10.3.1/../../../../arm-none-eabi/lib/thumb/v6-m/nofp\libg.a(lib_a-impure.o)
                              d:/programfiles/raspberry pi/pico sdk v1.5.1/gcc-arm-none-eabi/bin/../lib/gcc/arm-none-eabi/10.3.1/../../../../arm-none-eabi/lib/thumb/v6-m/nofp\libg.a(lib_a-calloc.o) (_impure_ptr)
d:/programfiles/raspberry pi/pico sdk v1.5.1/gcc-arm-none-eabi/bin/../lib/gcc/arm-none-eabi/10.3.1/../../../../arm-none-eabi/lib/thumb/v6-m/nofp\libg.a(lib_a-init.o)
                              d:/programfiles/raspberry pi/pico sdk v1.5.1/gcc-arm-none-eabi/bin/../lib/gcc/arm-none-eabi/10.3.1/../../../../arm-none-eabi/lib/thumb/v6-m/nofp/crt0.o (__libc_init_array)
d:/programfiles/raspberry pi/pico sdk v1.5.1/gcc-arm-none-eabi/bin/../lib/gcc/arm-none-eabi/10.3.1/../../../../arm-none-eabi/lib/thumb/v6-m/nofp\libg.a(lib_a-malloc.o)
                              CMakeFiles/flashid.dir/D_/ProgramFiles/Raspberry_Pi/Pico_SDK_v1.5.1/pico-sdk/src/rp2_common/pico_malloc/pico_malloc.c.obj (malloc)
d:/programfiles/raspberry pi/pico sdk v1.5.1/gcc-arm-none-eabi/bin/../lib/gcc/arm-none-eabi/10.3.1/../../../../arm-none-eabi/lib/thumb/v6-m/nofp\libg.a(lib_a-mallocr.o)
                              d:/programfiles/raspberry pi/pico sdk v1.5.1/gcc-arm-none-eabi/bin/../lib/gcc/arm-none-eabi/10.3.1/../../../../arm-none-eabi/lib/thumb/v6-m/nofp\libg.a(lib_a-callocr.o) (_malloc_r)
d:/programfiles/raspberry pi/pico sdk v1.5.1/gcc-arm-none-eabi/bin/../lib/gcc/arm-none-eabi/10.3.1/../../../../arm-none-eabi/lib/thumb/v6-m/nofp\libg.a(lib_a-mlock.o)
                              d:/programfiles/raspberry pi/pico sdk v1.5.1/gcc-arm-none-eabi/bin/../lib/gcc/arm-none-eabi/10.3.1/../../../../arm-none-eabi/lib/thumb/v6-m/nofp\libg.a(lib_a-mallocr.o) (__malloc_lock)
d:/programfiles/raspberry pi/pico sdk v1.5.1/gcc-arm-none-eabi/bin/../lib/gcc/arm-none-eabi/10.3.1/../../../../arm-none-eabi/lib/thumb/v6-m/nofp\libg.a(lib_a-realloc.o)
                              CMakeFiles/flashid.dir/D_/ProgramFiles/Raspberry_Pi/Pico_SDK_v1.5.1/pico-sdk/src/rp2_common/pico_malloc/pico_malloc.c.obj (realloc)
d:/programfiles/raspberry pi/pico sdk v1.5.1/gcc-arm-none-eabi/bin/../lib/gcc/arm-none-eabi/10.3.1/../../../../arm-none-eabi/lib/thumb/v6-m/nofp\libg.a(lib_a-reallocr.o)
                              d:/programfiles/raspberry pi/pico sdk v1.5.1/gcc-arm-none-eabi/bin/../lib/gcc/arm-none-eabi/10.3.1/../../../../arm-none-eabi/lib/thumb/v6-m/nofp\libg.a(lib_a-realloc.o) (_realloc_r)
d:/programfiles/raspberry pi/pico sdk v1.5.1/gcc-arm-none-eabi/bin/../lib/gcc/arm-none-eabi/10.3.1/../../../../arm-none-eabi/lib/thumb/v6-m/nofp\libg.a(lib_a-sbrkr.o)
                              d:/programfiles/raspberry pi/pico sdk v1.5.1/gcc-arm-none-eabi/bin/../lib/gcc/arm-none-eabi/10.3.1/../../../../arm-none-eabi/lib/thumb/v6-m/nofp\libg.a(lib_a-mallocr.o) (_sbrk_r)
d:/programfiles/raspberry pi/pico sdk v1.5.1/gcc-arm-none-eabi/bin/../lib/gcc/arm-none-eabi/10.3.1/../../../../arm-none-eabi/lib/thumb/v6-m/nofp\libg.a(lib_a-strcmp.o)
                              CMakeFiles/flashid.dir/flashid.c.obj (strcmp)
d:/programfiles/raspberry pi/pico sdk v1.5.1/gcc-arm-none-eabi/bin/../lib/gcc/arm-none-eabi/10.3.1/../../../../arm-none-eabi/lib/thumb/v6-m/nofp\libg.a(lib_a-strlen-stub.o)
                              CMakeFiles/flashid.dir/D_/ProgramFiles/Raspberry_Pi/Pico_SDK_v1.5.1/pico-sdk/src/rp2_common/pico_stdio/stdio.c.obj (strlen)
[...]
Memory Configuration

Name             Origin             Length             Attributes
FLASH            0x10000000         0x00200000         xr
RAM              0x20000000         0x00040000         xrw
SCRATCH_X        0x20040000         0x00001000         xrw
SCRATCH_Y        0x20041000         0x00001000         xrw
*default*        0x00000000         0xffffffff

Linker script and memory map

LOAD d:/programfiles/raspberry pi/pico sdk v1.5.1/gcc-arm-none-eabi/bin/../lib/gcc/arm-none-eabi/10.3.1/thumb/v6-m/nofp/crti.o
LOAD d:/programfiles/raspberry pi/pico sdk v1.5.1/gcc-arm-none-eabi/bin/../lib/gcc/arm-none-eabi/10.3.1/thumb/v6-m/nofp/crtbegin.o
LOAD d:/programfiles/raspberry pi/pico sdk v1.5.1/gcc-arm-none-eabi/bin/../lib/gcc/arm-none-eabi/10.3.1/../../../../arm-none-eabi/lib/thumb/v6-m/nofp/crt0.o

.flash_begin    0x10000000        0x0
                0x10000000                __flash_binary_start = .

.boot2          0x10000000      0x100
                0x10000000                __boot2_start__ = .
 *(.boot2)
 .boot2         0x10000000      0x100 C:\Users\yccwa\AppData\Local\Temp\ccsMV6mB.o
                0x10000100                __boot2_end__ = .
                0x00000001                ASSERT (((__boot2_end__ - __boot2_start__) == 0x100), ERROR: Pico second stage bootloader must be 256 bytes in size)

.text           0x10000100     0x6958
                0x10000100                __logical_binary_start = .
 *(.vectors)
 .vectors       0x10000100       0xd4 CMakeFiles/flashid.dir/D_/ProgramFiles/Raspberry_Pi/Pico_SDK_v1.5.1/pico-sdk/src/rp2_common/pico_standard_link/crt0.S.obj
                0x10000100                __VECTOR_TABLE
                0x10000100                __vectors
                0x100001c0                isr_invalid
                0x100001c0                __default_isrs_start
                0x100001c2                isr_nmi
                0x100001c4                isr_hardfault
                0x100001c6                isr_svcall
                0x100001c8                isr_pendsv
                0x100001ca                isr_systick
                0x100001cc                isr_irq23
                0x100001cc                isr_irq18
                0x100001cc                isr_irq11
                0x100001cc                isr_irq28
                0x100001cc                isr_irq19
                0x100001cc                isr_irq0
                0x100001cc                isr_irq6
                0x100001cc                isr_irq5
                0x100001cc                isr_irq12
                0x100001cc                isr_irq22
                0x100001cc                isr_irq31
                0x100001cc                isr_irq17
                0x100001cc                isr_irq27
                0x100001cc                isr_irq30
                0x100001cc                isr_irq2
                0x100001cc                isr_irq10
                0x100001cc                isr_irq8
                0x100001cc                isr_irq24
                0x100001cc                isr_irq1
                0x100001cc                isr_irq7
                0x100001cc                isr_irq21
                0x100001cc                isr_irq20
                0x100001cc                isr_irq15
                0x100001cc                isr_irq25
                0x100001cc                isr_irq13
                0x100001cc                __unhandled_user_irq
                0x100001cc                isr_irq4
                0x100001cc                isr_irq16
                0x100001cc                isr_irq29
                0x100001cc                isr_irq26
                0x100001cc                __default_isrs_end
                0x100001cc                isr_irq3
                0x100001cc                isr_irq14
                0x100001cc                isr_irq9
                0x100001d2                unhandled_user_irq_num_in_r0
 *(.binary_info_header)
 .binary_info_header
                0x100001d4       0x14 CMakeFiles/flashid.dir/D_/ProgramFiles/Raspberry_Pi/Pico_SDK_v1.5.1/pico-sdk/src/rp2_common/pico_standard_link/crt0.S.obj
                0x100001e8                __binary_info_header_end = .
 *(.reset)
 .reset         0x100001e8       0xa0 CMakeFiles/flashid.dir/D_/ProgramFiles/Raspberry_Pi/Pico_SDK_v1.5.1/pico-sdk/src/rp2_common/pico_standard_link/crt0.S.obj
                0x100001e8                _entry_point
 .reset         0x10000288       0x30 CMakeFiles/flashid.dir/D_/ProgramFiles/Raspberry_Pi/Pico_SDK_v1.5.1/pico-sdk/src/rp2_common/pico_standard_link/binary_info.c.obj
 *(.init)
 .init          0x100002b8        0x4 d:/programfiles/raspberry pi/pico sdk v1.5.1/gcc-arm-none-eabi/bin/../lib/gcc/arm-none-eabi/10.3.1/thumb/v6-m/nofp/crti.o
                0x100002b8                _init
 *(EXCLUDE_FILE(*libm.a: *libc.a:*lib_a-mem*.o *libgcc.a:) .text*)
 .text          0x100002bc       0x48 d:/programfiles/raspberry pi/pico sdk v1.5.1/gcc-arm-none-eabi/bin/../lib/gcc/arm-none-eabi/10.3.1/thumb/v6-m/nofp/crtbegin.o
 .text.getIndex
                0x10000304       0x30 CMakeFiles/flashid.dir/flashid.c.obj
                0x10000304                getIndex
 .text.check_item
                0x10000334       0x20 CMakeFiles/flashid.dir/flashid.c.obj
                0x10000334                check_item
 .text.main     0x10000354       0x7c CMakeFiles/flashid.dir/flashid.c.obj
                0x10000354                main
 .text.gpio_set_function
                0x100003d0       0x30 CMakeFiles/flashid.dir/D_/ProgramFiles/Raspberry_Pi/Pico_SDK_v1.5.1/pico-sdk/src/rp2_common/hardware_gpio/gpio.c.obj
                0x100003d0                gpio_set_function
 .text.gpio_init
                0x10000400       0x16 CMakeFiles/flashid.dir/D_/ProgramFiles/Raspberry_Pi/Pico_SDK_v1.5.1/pico-sdk/src/rp2_common/hardware_gpio/gpio.c.obj
                0x10000400                gpio_init
 *fill*         0x10000416        0x2 
 .text.running_on_fpga
                0x10000418       0x14 CMakeFiles/flashid.dir/D_/ProgramFiles/Raspberry_Pi/Pico_SDK_v1.5.1/pico-sdk/src/rp2_common/pico_platform/platform.c.obj
                0x10000418                running_on_fpga
 .text.hw_claim_lock
                0x1000042c       0x18 CMakeFiles/flashid.dir/D_/ProgramFiles/Raspberry_Pi/Pico_SDK_v1.5.1/pico-sdk/src/rp2_common/hardware_claim/claim.c.obj
                0x1000042c                hw_claim_lock
 .text.hw_claim_unlock
                0x10000444       0x14 CMakeFiles/flashid.dir/D_/ProgramFiles/Raspberry_Pi/Pico_SDK_v1.5.1/pico-sdk/src/rp2_common/hardware_claim/claim.c.obj
                0x10000444                hw_claim_unlock
 .text.hw_claim_or_assert
                0x10000458       0x32 CMakeFiles/flashid.dir/D_/ProgramFiles/Raspberry_Pi/Pico_SDK_v1.5.1/pico-sdk/src/rp2_common/hardware_claim/claim.c.obj
                0x10000458                hw_claim_or_assert
 .text.hw_claim_unused_from_range
                0x1000048a       0x50 CMakeFiles/flashid.dir/D_/ProgramFiles/Raspberry_Pi/Pico_SDK_v1.5.1/pico-sdk/src/rp2_common/hardware_claim/claim.c.obj
                0x1000048a                hw_claim_unused_from_range
 *fill*         0x100004da        0x2 
 .text.spin_locks_reset
                0x100004dc       0x20 CMakeFiles/flashid.dir/D_/ProgramFiles/Raspberry_Pi/Pico_SDK_v1.5.1/pico-sdk/src/rp2_common/hardware_sync/sync.c.obj
                0x100004dc                spin_locks_reset
 .text.next_striped_spin_lock_num
                0x100004fc       0x1c CMakeFiles/flashid.dir/D_/ProgramFiles/Raspberry_Pi/Pico_SDK_v1.5.1/pico-sdk/src/rp2_common/hardware_sync/sync.c.obj
                0x100004fc                next_striped_spin_lock_num
 .text.spin_lock_claim_unused
                0x10000518       0x20 CMakeFiles/flashid.dir/D_/ProgramFiles/Raspberry_Pi/Pico_SDK_v1.5.1/pico-sdk/src/rp2_common/hardware_sync/sync.c.obj
                0x10000518                spin_lock_claim_unused
 .text.set_raw_irq_handler_and_unlock
                0x10000538       0x28 CMakeFiles/flashid.dir/D_/ProgramFiles/Raspberry_Pi/Pico_SDK_v1.5.1/pico-sdk/src/rp2_common/hardware_irq/irq.c.obj
 .text.make_branch
                0x10000560       0x48 CMakeFiles/flashid.dir/D_/ProgramFiles/Raspberry_Pi/Pico_SDK_v1.5.1/pico-sdk/src/rp2_common/hardware_irq/irq.c.obj
 .text.insert_branch_and_link
                0x100005a8       0x40 CMakeFiles/flashid.dir/D_/ProgramFiles/Raspberry_Pi/Pico_SDK_v1.5.1/pico-sdk/src/rp2_common/hardware_irq/irq.c.obj
 .text.irq_is_enabled
                0x100005e8       0x18 CMakeFiles/flashid.dir/D_/ProgramFiles/Raspberry_Pi/Pico_SDK_v1.5.1/pico-sdk/src/rp2_common/hardware_irq/irq.c.obj
                0x100005e8                irq_is_enabled
 .text.irq_set_mask_enabled
                0x10000600       0x20 CMakeFiles/flashid.dir/D_/ProgramFiles/Raspberry_Pi/Pico_SDK_v1.5.1/pico-sdk/src/rp2_common/hardware_irq/irq.c.obj
                0x10000600                irq_set_mask_enabled
 .text.irq_set_enabled
                0x10000620        0xe CMakeFiles/flashid.dir/D_/ProgramFiles/Raspberry_Pi/Pico_SDK_v1.5.1/pico-sdk/src/rp2_common/hardware_irq/irq.c.obj
                0x10000620                irq_set_enabled
 *fill*         0x1000062e        0x2 
 .text.irq_set_pending
                0x10000630       0x10 CMakeFiles/flashid.dir/D_/ProgramFiles/Raspberry_Pi/Pico_SDK_v1.5.1/pico-sdk/src/rp2_common/hardware_irq/irq.c.obj
                0x10000630                irq_set_pending
 .text.irq_get_vtable_handler
                0x10000640       0x10 CMakeFiles/flashid.dir/D_/ProgramFiles/Raspberry_Pi/Pico_SDK_v1.5.1/pico-sdk/src/rp2_common/hardware_irq/irq.c.obj
                0x10000640                irq_get_vtable_handler
 .text.irq_has_shared_handler
                0x10000650       0x24 CMakeFiles/flashid.dir/D_/ProgramFiles/Raspberry_Pi/Pico_SDK_v1.5.1/pico-sdk/src/rp2_common/hardware_irq/irq.c.obj
                0x10000650                irq_has_shared_handler
 .text.irq_set_exclusive_handler
                0x10000674       0x54 CMakeFiles/flashid.dir/D_/ProgramFiles/Raspberry_Pi/Pico_SDK_v1.5.1/pico-sdk/src/rp2_common/hardware_irq/irq.c.obj
                0x10000674                irq_set_exclusive_handler
 .text.irq_add_shared_handler
                0x100006c8      0x234 CMakeFiles/flashid.dir/D_/ProgramFiles/Raspberry_Pi/Pico_SDK_v1.5.1/pico-sdk/src/rp2_common/hardware_irq/irq.c.obj
                0x100006c8                irq_add_shared_handler
 .text.irq_remove_handler
                0x100008fc      0x1ac CMakeFiles/flashid.dir/D_/ProgramFiles/Raspberry_Pi/Pico_SDK_v1.5.1/pico-sdk/src/rp2_common/hardware_irq/irq.c.obj
                0x100008fc                irq_remove_handler
 .text.irq_add_tail_to_free_list
                0x10000aa8       0xf0 CMakeFiles/flashid.dir/D_/ProgramFiles/Raspberry_Pi/Pico_SDK_v1.5.1/pico-sdk/src/rp2_common/hardware_irq/irq.c.obj
                0x10000aa8                irq_add_tail_to_free_list
 .text.irq_init_priorities
                0x10000b98       0x1c CMakeFiles/flashid.dir/D_/ProgramFiles/Raspberry_Pi/Pico_SDK_v1.5.1/pico-sdk/src/rp2_common/hardware_irq/irq.c.obj
                0x10000b98                irq_init_priorities
 .text.user_irq_claim_unused
                0x10000bb4       0x28 CMakeFiles/flashid.dir/D_/ProgramFiles/Raspberry_Pi/Pico_SDK_v1.5.1/pico-sdk/src/rp2_common/hardware_irq/irq.c.obj
                0x10000bb4                user_irq_claim_unused
 .text.lock_init
                0x10000bdc       0x10 CMakeFiles/flashid.dir/D_/ProgramFiles/Raspberry_Pi/Pico_SDK_v1.5.1/pico-sdk/src/common/pico_sync/lock_core.c.obj
                0x10000bdc                lock_init
 .text.mutex_init
                0x10000bec       0x1a CMakeFiles/flashid.dir/D_/ProgramFiles/Raspberry_Pi/Pico_SDK_v1.5.1/pico-sdk/src/common/pico_sync/mutex.c.obj
                0x10000bec                mutex_init
 .text.recursive_mutex_init
                0x10000c06       0x1e CMakeFiles/flashid.dir/D_/ProgramFiles/Raspberry_Pi/Pico_SDK_v1.5.1/pico-sdk/src/common/pico_sync/mutex.c.obj
                0x10000c06                recursive_mutex_init
 .text.critical_section_init_with_lock_num
                0x10000c24       0x14 CMakeFiles/flashid.dir/D_/ProgramFiles/Raspberry_Pi/Pico_SDK_v1.5.1/pico-sdk/src/common/pico_sync/critical_section.c.obj
                0x10000c24                critical_section_init_with_lock_num
 .text.critical_section_init
                0x10000c38       0x14 CMakeFiles/flashid.dir/D_/ProgramFiles/Raspberry_Pi/Pico_SDK_v1.5.1/pico-sdk/src/common/pico_sync/critical_section.c.obj
                0x10000c38                critical_section_init
 .text.alarm_pool_post_alloc_init
                0x10000c4c       0x40 CMakeFiles/flashid.dir/D_/ProgramFiles/Raspberry_Pi/Pico_SDK_v1.5.1/pico-sdk/src/common/pico_time/time.c.obj
 .text.sleep_until_callback
                0x10000c8c       0x30 CMakeFiles/flashid.dir/D_/ProgramFiles/Raspberry_Pi/Pico_SDK_v1.5.1/pico-sdk/src/common/pico_time/time.c.obj
 .text.timer_pool_entry_comparator
                0x10000cbc       0x7c CMakeFiles/flashid.dir/D_/ProgramFiles/Raspberry_Pi/Pico_SDK_v1.5.1/pico-sdk/src/common/pico_time/time.c.obj
                0x10000cbc                timer_pool_entry_comparator
 .text.ph_add_child_node
                0x10000d38       0xa4 CMakeFiles/flashid.dir/D_/ProgramFiles/Raspberry_Pi/Pico_SDK_v1.5.1/pico-sdk/src/common/pico_time/time.c.obj
 .text.ph_merge_nodes
                0x10000ddc       0x3e CMakeFiles/flashid.dir/D_/ProgramFiles/Raspberry_Pi/Pico_SDK_v1.5.1/pico-sdk/src/common/pico_time/time.c.obj
 *fill*         0x10000e1a        0x2 
 .text.add_alarm_under_lock
                0x10000e1c      0x174 CMakeFiles/flashid.dir/D_/ProgramFiles/Raspberry_Pi/Pico_SDK_v1.5.1/pico-sdk/src/common/pico_time/time.c.obj
 .text.alarm_pool_alarm_callback
                0x10000f90      0x33c CMakeFiles/flashid.dir/D_/ProgramFiles/Raspberry_Pi/Pico_SDK_v1.5.1/pico-sdk/src/common/pico_time/time.c.obj
 .text.alarm_pool_init_default
                0x100012cc       0x40 CMakeFiles/flashid.dir/D_/ProgramFiles/Raspberry_Pi/Pico_SDK_v1.5.1/pico-sdk/src/common/pico_time/time.c.obj
                0x100012cc                alarm_pool_init_default
 .text.alarm_pool_get_default
                0x1000130c       0x2c CMakeFiles/flashid.dir/D_/ProgramFiles/Raspberry_Pi/Pico_SDK_v1.5.1/pico-sdk/src/common/pico_time/time.c.obj
                0x1000130c                alarm_pool_get_default
 .text.alarm_pool_add_alarm_at
                0x10001338      0x168 CMakeFiles/flashid.dir/D_/ProgramFiles/Raspberry_Pi/Pico_SDK_v1.5.1/pico-sdk/src/common/pico_time/time.c.obj
                0x10001338                alarm_pool_add_alarm_at
 .text.alarm_pool_cancel_alarm
                0x100014a0       0xf8 CMakeFiles/flashid.dir/D_/ProgramFiles/Raspberry_Pi/Pico_SDK_v1.5.1/pico-sdk/src/common/pico_time/time.c.obj
                0x100014a0                alarm_pool_cancel_alarm
 .text.alarm_pool_core_num
                0x10001598        0x4 CMakeFiles/flashid.dir/D_/ProgramFiles/Raspberry_Pi/Pico_SDK_v1.5.1/pico-sdk/src/common/pico_time/time.c.obj
                0x10001598                alarm_pool_core_num
 .text.sleep_until
                0x1000159c       0xfc CMakeFiles/flashid.dir/D_/ProgramFiles/Raspberry_Pi/Pico_SDK_v1.5.1/pico-sdk/src/common/pico_time/time.c.obj
                0x1000159c                sleep_until
 .text.sleep_us
                0x10001698       0x58 CMakeFiles/flashid.dir/D_/ProgramFiles/Raspberry_Pi/Pico_SDK_v1.5.1/pico-sdk/src/common/pico_time/time.c.obj
                0x10001698                sleep_us
 .text.sleep_ms
                0x100016f0       0x14 CMakeFiles/flashid.dir/D_/ProgramFiles/Raspberry_Pi/Pico_SDK_v1.5.1/pico-sdk/src/common/pico_time/time.c.obj
                0x100016f0                sleep_ms
 .text.best_effort_wfe_or_timeout
                0x10001704       0xac CMakeFiles/flashid.dir/D_/ProgramFiles/Raspberry_Pi/Pico_SDK_v1.5.1/pico-sdk/src/common/pico_time/time.c.obj
                0x10001704                best_effort_wfe_or_timeout
 .text.hardware_alarm_irq_handler
                0x100017b0       0x90 CMakeFiles/flashid.dir/D_/ProgramFiles/Raspberry_Pi/Pico_SDK_v1.5.1/pico-sdk/src/rp2_common/hardware_timer/timer.c.obj
 .text.hardware_alarm_claim
                0x10001840       0x18 CMakeFiles/flashid.dir/D_/ProgramFiles/Raspberry_Pi/Pico_SDK_v1.5.1/pico-sdk/src/rp2_common/hardware_timer/timer.c.obj
                0x10001840                hardware_alarm_claim
 .text.time_us_64
                0x10001858       0x18 CMakeFiles/flashid.dir/D_/ProgramFiles/Raspberry_Pi/Pico_SDK_v1.5.1/pico-sdk/src/rp2_common/hardware_timer/timer.c.obj
                0x10001858                time_us_64
 .text.busy_wait_until
                0x10001870       0x28 CMakeFiles/flashid.dir/D_/ProgramFiles/Raspberry_Pi/Pico_SDK_v1.5.1/pico-sdk/src/rp2_common/hardware_timer/timer.c.obj
                0x10001870                busy_wait_until
 .text.hardware_alarm_set_callback
                0x10001898       0x90 CMakeFiles/flashid.dir/D_/ProgramFiles/Raspberry_Pi/Pico_SDK_v1.5.1/pico-sdk/src/rp2_common/hardware_timer/timer.c.obj
                0x10001898                hardware_alarm_set_callback
 .text.hardware_alarm_set_target
                0x10001928       0xe8 CMakeFiles/flashid.dir/D_/ProgramFiles/Raspberry_Pi/Pico_SDK_v1.5.1/pico-sdk/src/rp2_common/hardware_timer/timer.c.obj
                0x10001928                hardware_alarm_set_target
 .text.hardware_alarm_cancel
                0x10001a10       0x40 CMakeFiles/flashid.dir/D_/ProgramFiles/Raspberry_Pi/Pico_SDK_v1.5.1/pico-sdk/src/rp2_common/hardware_timer/timer.c.obj
                0x10001a10                hardware_alarm_cancel
 .text.ph_add_child_node
                0x10001a50       0xa4 CMakeFiles/flashid.dir/D_/ProgramFiles/Raspberry_Pi/Pico_SDK_v1.5.1/pico-sdk/src/common/pico_util/pheap.c.obj
 .text.ph_merge_nodes
                0x10001af4       0x3e CMakeFiles/flashid.dir/D_/ProgramFiles/Raspberry_Pi/Pico_SDK_v1.5.1/pico-sdk/src/common/pico_util/pheap.c.obj
 *fill*         0x10001b32        0x2 
 .text.ph_clear
                0x10001b34       0x70 CMakeFiles/flashid.dir/D_/ProgramFiles/Raspberry_Pi/Pico_SDK_v1.5.1/pico-sdk/src/common/pico_util/pheap.c.obj
                0x10001b34                ph_clear
 .text.ph_post_alloc_init
                0x10001ba4        0xe CMakeFiles/flashid.dir/D_/ProgramFiles/Raspberry_Pi/Pico_SDK_v1.5.1/pico-sdk/src/common/pico_util/pheap.c.obj
                0x10001ba4                ph_post_alloc_init
 *fill*         0x10001bb2        0x2 
 .text.ph_merge_two_pass
                0x10001bb4       0xa8 CMakeFiles/flashid.dir/D_/ProgramFiles/Raspberry_Pi/Pico_SDK_v1.5.1/pico-sdk/src/common/pico_util/pheap.c.obj
                0x10001bb4                ph_merge_two_pass
 .text.ph_remove_any_head
                0x10001c5c      0x128 CMakeFiles/flashid.dir/D_/ProgramFiles/Raspberry_Pi/Pico_SDK_v1.5.1/pico-sdk/src/common/pico_util/pheap.c.obj
 .text.ph_remove_head
                0x10001d84       0x14 CMakeFiles/flashid.dir/D_/ProgramFiles/Raspberry_Pi/Pico_SDK_v1.5.1/pico-sdk/src/common/pico_util/pheap.c.obj
                0x10001d84                ph_remove_head
 .text.ph_remove_and_free_node
                0x10001d98       0xf8 CMakeFiles/flashid.dir/D_/ProgramFiles/Raspberry_Pi/Pico_SDK_v1.5.1/pico-sdk/src/common/pico_util/pheap.c.obj
                0x10001d98                ph_remove_and_free_node
 .text.clock_configure
                0x10001e90      0x108 CMakeFiles/flashid.dir/D_/ProgramFiles/Raspberry_Pi/Pico_SDK_v1.5.1/pico-sdk/src/rp2_common/hardware_clocks/clocks.c.obj
                0x10001e90                clock_configure
 .text.clocks_init
                0x10001f98      0x100 CMakeFiles/flashid.dir/D_/ProgramFiles/Raspberry_Pi/Pico_SDK_v1.5.1/pico-sdk/src/rp2_common/hardware_clocks/clocks.c.obj
                0x10001f98                clocks_init
 .text.clock_get_hz
                0x10002098        0xc CMakeFiles/flashid.dir/D_/ProgramFiles/Raspberry_Pi/Pico_SDK_v1.5.1/pico-sdk/src/rp2_common/hardware_clocks/clocks.c.obj
                0x10002098                clock_get_hz
 .text.pll_init
                0x100020a4      0x120 CMakeFiles/flashid.dir/D_/ProgramFiles/Raspberry_Pi/Pico_SDK_v1.5.1/pico-sdk/src/rp2_common/hardware_pll/pll.c.obj
                0x100020a4                pll_init
 .text.watchdog_start_tick
                0x100021c4       0x10 CMakeFiles/flashid.dir/D_/ProgramFiles/Raspberry_Pi/Pico_SDK_v1.5.1/pico-sdk/src/rp2_common/hardware_watchdog/watchdog.c.obj
                0x100021c4                watchdog_start_tick
 .text.watchdog_update
                0x100021d4       0x14 CMakeFiles/flashid.dir/D_/ProgramFiles/Raspberry_Pi/Pico_SDK_v1.5.1/pico-sdk/src/rp2_common/hardware_watchdog/watchdog.c.obj
                0x100021d4                watchdog_update
 .text._watchdog_enable
                0x100021e8       0x78 CMakeFiles/flashid.dir/D_/ProgramFiles/Raspberry_Pi/Pico_SDK_v1.5.1/pico-sdk/src/rp2_common/hardware_watchdog/watchdog.c.obj
                0x100021e8                _watchdog_enable
 .text.watchdog_reboot
                0x10002260       0x48 CMakeFiles/flashid.dir/D_/ProgramFiles/Raspberry_Pi/Pico_SDK_v1.5.1/pico-sdk/src/rp2_common/hardware_watchdog/watchdog.c.obj
                0x10002260                watchdog_reboot
 .text.xosc_init
                0x100022a8       0x28 CMakeFiles/flashid.dir/D_/ProgramFiles/Raspberry_Pi/Pico_SDK_v1.5.1/pico-sdk/src/rp2_common/hardware_xosc/xosc.c.obj
                0x100022a8                xosc_init
 .text._exit    0x100022d0        0x4 CMakeFiles/flashid.dir/D_/ProgramFiles/Raspberry_Pi/Pico_SDK_v1.5.1/pico-sdk/src/rp2_common/pico_runtime/runtime.c.obj
                0x100022d0                _exit
 .text.exit     0x100022d4        0x6 CMakeFiles/flashid.dir/D_/ProgramFiles/Raspberry_Pi/Pico_SDK_v1.5.1/pico-sdk/src/rp2_common/pico_runtime/runtime.c.obj
                0x100022d4                exit
 *fill*         0x100022da        0x2 
 .text.__assert_func
                0x100022dc       0x3c CMakeFiles/flashid.dir/D_/ProgramFiles/Raspberry_Pi/Pico_SDK_v1.5.1/pico-sdk/src/rp2_common/pico_runtime/runtime.c.obj
                0x100022dc                __assert_func
 .text.runtime_init
                0x10002318       0xf8 CMakeFiles/flashid.dir/D_/ProgramFiles/Raspberry_Pi/Pico_SDK_v1.5.1/pico-sdk/src/rp2_common/pico_runtime/runtime.c.obj
                0x10002318                runtime_init
 .text.panic    0x10002410       0x30 CMakeFiles/flashid.dir/D_/ProgramFiles/Raspberry_Pi/Pico_SDK_v1.5.1/pico-sdk/src/rp2_common/pico_runtime/runtime.c.obj
                0x10002410                panic
 .text._out_buffer
                0x10002440        0x8 CMakeFiles/flashid.dir/D_/ProgramFiles/Raspberry_Pi/Pico_SDK_v1.5.1/pico-sdk/src/rp2_common/pico_printf/printf.c.obj
 .text._out_null
                0x10002448        0x2 CMakeFiles/flashid.dir/D_/ProgramFiles/Raspberry_Pi/Pico_SDK_v1.5.1/pico-sdk/src/rp2_common/pico_printf/printf.c.obj
 .text._out_fct
                0x1000244a        0xe CMakeFiles/flashid.dir/D_/ProgramFiles/Raspberry_Pi/Pico_SDK_v1.5.1/pico-sdk/src/rp2_common/pico_printf/printf.c.obj
 .text._atoi    0x10002458       0x24 CMakeFiles/flashid.dir/D_/ProgramFiles/Raspberry_Pi/Pico_SDK_v1.5.1/pico-sdk/src/rp2_common/pico_printf/printf.c.obj
 .text._out_rev
                0x1000247c       0xae CMakeFiles/flashid.dir/D_/ProgramFiles/Raspberry_Pi/Pico_SDK_v1.5.1/pico-sdk/src/rp2_common/pico_printf/printf.c.obj
 .text._ntoa_format
                0x1000252a      0x112 CMakeFiles/flashid.dir/D_/ProgramFiles/Raspberry_Pi/Pico_SDK_v1.5.1/pico-sdk/src/rp2_common/pico_printf/printf.c.obj
 .text._ntoa_long
                0x1000263c       0xbc CMakeFiles/flashid.dir/D_/ProgramFiles/Raspberry_Pi/Pico_SDK_v1.5.1/pico-sdk/src/rp2_common/pico_printf/printf.c.obj
 .text._ntoa_long_long
                0x100026f8       0xe2 CMakeFiles/flashid.dir/D_/ProgramFiles/Raspberry_Pi/Pico_SDK_v1.5.1/pico-sdk/src/rp2_common/pico_printf/printf.c.obj
 *fill*         0x100027da        0x2 
 .text._etoa    0x100027dc      0x414 CMakeFiles/flashid.dir/D_/ProgramFiles/Raspberry_Pi/Pico_SDK_v1.5.1/pico-sdk/src/rp2_common/pico_printf/printf.c.obj
 .text._ftoa    0x10002bf0      0x354 CMakeFiles/flashid.dir/D_/ProgramFiles/Raspberry_Pi/Pico_SDK_v1.5.1/pico-sdk/src/rp2_common/pico_printf/printf.c.obj
 .text._vsnprintf
                0x10002f44      0x624 CMakeFiles/flashid.dir/D_/ProgramFiles/Raspberry_Pi/Pico_SDK_v1.5.1/pico-sdk/src/rp2_common/pico_printf/printf.c.obj
 .text.__wrap_snprintf
                0x10003568       0x28 CMakeFiles/flashid.dir/D_/ProgramFiles/Raspberry_Pi/Pico_SDK_v1.5.1/pico-sdk/src/rp2_common/pico_printf/printf.c.obj
                0x10003568                __wrap_snprintf
 .text.vfctprintf
                0x10003590       0x20 CMakeFiles/flashid.dir/D_/ProgramFiles/Raspberry_Pi/Pico_SDK_v1.5.1/pico-sdk/src/rp2_common/pico_printf/printf.c.obj
                0x10003590                vfctprintf
 .text          0x100035b0       0x10 CMakeFiles/flashid.dir/D_/ProgramFiles/Raspberry_Pi/Pico_SDK_v1.5.1/pico-sdk/src/rp2_common/pico_bit_ops/bit_ops_aeabi.S.obj
 .text.rom_func_lookup
                0x100035c0       0x10 CMakeFiles/flashid.dir/D_/ProgramFiles/Raspberry_Pi/Pico_SDK_v1.5.1/pico-sdk/src/rp2_common/pico_bootrom/bootrom.c.obj
                0x100035c0                rom_func_lookup
 .text.rom_data_lookup
                0x100035d0       0x10 CMakeFiles/flashid.dir/D_/ProgramFiles/Raspberry_Pi/Pico_SDK_v1.5.1/pico-sdk/src/rp2_common/pico_bootrom/bootrom.c.obj
                0x100035d0                rom_data_lookup
 .text.rom_funcs_lookup
                0x100035e0       0x36 CMakeFiles/flashid.dir/D_/ProgramFiles/Raspberry_Pi/Pico_SDK_v1.5.1/pico-sdk/src/rp2_common/pico_bootrom/bootrom.c.obj
                0x100035e0                rom_funcs_lookup
 *fill*         0x10003616        0x2 
 .text.__wrap___aeabi_idiv
                0x10003618       0x50 CMakeFiles/flashid.dir/D_/ProgramFiles/Raspberry_Pi/Pico_SDK_v1.5.1/pico-sdk/src/rp2_common/pico_divider/divider.S.obj
                0x10003618                __wrap___aeabi_idivmod
                0x10003618                divmod_s32s32
                0x10003618                div_s32s32
                0x10003618                __wrap___aeabi_idiv
                0x10003620                divmod_s32s32_unsafe
                0x1000364c                divmod_s32s32_savestate
 .text.__wrap___aeabi_uidiv
                0x10003668       0x4c CMakeFiles/flashid.dir/D_/ProgramFiles/Raspberry_Pi/Pico_SDK_v1.5.1/pico-sdk/src/rp2_common/pico_divider/divider.S.obj
                0x10003668                __wrap___aeabi_uidiv
                0x10003668                __wrap___aeabi_uidivmod
                0x10003668                div_u32u32
                0x10003668                divmod_u32u32
                0x10003670                divmod_u32u32_unsafe
                0x10003698                divmod_u32u32_savestate
 .text.__wrap___aeabi_ldiv
                0x100036b4      0x424 CMakeFiles/flashid.dir/D_/ProgramFiles/Raspberry_Pi/Pico_SDK_v1.5.1/pico-sdk/src/rp2_common/pico_divider/divider.S.obj
                0x100036b4                div_s64s64
                0x100036b4                divmod_s64s64
                0x100036b4                __wrap___aeabi_ldivmod
                0x100036e4                divmod_u64u64
                0x100036e4                div_u64u64
                0x100036e4                __wrap___aeabi_uldivmod
                0x100036f4                divmod_u64u64_savestate
                0x10003714                divmod_s64s64_unsafe
                0x1000379c                divmod_u64u64_unsafe
 .text.__wrap___aeabi_darithmetic
                0x10003ad8       0x60 CMakeFiles/flashid.dir/D_/ProgramFiles/Raspberry_Pi/Pico_SDK_v1.5.1/pico-sdk/src/rp2_common/pico_double/double_aeabi.S.obj
                0x10003ad8                __wrap___aeabi_drsub
                0x10003ade                __wrap___aeabi_dsub
                0x10003ae8                __wrap___aeabi_dadd
                0x10003af2                __wrap___aeabi_ddiv
                0x10003b26                __wrap___aeabi_dmul
 .text.__wrap___aeabi_cdcmple
                0x10003b38       0x6c CMakeFiles/flashid.dir/D_/ProgramFiles/Raspberry_Pi/Pico_SDK_v1.5.1/pico-sdk/src/rp2_common/pico_double/double_aeabi.S.obj
                0x10003b38                __wrap___aeabi_cdrcmple
                0x10003b48                __wrap___aeabi_cdcmpeq
                0x10003b48                __wrap___aeabi_cdcmple
 .text.__wrap___aeabi_dcmplt
                0x10003ba4        0xc CMakeFiles/flashid.dir/D_/ProgramFiles/Raspberry_Pi/Pico_SDK_v1.5.1/pico-sdk/src/rp2_common/pico_double/double_aeabi.S.obj
                0x10003ba4                __wrap___aeabi_dcmplt
 .text.__wrap___aeabi_dcmple
                0x10003bb0       0x10 CMakeFiles/flashid.dir/D_/ProgramFiles/Raspberry_Pi/Pico_SDK_v1.5.1/pico-sdk/src/rp2_common/pico_double/double_aeabi.S.obj
                0x10003bb0                __wrap___aeabi_dcmple
 .text.__wrap___aeabi_dcmpge
                0x10003bc0       0x10 CMakeFiles/flashid.dir/D_/ProgramFiles/Raspberry_Pi/Pico_SDK_v1.5.1/pico-sdk/src/rp2_common/pico_double/double_aeabi.S.obj
                0x10003bc0                __wrap___aeabi_dcmpge
 .text.__wrap___aeabi_dcmpgt
                0x10003bd0        0xa CMakeFiles/flashid.dir/D_/ProgramFiles/Raspberry_Pi/Pico_SDK_v1.5.1/pico-sdk/src/rp2_common/pico_double/double_aeabi.S.obj
                0x10003bd0                __wrap___aeabi_dcmpgt
 .text.__wrap___aeabi_dcmpun
                0x10003bda       0x1c CMakeFiles/flashid.dir/D_/ProgramFiles/Raspberry_Pi/Pico_SDK_v1.5.1/pico-sdk/src/rp2_common/pico_double/double_aeabi.S.obj
                0x10003bda                __wrap___aeabi_dcmpun
 *fill*         0x10003bf6        0x2 
 .text.__wrap___aeabi_i2d
                0x10003bf8       0x38 CMakeFiles/flashid.dir/D_/ProgramFiles/Raspberry_Pi/Pico_SDK_v1.5.1/pico-sdk/src/rp2_common/pico_double/double_aeabi.S.obj
                0x10003bf8                __wrap___aeabi_ui2d
                0x10003c00                __wrap___aeabi_i2d
 .text.__wrap___aeabi_d2iz
                0x10003c30       0x48 CMakeFiles/flashid.dir/D_/ProgramFiles/Raspberry_Pi/Pico_SDK_v1.5.1/pico-sdk/src/rp2_common/pico_double/double_aeabi.S.obj
                0x10003c30                double2int_z
                0x10003c30                __wrap___aeabi_d2iz
 .text.__wrap___aeabi_d2uiz
                0x10003c78       0x10 CMakeFiles/flashid.dir/D_/ProgramFiles/Raspberry_Pi/Pico_SDK_v1.5.1/pico-sdk/src/rp2_common/pico_double/double_aeabi.S.obj
                0x10003c78                __wrap___aeabi_d2uiz
                0x10003c78                double2uint
 .text.missing_double_func_shim
                0x10003c88        0xc CMakeFiles/flashid.dir/D_/ProgramFiles/Raspberry_Pi/Pico_SDK_v1.5.1/pico-sdk/src/rp2_common/pico_double/double_init_rom.c.obj
 .text.__aeabi_double_init
                0x10003c94       0xcc CMakeFiles/flashid.dir/D_/ProgramFiles/Raspberry_Pi/Pico_SDK_v1.5.1/pico-sdk/src/rp2_common/pico_double/double_init_rom.c.obj
                0x10003c94                __aeabi_double_init
 .text.double_table_shim_on_use_helper
                0x10003d60       0x34 CMakeFiles/flashid.dir/D_/ProgramFiles/Raspberry_Pi/Pico_SDK_v1.5.1/pico-sdk/src/rp2_common/pico_double/double_v1_rom_shim.S.obj
                0x10003d60                double_table_shim_on_use_helper
 .text.__aeabi_lmul
                0x10003d94       0x32 CMakeFiles/flashid.dir/D_/ProgramFiles/Raspberry_Pi/Pico_SDK_v1.5.1/pico-sdk/src/rp2_common/pico_int64_ops/pico_int64_ops_aeabi.S.obj
                0x10003d94                __wrap___aeabi_lmul
 *fill*         0x10003dc6        0x2 
 .text.missing_float_func_shim
                0x10003dc8        0xc CMakeFiles/flashid.dir/D_/ProgramFiles/Raspberry_Pi/Pico_SDK_v1.5.1/pico-sdk/src/rp2_common/pico_float/float_init_rom.c.obj
 .text.__aeabi_float_init
                0x10003dd4       0x88 CMakeFiles/flashid.dir/D_/ProgramFiles/Raspberry_Pi/Pico_SDK_v1.5.1/pico-sdk/src/rp2_common/pico_float/float_init_rom.c.obj
                0x10003dd4                __aeabi_float_init
 .text          0x10003e5c       0x10 CMakeFiles/flashid.dir/D_/ProgramFiles/Raspberry_Pi/Pico_SDK_v1.5.1/pico-sdk/src/rp2_common/pico_mem_ops/mem_ops_aeabi.S.obj
                0x10003e5c                __aeabi_mem_init
 .text.memset   0x10003e6c        0xc CMakeFiles/flashid.dir/D_/ProgramFiles/Raspberry_Pi/Pico_SDK_v1.5.1/pico-sdk/src/rp2_common/pico_mem_ops/mem_ops_aeabi.S.obj
                0x10003e6c                __wrap_memset
 .text.memcpy   0x10003e78        0xc CMakeFiles/flashid.dir/D_/ProgramFiles/Raspberry_Pi/Pico_SDK_v1.5.1/pico-sdk/src/rp2_common/pico_mem_ops/mem_ops_aeabi.S.obj
                0x10003e78                __wrap_memcpy
                0x10003e78                __wrap___aeabi_memcpy
 .text.stdio_out_chars_no_crlf
                0x10003e84        0xe CMakeFiles/flashid.dir/D_/ProgramFiles/Raspberry_Pi/Pico_SDK_v1.5.1/pico-sdk/src/rp2_common/pico_stdio/stdio.c.obj
 *fill*         0x10003e92        0x2 
 .text.stdio_out_chars_crlf
                0x10003e94       0x80 CMakeFiles/flashid.dir/D_/ProgramFiles/Raspberry_Pi/Pico_SDK_v1.5.1/pico-sdk/src/rp2_common/pico_stdio/stdio.c.obj
 .text.stdio_stack_buffer_flush
                0x10003f14       0x44 CMakeFiles/flashid.dir/D_/ProgramFiles/Raspberry_Pi/Pico_SDK_v1.5.1/pico-sdk/src/rp2_common/pico_stdio/stdio.c.obj
 .text.stdio_buffered_printer
                0x10003f58       0x20 CMakeFiles/flashid.dir/D_/ProgramFiles/Raspberry_Pi/Pico_SDK_v1.5.1/pico-sdk/src/rp2_common/pico_stdio/stdio.c.obj
 .text.stdout_serialize_begin
                0x10003f78       0x5c CMakeFiles/flashid.dir/D_/ProgramFiles/Raspberry_Pi/Pico_SDK_v1.5.1/pico-sdk/src/rp2_common/pico_stdio/stdio.c.obj
                0x10003f78                stdout_serialize_begin
 .text.stdout_serialize_end
                0x10003fd4       0x10 CMakeFiles/flashid.dir/D_/ProgramFiles/Raspberry_Pi/Pico_SDK_v1.5.1/pico-sdk/src/rp2_common/pico_stdio/stdio.c.obj
                0x10003fd4                stdout_serialize_end
 .text.stdio_put_string
                0x10003fe4       0x98 CMakeFiles/flashid.dir/D_/ProgramFiles/Raspberry_Pi/Pico_SDK_v1.5.1/pico-sdk/src/rp2_common/pico_stdio/stdio.c.obj
 .text.stdio_set_driver_enabled
                0x1000407c       0x2c CMakeFiles/flashid.dir/D_/ProgramFiles/Raspberry_Pi/Pico_SDK_v1.5.1/pico-sdk/src/rp2_common/pico_stdio/stdio.c.obj
                0x1000407c                stdio_set_driver_enabled
 .text.stdio_flush
                0x100040a8       0x20 CMakeFiles/flashid.dir/D_/ProgramFiles/Raspberry_Pi/Pico_SDK_v1.5.1/pico-sdk/src/rp2_common/pico_stdio/stdio.c.obj
                0x100040a8                stdio_flush
 .text.__wrap_puts
                0x100040c8       0x1e CMakeFiles/flashid.dir/D_/ProgramFiles/Raspberry_Pi/Pico_SDK_v1.5.1/pico-sdk/src/rp2_common/pico_stdio/stdio.c.obj
                0x100040c8                __wrap_puts
 *fill*         0x100040e6        0x2 
 .text.__wrap_vprintf
                0x100040e8       0x40 CMakeFiles/flashid.dir/D_/ProgramFiles/Raspberry_Pi/Pico_SDK_v1.5.1/pico-sdk/src/rp2_common/pico_stdio/stdio.c.obj
                0x100040e8                __wrap_vprintf
 .text.__wrap_printf
                0x10004128       0x18 CMakeFiles/flashid.dir/D_/ProgramFiles/Raspberry_Pi/Pico_SDK_v1.5.1/pico-sdk/src/rp2_common/pico_stdio/stdio.c.obj
                0x10004128                __wrap_printf
 .text.resetd_init
                0x10004140        0x2 CMakeFiles/flashid.dir/D_/ProgramFiles/Raspberry_Pi/Pico_SDK_v1.5.1/pico-sdk/src/rp2_common/pico_stdio_usb/reset_interface.c.obj
 *fill*         0x10004142        0x2 
 .text.resetd_reset
                0x10004144        0xc CMakeFiles/flashid.dir/D_/ProgramFiles/Raspberry_Pi/Pico_SDK_v1.5.1/pico-sdk/src/rp2_common/pico_stdio_usb/reset_interface.c.obj
 .text.resetd_open
                0x10004150       0x34 CMakeFiles/flashid.dir/D_/ProgramFiles/Raspberry_Pi/Pico_SDK_v1.5.1/pico-sdk/src/rp2_common/pico_stdio_usb/reset_interface.c.obj
 .text.resetd_xfer_cb
                0x10004184        0x4 CMakeFiles/flashid.dir/D_/ProgramFiles/Raspberry_Pi/Pico_SDK_v1.5.1/pico-sdk/src/rp2_common/pico_stdio_usb/reset_interface.c.obj
 .text.reset_usb_boot
                0x10004188       0x18 CMakeFiles/flashid.dir/D_/ProgramFiles/Raspberry_Pi/Pico_SDK_v1.5.1/pico-sdk/src/rp2_common/pico_stdio_usb/reset_interface.c.obj
 .text.resetd_control_xfer_cb
                0x100041a0       0x5c CMakeFiles/flashid.dir/D_/ProgramFiles/Raspberry_Pi/Pico_SDK_v1.5.1/pico-sdk/src/rp2_common/pico_stdio_usb/reset_interface.c.obj
 .text.usbd_app_driver_get_cb
                0x100041fc        0xc CMakeFiles/flashid.dir/D_/ProgramFiles/Raspberry_Pi/Pico_SDK_v1.5.1/pico-sdk/src/rp2_common/pico_stdio_usb/reset_interface.c.obj
                0x100041fc                usbd_app_driver_get_cb
 .text.tud_cdc_line_coding_cb
                0x10004208       0x28 CMakeFiles/flashid.dir/D_/ProgramFiles/Raspberry_Pi/Pico_SDK_v1.5.1/pico-sdk/src/rp2_common/pico_stdio_usb/reset_interface.c.obj
                0x10004208                tud_cdc_line_coding_cb
 .text.stdio_usb_set_chars_available_callback
                0x10004230       0x14 CMakeFiles/flashid.dir/D_/ProgramFiles/Raspberry_Pi/Pico_SDK_v1.5.1/pico-sdk/src/rp2_common/pico_stdio_usb/stdio_usb.c.obj
                0x10004230                stdio_usb_set_chars_available_callback
 .text.usb_irq  0x10004244       0x10 CMakeFiles/flashid.dir/D_/ProgramFiles/Raspberry_Pi/Pico_SDK_v1.5.1/pico-sdk/src/rp2_common/pico_stdio_usb/stdio_usb.c.obj
 .text.timer_task
                0x10004254       0x5c CMakeFiles/flashid.dir/D_/ProgramFiles/Raspberry_Pi/Pico_SDK_v1.5.1/pico-sdk/src/rp2_common/pico_stdio_usb/stdio_usb.c.obj
 .text.low_priority_worker_irq
                0x100042b0       0xdc CMakeFiles/flashid.dir/D_/ProgramFiles/Raspberry_Pi/Pico_SDK_v1.5.1/pico-sdk/src/rp2_common/pico_stdio_usb/stdio_usb.c.obj
 .text.tud_cdc_rx_cb
                0x1000438c       0x20 CMakeFiles/flashid.dir/D_/ProgramFiles/Raspberry_Pi/Pico_SDK_v1.5.1/pico-sdk/src/rp2_common/pico_stdio_usb/stdio_usb.c.obj
                0x1000438c                tud_cdc_rx_cb
 .text.stdio_usb_init
                0x100043ac      0x11c CMakeFiles/flashid.dir/D_/ProgramFiles/Raspberry_Pi/Pico_SDK_v1.5.1/pico-sdk/src/rp2_common/pico_stdio_usb/stdio_usb.c.obj
                0x100043ac                stdio_usb_init
 .text.stdio_usb_connected
                0x100044c8        0xa CMakeFiles/flashid.dir/D_/ProgramFiles/Raspberry_Pi/Pico_SDK_v1.5.1/pico-sdk/src/rp2_common/pico_stdio_usb/stdio_usb.c.obj
                0x100044c8                stdio_usb_connected
 *fill*         0x100044d2        0x2 
 .text.stdio_usb_in_chars
                0x100044d4       0xc4 CMakeFiles/flashid.dir/D_/ProgramFiles/Raspberry_Pi/Pico_SDK_v1.5.1/pico-sdk/src/rp2_common/pico_stdio_usb/stdio_usb.c.obj
                0x100044d4                stdio_usb_in_chars
 .text.stdio_usb_out_chars
                0x10004598      0x114 CMakeFiles/flashid.dir/D_/ProgramFiles/Raspberry_Pi/Pico_SDK_v1.5.1/pico-sdk/src/rp2_common/pico_stdio_usb/stdio_usb.c.obj
 .text.tud_descriptor_device_cb
                0x100046ac        0x8 CMakeFiles/flashid.dir/D_/ProgramFiles/Raspberry_Pi/Pico_SDK_v1.5.1/pico-sdk/src/rp2_common/pico_stdio_usb/stdio_usb_descriptors.c.obj
                0x100046ac                tud_descriptor_device_cb
 .text.tud_descriptor_configuration_cb
                0x100046b4        0x8 CMakeFiles/flashid.dir/D_/ProgramFiles/Raspberry_Pi/Pico_SDK_v1.5.1/pico-sdk/src/rp2_common/pico_stdio_usb/stdio_usb_descriptors.c.obj
                0x100046b4                tud_descriptor_configuration_cb
 .text.tud_descriptor_string_cb
                0x100046bc       0x6c CMakeFiles/flashid.dir/D_/ProgramFiles/Raspberry_Pi/Pico_SDK_v1.5.1/pico-sdk/src/rp2_common/pico_stdio_usb/stdio_usb_descriptors.c.obj
                0x100046bc                tud_descriptor_string_cb
 .text._retrieve_unique_id_on_boot
                0x10004728       0x10 CMakeFiles/flashid.dir/D_/ProgramFiles/Raspberry_Pi/Pico_SDK_v1.5.1/pico-sdk/src/rp2_common/pico_unique_id/unique_id.c.obj
 .text.pico_get_unique_board_id_string
                0x10004738       0x60 CMakeFiles/flashid.dir/D_/ProgramFiles/Raspberry_Pi/Pico_SDK_v1.5.1/pico-sdk/src/rp2_common/pico_unique_id/unique_id.c.obj
                0x10004738                pico_get_unique_board_id_string
 .text.flash_get_unique_id
                0x10004798       0x46 CMakeFiles/flashid.dir/D_/ProgramFiles/Raspberry_Pi/Pico_SDK_v1.5.1/pico-sdk/src/rp2_common/hardware_flash/flash.c.obj
                0x10004798                flash_get_unique_id
 *fill*         0x100047de        0x2 
 .text.hw_endpoint_get_by_addr
                0x100047e0       0x18 CMakeFiles/flashid.dir/D_/ProgramFiles/Raspberry_Pi/Pico_SDK_v1.5.1/pico-sdk/lib/tinyusb/src/portable/raspberrypi/rp2040/dcd_rp2040.c.obj
 .text._hw_endpoint_alloc
                0x100047f8       0x70 CMakeFiles/flashid.dir/D_/ProgramFiles/Raspberry_Pi/Pico_SDK_v1.5.1/pico-sdk/lib/tinyusb/src/portable/raspberrypi/rp2040/dcd_rp2040.c.obj
 .text.hw_endpoint_init
                0x10004868       0x88 CMakeFiles/flashid.dir/D_/ProgramFiles/Raspberry_Pi/Pico_SDK_v1.5.1/pico-sdk/lib/tinyusb/src/portable/raspberrypi/rp2040/dcd_rp2040.c.obj
 .text.hw_endpoint_xfer
                0x100048f0       0x14 CMakeFiles/flashid.dir/D_/ProgramFiles/Raspberry_Pi/Pico_SDK_v1.5.1/pico-sdk/lib/tinyusb/src/portable/raspberrypi/rp2040/dcd_rp2040.c.obj
 .text.dcd_int_enable
                0x10004904       0x2c CMakeFiles/flashid.dir/D_/ProgramFiles/Raspberry_Pi/Pico_SDK_v1.5.1/pico-sdk/lib/tinyusb/src/portable/raspberrypi/rp2040/dcd_rp2040.c.obj
                0x10004904                dcd_int_enable
 .text.dcd_set_address
                0x10004930       0x2c CMakeFiles/flashid.dir/D_/ProgramFiles/Raspberry_Pi/Pico_SDK_v1.5.1/pico-sdk/lib/tinyusb/src/portable/raspberrypi/rp2040/dcd_rp2040.c.obj
                0x10004930                dcd_set_address
 .text.dcd_connect
                0x1000495c       0x10 CMakeFiles/flashid.dir/D_/ProgramFiles/Raspberry_Pi/Pico_SDK_v1.5.1/pico-sdk/lib/tinyusb/src/portable/raspberrypi/rp2040/dcd_rp2040.c.obj
                0x1000495c                dcd_connect
 .text.dcd_init
                0x1000496c       0x80 CMakeFiles/flashid.dir/D_/ProgramFiles/Raspberry_Pi/Pico_SDK_v1.5.1/pico-sdk/lib/tinyusb/src/portable/raspberrypi/rp2040/dcd_rp2040.c.obj
                0x1000496c                dcd_init
 .text.dcd_edpt0_status_complete
                0x100049ec       0x1c CMakeFiles/flashid.dir/D_/ProgramFiles/Raspberry_Pi/Pico_SDK_v1.5.1/pico-sdk/lib/tinyusb/src/portable/raspberrypi/rp2040/dcd_rp2040.c.obj
                0x100049ec                dcd_edpt0_status_complete
 .text.dcd_edpt_open
                0x10004a08       0x40 CMakeFiles/flashid.dir/D_/ProgramFiles/Raspberry_Pi/Pico_SDK_v1.5.1/pico-sdk/lib/tinyusb/src/portable/raspberrypi/rp2040/dcd_rp2040.c.obj
                0x10004a08                dcd_edpt_open
 .text.dcd_edpt_close_all
                0x10004a48        0x8 CMakeFiles/flashid.dir/D_/ProgramFiles/Raspberry_Pi/Pico_SDK_v1.5.1/pico-sdk/lib/tinyusb/src/portable/raspberrypi/rp2040/dcd_rp2040.c.obj
                0x10004a48                dcd_edpt_close_all
 .text.dcd_edpt_xfer
                0x10004a50       0x34 CMakeFiles/flashid.dir/D_/ProgramFiles/Raspberry_Pi/Pico_SDK_v1.5.1/pico-sdk/lib/tinyusb/src/portable/raspberrypi/rp2040/dcd_rp2040.c.obj
                0x10004a50                dcd_edpt_xfer
 .text.dcd_edpt_stall
                0x10004a84       0x2c CMakeFiles/flashid.dir/D_/ProgramFiles/Raspberry_Pi/Pico_SDK_v1.5.1/pico-sdk/lib/tinyusb/src/portable/raspberrypi/rp2040/dcd_rp2040.c.obj
                0x10004a84                dcd_edpt_stall
 .text.dcd_edpt_clear_stall
                0x10004ab0       0x20 CMakeFiles/flashid.dir/D_/ProgramFiles/Raspberry_Pi/Pico_SDK_v1.5.1/pico-sdk/lib/tinyusb/src/portable/raspberrypi/rp2040/dcd_rp2040.c.obj
                0x10004ab0                dcd_edpt_clear_stall
 .text.rp2040_usb_init
                0x10004ad0       0x4c CMakeFiles/flashid.dir/D_/ProgramFiles/Raspberry_Pi/Pico_SDK_v1.5.1/pico-sdk/lib/tinyusb/src/portable/raspberrypi/rp2040/rp2040_usb.c.obj
                0x10004ad0                rp2040_usb_init
 .text.hw_endpoint_xfer_start
                0x10004b1c       0x50 CMakeFiles/flashid.dir/D_/ProgramFiles/Raspberry_Pi/Pico_SDK_v1.5.1/pico-sdk/lib/tinyusb/src/portable/raspberrypi/rp2040/rp2040_usb.c.obj
                0x10004b1c                hw_endpoint_xfer_start
 .text.configuration_reset
                0x10004b6c       0x84 CMakeFiles/flashid.dir/D_/ProgramFiles/Raspberry_Pi/Pico_SDK_v1.5.1/pico-sdk/lib/tinyusb/src/device/usbd.c.obj
 .text.usbd_reset
                0x10004bf0        0xc CMakeFiles/flashid.dir/D_/ProgramFiles/Raspberry_Pi/Pico_SDK_v1.5.1/pico-sdk/lib/tinyusb/src/device/usbd.c.obj
 .text.invoke_class_control
                0x10004bfc       0x1a CMakeFiles/flashid.dir/D_/ProgramFiles/Raspberry_Pi/Pico_SDK_v1.5.1/pico-sdk/lib/tinyusb/src/device/usbd.c.obj
 *fill*         0x10004c16        0x2 
 .text.process_set_config
                0x10004c18      0x178 CMakeFiles/flashid.dir/D_/ProgramFiles/Raspberry_Pi/Pico_SDK_v1.5.1/pico-sdk/lib/tinyusb/src/device/usbd.c.obj
 .text.process_get_descriptor
                0x10004d90       0xdc CMakeFiles/flashid.dir/D_/ProgramFiles/Raspberry_Pi/Pico_SDK_v1.5.1/pico-sdk/lib/tinyusb/src/device/usbd.c.obj
 .text.tud_mounted
                0x10004e6c       0x10 CMakeFiles/flashid.dir/D_/ProgramFiles/Raspberry_Pi/Pico_SDK_v1.5.1/pico-sdk/lib/tinyusb/src/device/usbd.c.obj
                0x10004e6c                tud_mounted
 .text.tud_suspended
                0x10004e7c       0x10 CMakeFiles/flashid.dir/D_/ProgramFiles/Raspberry_Pi/Pico_SDK_v1.5.1/pico-sdk/lib/tinyusb/src/device/usbd.c.obj
                0x10004e7c                tud_suspended
 .text.tud_inited
                0x10004e8c       0x14 CMakeFiles/flashid.dir/D_/ProgramFiles/Raspberry_Pi/Pico_SDK_v1.5.1/pico-sdk/lib/tinyusb/src/device/usbd.c.obj
                0x10004e8c                tud_inited
 .text.tud_init
                0x10004ea0       0xcc CMakeFiles/flashid.dir/D_/ProgramFiles/Raspberry_Pi/Pico_SDK_v1.5.1/pico-sdk/lib/tinyusb/src/device/usbd.c.obj
                0x10004ea0                tud_init
 .text.usbd_defer_func
                0x10004f6c       0x2a CMakeFiles/flashid.dir/D_/ProgramFiles/Raspberry_Pi/Pico_SDK_v1.5.1/pico-sdk/lib/tinyusb/src/device/usbd.c.obj
                0x10004f6c                usbd_defer_func
 *fill*         0x10004f96        0x2 
 .text.usbd_edpt_open
                0x10004f98       0x34 CMakeFiles/flashid.dir/D_/ProgramFiles/Raspberry_Pi/Pico_SDK_v1.5.1/pico-sdk/lib/tinyusb/src/device/usbd.c.obj
                0x10004f98                usbd_edpt_open
 .text.usbd_open_edpt_pair
                0x10004fcc       0x62 CMakeFiles/flashid.dir/D_/ProgramFiles/Raspberry_Pi/Pico_SDK_v1.5.1/pico-sdk/lib/tinyusb/src/device/usbd.c.obj
                0x10004fcc                usbd_open_edpt_pair
 *fill*         0x1000502e        0x2 
 .text.usbd_edpt_claim
                0x10005030       0x28 CMakeFiles/flashid.dir/D_/ProgramFiles/Raspberry_Pi/Pico_SDK_v1.5.1/pico-sdk/lib/tinyusb/src/device/usbd.c.obj
                0x10005030                usbd_edpt_claim
 .text.usbd_edpt_release
                0x10005058       0x28 CMakeFiles/flashid.dir/D_/ProgramFiles/Raspberry_Pi/Pico_SDK_v1.5.1/pico-sdk/lib/tinyusb/src/device/usbd.c.obj
                0x10005058                usbd_edpt_release
 .text.usbd_edpt_xfer
                0x10005080       0x78 CMakeFiles/flashid.dir/D_/ProgramFiles/Raspberry_Pi/Pico_SDK_v1.5.1/pico-sdk/lib/tinyusb/src/device/usbd.c.obj
                0x10005080                usbd_edpt_xfer
 .text.usbd_edpt_stall
                0x100050f8       0x48 CMakeFiles/flashid.dir/D_/ProgramFiles/Raspberry_Pi/Pico_SDK_v1.5.1/pico-sdk/lib/tinyusb/src/device/usbd.c.obj
                0x100050f8                usbd_edpt_stall
 .text.usbd_edpt_clear_stall
                0x10005140       0x48 CMakeFiles/flashid.dir/D_/ProgramFiles/Raspberry_Pi/Pico_SDK_v1.5.1/pico-sdk/lib/tinyusb/src/device/usbd.c.obj
                0x10005140                usbd_edpt_clear_stall
 .text.usbd_edpt_stalled
                0x10005188       0x1c CMakeFiles/flashid.dir/D_/ProgramFiles/Raspberry_Pi/Pico_SDK_v1.5.1/pico-sdk/lib/tinyusb/src/device/usbd.c.obj
                0x10005188                usbd_edpt_stalled
 .text.process_control_request
                0x100051a4      0x37c CMakeFiles/flashid.dir/D_/ProgramFiles/Raspberry_Pi/Pico_SDK_v1.5.1/pico-sdk/lib/tinyusb/src/device/usbd.c.obj
 .text.tud_task_ext
                0x10005520      0x1b8 CMakeFiles/flashid.dir/D_/ProgramFiles/Raspberry_Pi/Pico_SDK_v1.5.1/pico-sdk/lib/tinyusb/src/device/usbd.c.obj
                0x10005520                tud_task_ext
 .text._data_stage_xact
                0x100056d8       0x58 CMakeFiles/flashid.dir/D_/ProgramFiles/Raspberry_Pi/Pico_SDK_v1.5.1/pico-sdk/lib/tinyusb/src/device/usbd_control.c.obj
 .text.tud_control_status
                0x10005730       0x38 CMakeFiles/flashid.dir/D_/ProgramFiles/Raspberry_Pi/Pico_SDK_v1.5.1/pico-sdk/lib/tinyusb/src/device/usbd_control.c.obj
                0x10005730                tud_control_status
 .text.tud_control_xfer
                0x10005768       0x74 CMakeFiles/flashid.dir/D_/ProgramFiles/Raspberry_Pi/Pico_SDK_v1.5.1/pico-sdk/lib/tinyusb/src/device/usbd_control.c.obj
                0x10005768                tud_control_xfer
 .text.usbd_control_reset
                0x100057dc       0x14 CMakeFiles/flashid.dir/D_/ProgramFiles/Raspberry_Pi/Pico_SDK_v1.5.1/pico-sdk/lib/tinyusb/src/device/usbd_control.c.obj
                0x100057dc                usbd_control_reset
 .text.usbd_control_set_complete_callback
                0x100057f0        0xc CMakeFiles/flashid.dir/D_/ProgramFiles/Raspberry_Pi/Pico_SDK_v1.5.1/pico-sdk/lib/tinyusb/src/device/usbd_control.c.obj
                0x100057f0                usbd_control_set_complete_callback
 .text.usbd_control_set_request
                0x100057fc       0x1c CMakeFiles/flashid.dir/D_/ProgramFiles/Raspberry_Pi/Pico_SDK_v1.5.1/pico-sdk/lib/tinyusb/src/device/usbd_control.c.obj
                0x100057fc                usbd_control_set_request
 .text.usbd_control_xfer_cb
                0x10005818       0xcc CMakeFiles/flashid.dir/D_/ProgramFiles/Raspberry_Pi/Pico_SDK_v1.5.1/pico-sdk/lib/tinyusb/src/device/usbd_control.c.obj
                0x10005818                usbd_control_xfer_cb
 .text._prep_out_transaction
                0x100058e4       0x4a CMakeFiles/flashid.dir/D_/ProgramFiles/Raspberry_Pi/Pico_SDK_v1.5.1/pico-sdk/lib/tinyusb/src/class/cdc/cdc_device.c.obj
 *fill*         0x1000592e        0x2 
 .text.tud_cdc_n_connected
                0x10005930       0x44 CMakeFiles/flashid.dir/D_/ProgramFiles/Raspberry_Pi/Pico_SDK_v1.5.1/pico-sdk/lib/tinyusb/src/class/cdc/cdc_device.c.obj
                0x10005930                tud_cdc_n_connected
 .text.tud_cdc_n_available
                0x10005974       0x18 CMakeFiles/flashid.dir/D_/ProgramFiles/Raspberry_Pi/Pico_SDK_v1.5.1/pico-sdk/lib/tinyusb/src/class/cdc/cdc_device.c.obj
                0x10005974                tud_cdc_n_available
 .text.tud_cdc_n_read
                0x1000598c       0x28 CMakeFiles/flashid.dir/D_/ProgramFiles/Raspberry_Pi/Pico_SDK_v1.5.1/pico-sdk/lib/tinyusb/src/class/cdc/cdc_device.c.obj
                0x1000598c                tud_cdc_n_read
 .text.tud_cdc_n_write_flush
                0x100059b4       0xb8 CMakeFiles/flashid.dir/D_/ProgramFiles/Raspberry_Pi/Pico_SDK_v1.5.1/pico-sdk/lib/tinyusb/src/class/cdc/cdc_device.c.obj
                0x100059b4                tud_cdc_n_write_flush
 .text.tud_cdc_n_write
                0x10005a6c       0x38 CMakeFiles/flashid.dir/D_/ProgramFiles/Raspberry_Pi/Pico_SDK_v1.5.1/pico-sdk/lib/tinyusb/src/class/cdc/cdc_device.c.obj
                0x10005a6c                tud_cdc_n_write
 .text.tud_cdc_n_write_available
                0x10005aa4       0x1c CMakeFiles/flashid.dir/D_/ProgramFiles/Raspberry_Pi/Pico_SDK_v1.5.1/pico-sdk/lib/tinyusb/src/class/cdc/cdc_device.c.obj
                0x10005aa4                tud_cdc_n_write_available
 .text.cdcd_init
                0x10005ac0       0xbc CMakeFiles/flashid.dir/D_/ProgramFiles/Raspberry_Pi/Pico_SDK_v1.5.1/pico-sdk/lib/tinyusb/src/class/cdc/cdc_device.c.obj
                0x10005ac0                cdcd_init
 .text.cdcd_reset
                0x10005b7c       0x44 CMakeFiles/flashid.dir/D_/ProgramFiles/Raspberry_Pi/Pico_SDK_v1.5.1/pico-sdk/lib/tinyusb/src/class/cdc/cdc_device.c.obj
                0x10005b7c                cdcd_reset
 .text.cdcd_open
                0x10005bc0       0xcc CMakeFiles/flashid.dir/D_/ProgramFiles/Raspberry_Pi/Pico_SDK_v1.5.1/pico-sdk/lib/tinyusb/src/class/cdc/cdc_device.c.obj
                0x10005bc0                cdcd_open
 .text.cdcd_control_xfer_cb
                0x10005c8c      0x134 CMakeFiles/flashid.dir/D_/ProgramFiles/Raspberry_Pi/Pico_SDK_v1.5.1/pico-sdk/lib/tinyusb/src/class/cdc/cdc_device.c.obj
                0x10005c8c                cdcd_control_xfer_cb
 .text.cdcd_xfer_cb
                0x10005dc0      0x130 CMakeFiles/flashid.dir/D_/ProgramFiles/Raspberry_Pi/Pico_SDK_v1.5.1/pico-sdk/lib/tinyusb/src/class/cdc/cdc_device.c.obj
                0x10005dc0                cdcd_xfer_cb
 .text.tusb_init
                0x10005ef0        0xa CMakeFiles/flashid.dir/D_/ProgramFiles/Raspberry_Pi/Pico_SDK_v1.5.1/pico-sdk/lib/tinyusb/src/tusb.c.obj
                0x10005ef0                tusb_init
 .text.tusb_inited
                0x10005efa        0xe CMakeFiles/flashid.dir/D_/ProgramFiles/Raspberry_Pi/Pico_SDK_v1.5.1/pico-sdk/lib/tinyusb/src/tusb.c.obj
                0x10005efa                tusb_inited
 .text.tu_edpt_claim
                0x10005f08       0x50 CMakeFiles/flashid.dir/D_/ProgramFiles/Raspberry_Pi/Pico_SDK_v1.5.1/pico-sdk/lib/tinyusb/src/tusb.c.obj
                0x10005f08                tu_edpt_claim
 .text.tu_edpt_release
                0x10005f58       0x3c CMakeFiles/flashid.dir/D_/ProgramFiles/Raspberry_Pi/Pico_SDK_v1.5.1/pico-sdk/lib/tinyusb/src/tusb.c.obj
                0x10005f58                tu_edpt_release
 .text.tu_edpt_validate
                0x10005f94       0x78 CMakeFiles/flashid.dir/D_/ProgramFiles/Raspberry_Pi/Pico_SDK_v1.5.1/pico-sdk/lib/tinyusb/src/tusb.c.obj
                0x10005f94                tu_edpt_validate
 .text.tu_edpt_bind_driver
                0x1000600c       0x26 CMakeFiles/flashid.dir/D_/ProgramFiles/Raspberry_Pi/Pico_SDK_v1.5.1/pico-sdk/lib/tinyusb/src/tusb.c.obj
                0x1000600c                tu_edpt_bind_driver
 .text.advance_index
                0x10006032       0x1a CMakeFiles/flashid.dir/D_/ProgramFiles/Raspberry_Pi/Pico_SDK_v1.5.1/pico-sdk/lib/tinyusb/src/common/tusb_fifo.c.obj
 .text._tu_fifo_peek
                0x1000604c       0x56 CMakeFiles/flashid.dir/D_/ProgramFiles/Raspberry_Pi/Pico_SDK_v1.5.1/pico-sdk/lib/tinyusb/src/common/tusb_fifo.c.obj
 .text._ff_pull_const_addr
                0x100060a2       0x4c CMakeFiles/flashid.dir/D_/ProgramFiles/Raspberry_Pi/Pico_SDK_v1.5.1/pico-sdk/lib/tinyusb/src/common/tusb_fifo.c.obj
 .text._ff_pull_n
                0x100060ee      0x110 CMakeFiles/flashid.dir/D_/ProgramFiles/Raspberry_Pi/Pico_SDK_v1.5.1/pico-sdk/lib/tinyusb/src/common/tusb_fifo.c.obj
 .text._tu_fifo_peek_n
                0x100061fe       0x6a CMakeFiles/flashid.dir/D_/ProgramFiles/Raspberry_Pi/Pico_SDK_v1.5.1/pico-sdk/lib/tinyusb/src/common/tusb_fifo.c.obj
 .text._tu_fifo_read_n
                0x10006268       0x4e CMakeFiles/flashid.dir/D_/ProgramFiles/Raspberry_Pi/Pico_SDK_v1.5.1/pico-sdk/lib/tinyusb/src/common/tusb_fifo.c.obj
 .text._ff_push_const_addr
                0x100062b6       0x40 CMakeFiles/flashid.dir/D_/ProgramFiles/Raspberry_Pi/Pico_SDK_v1.5.1/pico-sdk/lib/tinyusb/src/common/tusb_fifo.c.obj
 .text._ff_push_n
                0x100062f6      0x10c CMakeFiles/flashid.dir/D_/ProgramFiles/Raspberry_Pi/Pico_SDK_v1.5.1/pico-sdk/lib/tinyusb/src/common/tusb_fifo.c.obj
 .text._tu_fifo_write_n
                0x10006402       0xf0 CMakeFiles/flashid.dir/D_/ProgramFiles/Raspberry_Pi/Pico_SDK_v1.5.1/pico-sdk/lib/tinyusb/src/common/tusb_fifo.c.obj
 .text.tu_fifo_config
                0x100064f2       0x7c CMakeFiles/flashid.dir/D_/ProgramFiles/Raspberry_Pi/Pico_SDK_v1.5.1/pico-sdk/lib/tinyusb/src/common/tusb_fifo.c.obj
                0x100064f2                tu_fifo_config
 .text.tu_fifo_count
                0x1000656e       0x2a CMakeFiles/flashid.dir/D_/ProgramFiles/Raspberry_Pi/Pico_SDK_v1.5.1/pico-sdk/lib/tinyusb/src/common/tusb_fifo.c.obj
                0x1000656e                tu_fifo_count
 .text.tu_fifo_empty
                0x10006598       0x10 CMakeFiles/flashid.dir/D_/ProgramFiles/Raspberry_Pi/Pico_SDK_v1.5.1/pico-sdk/lib/tinyusb/src/common/tusb_fifo.c.obj
                0x10006598                tu_fifo_empty
 .text.tu_fifo_full
                0x100065a8       0x28 CMakeFiles/flashid.dir/D_/ProgramFiles/Raspberry_Pi/Pico_SDK_v1.5.1/pico-sdk/lib/tinyusb/src/common/tusb_fifo.c.obj
                0x100065a8                tu_fifo_full
 .text.tu_fifo_remaining
                0x100065d0       0x2c CMakeFiles/flashid.dir/D_/ProgramFiles/Raspberry_Pi/Pico_SDK_v1.5.1/pico-sdk/lib/tinyusb/src/common/tusb_fifo.c.obj
                0x100065d0                tu_fifo_remaining
 .text.tu_fifo_read
                0x100065fc       0x42 CMakeFiles/flashid.dir/D_/ProgramFiles/Raspberry_Pi/Pico_SDK_v1.5.1/pico-sdk/lib/tinyusb/src/common/tusb_fifo.c.obj
                0x100065fc                tu_fifo_read
 .text.tu_fifo_read_n
                0x1000663e        0xa CMakeFiles/flashid.dir/D_/ProgramFiles/Raspberry_Pi/Pico_SDK_v1.5.1/pico-sdk/lib/tinyusb/src/common/tusb_fifo.c.obj
                0x1000663e                tu_fifo_read_n
 .text.tu_fifo_write
                0x10006648       0x64 CMakeFiles/flashid.dir/D_/ProgramFiles/Raspberry_Pi/Pico_SDK_v1.5.1/pico-sdk/lib/tinyusb/src/common/tusb_fifo.c.obj
                0x10006648                tu_fifo_write
 .text.tu_fifo_write_n
                0x100066ac        0xa CMakeFiles/flashid.dir/D_/ProgramFiles/Raspberry_Pi/Pico_SDK_v1.5.1/pico-sdk/lib/tinyusb/src/common/tusb_fifo.c.obj
                0x100066ac                tu_fifo_write_n
 .text.tu_fifo_clear
                0x100066b6       0x3e CMakeFiles/flashid.dir/D_/ProgramFiles/Raspberry_Pi/Pico_SDK_v1.5.1/pico-sdk/lib/tinyusb/src/common/tusb_fifo.c.obj
                0x100066b6                tu_fifo_clear
 .text.tu_fifo_set_overwritable
                0x100066f4       0x46 CMakeFiles/flashid.dir/D_/ProgramFiles/Raspberry_Pi/Pico_SDK_v1.5.1/pico-sdk/lib/tinyusb/src/common/tusb_fifo.c.obj
                0x100066f4                tu_fifo_set_overwritable
 .text.spi_set_baudrate
                0x1000673a       0xcc CMakeFiles/flashid.dir/D_/ProgramFiles/Raspberry_Pi/Pico_SDK_v1.5.1/pico-sdk/src/rp2_common/hardware_spi/spi.c.obj
                0x1000673a                spi_set_baudrate
 *fill*         0x10006806        0x2 
 .text.spi_init
                0x10006808       0x74 CMakeFiles/flashid.dir/D_/ProgramFiles/Raspberry_Pi/Pico_SDK_v1.5.1/pico-sdk/src/rp2_common/hardware_spi/spi.c.obj
                0x10006808                spi_init
 .text          0x1000687c       0x88 d:/programfiles/raspberry pi/pico sdk v1.5.1/gcc-arm-none-eabi/bin/../lib/gcc/arm-none-eabi/10.3.1/../../../../arm-none-eabi/lib/thumb/v6-m/nofp\libg.a(lib_a-strcmp.o)
                0x1000687c                strcmp
 .text.strlen   0x10006904       0x5c d:/programfiles/raspberry pi/pico sdk v1.5.1/gcc-arm-none-eabi/bin/../lib/gcc/arm-none-eabi/10.3.1/../../../../arm-none-eabi/lib/thumb/v6-m/nofp\libg.a(lib_a-strlen-stub.o)
                0x10006904                strlen
 *(.fini)
 .fini          0x10006960        0x4 d:/programfiles/raspberry pi/pico sdk v1.5.1/gcc-arm-none-eabi/bin/../lib/gcc/arm-none-eabi/10.3.1/thumb/v6-m/nofp/crti.o
                0x10006960                _fini
 *fill*         0x10006964        0x4 
 .fini.__stub   0x10006968       0xf0 linker stubs
 *crtbegin.o(.ctors)
 *crtbegin?.o(.ctors)
 *(EXCLUDE_FILE(*crtend.o *crtend?.o) .ctors)
 *(SORT_BY_NAME(.ctors.*))
 *(.ctors)
 *crtbegin.o(.dtors)
 *crtbegin?.o(.dtors)
 *(EXCLUDE_FILE(*crtend.o *crtend?.o) .dtors)
 *(SORT_BY_NAME(.dtors.*))
 *(.dtors)
 *(.eh_frame*)
 .eh_frame      0x10006a58        0x0 d:/programfiles/raspberry pi/pico sdk v1.5.1/gcc-arm-none-eabi/bin/../lib/gcc/arm-none-eabi/10.3.1/thumb/v6-m/nofp/crtbegin.o
                0x10006a58                . = ALIGN (0x4)

.glue_7         0x10006a58        0x0
 .glue_7        0x10006a58        0x0 linker stubs

.glue_7t        0x10006a58        0x0
 .glue_7t       0x10006a58        0x0 linker stubs

.vfp11_veneer   0x10006a58        0x0
 .vfp11_veneer  0x10006a58        0x0 linker stubs

.v4_bx          0x10006a58        0x0
 .v4_bx         0x10006a58        0x0 linker stubs

.iplt           0x10006a58        0x0
 .iplt          0x10006a58        0x0 d:/programfiles/raspberry pi/pico sdk v1.5.1/gcc-arm-none-eabi/bin/../lib/gcc/arm-none-eabi/10.3.1/thumb/v6-m/nofp/crtbegin.o

.rodata         0x10006a58     0x17f8
 *(EXCLUDE_FILE(*libm.a: *libc.a:*lib_a-mem*.o *libgcc.a:) .rodata*)
 .rodata.str1.4
                0x10006a58       0xc1 CMakeFiles/flashid.dir/flashid.c.obj
 *fill*         0x10006b19        0x3 
 .rodata.main.str1.4
                0x10006b1c        0xc CMakeFiles/flashid.dir/flashid.c.obj
 .rodata.spin_lock_claim_unused.str1.4
                0x10006b28       0x1b CMakeFiles/flashid.dir/D_/ProgramFiles/Raspberry_Pi/Pico_SDK_v1.5.1/pico-sdk/src/rp2_common/hardware_sync/sync.c.obj
 *fill*         0x10006b43        0x1 
 .rodata.make_branch.str1.4
                0x10006b44       0x88 CMakeFiles/flashid.dir/D_/ProgramFiles/Raspberry_Pi/Pico_SDK_v1.5.1/pico-sdk/src/rp2_common/hardware_irq/irq.c.obj
 .rodata.insert_branch_and_link.str1.4
                0x10006bcc       0x10 CMakeFiles/flashid.dir/D_/ProgramFiles/Raspberry_Pi/Pico_SDK_v1.5.1/pico-sdk/src/rp2_common/hardware_irq/irq.c.obj
 .rodata.irq_set_exclusive_handler.str1.4
                0x10006bdc       0x36 CMakeFiles/flashid.dir/D_/ProgramFiles/Raspberry_Pi/Pico_SDK_v1.5.1/pico-sdk/src/rp2_common/hardware_irq/irq.c.obj
 *fill*         0x10006c12        0x2 
 .rodata.irq_add_shared_handler.str1.4
                0x10006c14       0xd9 CMakeFiles/flashid.dir/D_/ProgramFiles/Raspberry_Pi/Pico_SDK_v1.5.1/pico-sdk/src/rp2_common/hardware_irq/irq.c.obj
 *fill*         0x10006ced        0x3 
 .rodata.irq_remove_handler.str1.4
                0x10006cf0       0x3a CMakeFiles/flashid.dir/D_/ProgramFiles/Raspberry_Pi/Pico_SDK_v1.5.1/pico-sdk/src/rp2_common/hardware_irq/irq.c.obj
 *fill*         0x10006d2a        0x2 
 .rodata.irq_add_tail_to_free_list.str1.4
                0x10006d2c       0x3a CMakeFiles/flashid.dir/D_/ProgramFiles/Raspberry_Pi/Pico_SDK_v1.5.1/pico-sdk/src/rp2_common/hardware_irq/irq.c.obj
 *fill*         0x10006d66        0x2 
 .rodata.user_irq_claim_unused.str1.4
                0x10006d68       0x1b CMakeFiles/flashid.dir/D_/ProgramFiles/Raspberry_Pi/Pico_SDK_v1.5.1/pico-sdk/src/rp2_common/hardware_irq/irq.c.obj
 *fill*         0x10006d83        0x1 
 .rodata.__func__.0
                0x10006d84       0x1a CMakeFiles/flashid.dir/D_/ProgramFiles/Raspberry_Pi/Pico_SDK_v1.5.1/pico-sdk/src/rp2_common/hardware_irq/irq.c.obj
 *fill*         0x10006d9e        0x2 
 .rodata.__func__.1
                0x10006da0       0x17 CMakeFiles/flashid.dir/D_/ProgramFiles/Raspberry_Pi/Pico_SDK_v1.5.1/pico-sdk/src/rp2_common/hardware_irq/irq.c.obj
 *fill*         0x10006db7        0x1 
 .rodata.__func__.2
                0x10006db8       0x13 CMakeFiles/flashid.dir/D_/ProgramFiles/Raspberry_Pi/Pico_SDK_v1.5.1/pico-sdk/src/rp2_common/hardware_irq/irq.c.obj
 *fill*         0x10006dcb        0x1 
 .rodata.__func__.3
                0x10006dcc        0xc CMakeFiles/flashid.dir/D_/ProgramFiles/Raspberry_Pi/Pico_SDK_v1.5.1/pico-sdk/src/rp2_common/hardware_irq/irq.c.obj
 .rodata.__func__.4
                0x10006dd8        0xf CMakeFiles/flashid.dir/D_/ProgramFiles/Raspberry_Pi/Pico_SDK_v1.5.1/pico-sdk/src/rp2_common/hardware_irq/irq.c.obj
 *fill*         0x10006de7        0x1 
 .rodata.__func__.5
                0x10006de8       0x17 CMakeFiles/flashid.dir/D_/ProgramFiles/Raspberry_Pi/Pico_SDK_v1.5.1/pico-sdk/src/rp2_common/hardware_irq/irq.c.obj
 *fill*         0x10006dff        0x1 
 .rodata.__func__.6
                0x10006e00       0x1a CMakeFiles/flashid.dir/D_/ProgramFiles/Raspberry_Pi/Pico_SDK_v1.5.1/pico-sdk/src/rp2_common/hardware_irq/irq.c.obj
 *fill*         0x10006e1a        0x2 
 .rodata.str1.4
                0x10006e1c      0x121 CMakeFiles/flashid.dir/D_/ProgramFiles/Raspberry_Pi/Pico_SDK_v1.5.1/pico-sdk/src/common/pico_sync/mutex.c.obj
 *fill*         0x10006f3d        0x3 
 .rodata.__func__.1
                0x10006f40        0xb CMakeFiles/flashid.dir/D_/ProgramFiles/Raspberry_Pi/Pico_SDK_v1.5.1/pico-sdk/src/common/pico_sync/mutex.c.obj
 *fill*         0x10006f4b        0x1 
 .rodata.__func__.3
                0x10006f4c       0x18 CMakeFiles/flashid.dir/D_/ProgramFiles/Raspberry_Pi/Pico_SDK_v1.5.1/pico-sdk/src/common/pico_sync/mutex.c.obj
 .rodata.__func__.4
                0x10006f64       0x15 CMakeFiles/flashid.dir/D_/ProgramFiles/Raspberry_Pi/Pico_SDK_v1.5.1/pico-sdk/src/common/pico_sync/mutex.c.obj
 *fill*         0x10006f79        0x3 
 .rodata.repeating_timer_callback.str1.4
                0x10006f7c       0x66 CMakeFiles/flashid.dir/D_/ProgramFiles/Raspberry_Pi/Pico_SDK_v1.5.1/pico-sdk/src/common/pico_time/time.c.obj
 *fill*         0x10006fe2        0x2 
 .rodata.timer_pool_entry_comparator.str1.4
                0x10006fe4       0x22 CMakeFiles/flashid.dir/D_/ProgramFiles/Raspberry_Pi/Pico_SDK_v1.5.1/pico-sdk/src/common/pico_time/time.c.obj
 *fill*         0x10007006        0x2 
 .rodata.ph_add_child_node.str1.4
                0x10007008       0xb2 CMakeFiles/flashid.dir/D_/ProgramFiles/Raspberry_Pi/Pico_SDK_v1.5.1/pico-sdk/src/common/pico_time/time.c.obj
 *fill*         0x100070ba        0x2 
 .rodata.add_alarm_under_lock.str1.4
                0x100070bc       0x28 CMakeFiles/flashid.dir/D_/ProgramFiles/Raspberry_Pi/Pico_SDK_v1.5.1/pico-sdk/src/common/pico_time/time.c.obj
                                 0x2b (size before relaxing)
 .rodata.alarm_pool_alarm_callback.str1.4
                0x100070e4       0x98 CMakeFiles/flashid.dir/D_/ProgramFiles/Raspberry_Pi/Pico_SDK_v1.5.1/pico-sdk/src/common/pico_time/time.c.obj
                                0x114 (size before relaxing)
 .rodata.alarm_pool_get_default.str1.4
                0x1000717c       0x21 CMakeFiles/flashid.dir/D_/ProgramFiles/Raspberry_Pi/Pico_SDK_v1.5.1/pico-sdk/src/common/pico_time/time.c.obj
 *fill*         0x1000719d        0x3 
 .rodata.alarm_pool_cancel_alarm.str1.4
                0x100071a0       0x27 CMakeFiles/flashid.dir/D_/ProgramFiles/Raspberry_Pi/Pico_SDK_v1.5.1/pico-sdk/src/common/pico_time/time.c.obj
 *fill*         0x100071c7        0x1 
 .rodata.sleep_until.str1.4
                0x100071c8       0x4d CMakeFiles/flashid.dir/D_/ProgramFiles/Raspberry_Pi/Pico_SDK_v1.5.1/pico-sdk/src/common/pico_time/time.c.obj
 *fill*         0x10007215        0x3 
 .rodata.__func__.1
                0x10007218       0x18 CMakeFiles/flashid.dir/D_/ProgramFiles/Raspberry_Pi/Pico_SDK_v1.5.1/pico-sdk/src/common/pico_time/time.c.obj
 .rodata.__func__.10
                0x10007230       0x15 CMakeFiles/flashid.dir/D_/ProgramFiles/Raspberry_Pi/Pico_SDK_v1.5.1/pico-sdk/src/common/pico_time/time.c.obj
 *fill*         0x10007245        0x3 
 .rodata.__func__.11
                0x10007248       0x1a CMakeFiles/flashid.dir/D_/ProgramFiles/Raspberry_Pi/Pico_SDK_v1.5.1/pico-sdk/src/common/pico_time/time.c.obj
 *fill*         0x10007262        0x2 
 .rodata.__func__.12
                0x10007264        0xa CMakeFiles/flashid.dir/D_/ProgramFiles/Raspberry_Pi/Pico_SDK_v1.5.1/pico-sdk/src/common/pico_time/time.c.obj
 *fill*         0x1000726e        0x2 
 .rodata.__func__.3
                0x10007270       0x17 CMakeFiles/flashid.dir/D_/ProgramFiles/Raspberry_Pi/Pico_SDK_v1.5.1/pico-sdk/src/common/pico_time/time.c.obj
 *fill*         0x10007287        0x1 
 .rodata.__func__.4
                0x10007288       0x12 CMakeFiles/flashid.dir/D_/ProgramFiles/Raspberry_Pi/Pico_SDK_v1.5.1/pico-sdk/src/common/pico_time/time.c.obj
 *fill*         0x1000729a        0x2 
 .rodata.__func__.5
                0x1000729c        0xd CMakeFiles/flashid.dir/D_/ProgramFiles/Raspberry_Pi/Pico_SDK_v1.5.1/pico-sdk/src/common/pico_time/time.c.obj
 *fill*         0x100072a9        0x3 
 .rodata.__func__.6
                0x100072ac       0x12 CMakeFiles/flashid.dir/D_/ProgramFiles/Raspberry_Pi/Pico_SDK_v1.5.1/pico-sdk/src/common/pico_time/time.c.obj
 *fill*         0x100072be        0x2 
 .rodata.__func__.7
                0x100072c0        0xf CMakeFiles/flashid.dir/D_/ProgramFiles/Raspberry_Pi/Pico_SDK_v1.5.1/pico-sdk/src/common/pico_time/time.c.obj
 *fill*         0x100072cf        0x1 
 .rodata.__func__.8
                0x100072d0        0xc CMakeFiles/flashid.dir/D_/ProgramFiles/Raspberry_Pi/Pico_SDK_v1.5.1/pico-sdk/src/common/pico_time/time.c.obj
 .rodata.__func__.9
                0x100072dc       0x15 CMakeFiles/flashid.dir/D_/ProgramFiles/Raspberry_Pi/Pico_SDK_v1.5.1/pico-sdk/src/common/pico_time/time.c.obj
 *fill*         0x100072f1        0x3 
 .rodata.hardware_alarm_claim.str1.4
                0x100072f4       0x22 CMakeFiles/flashid.dir/D_/ProgramFiles/Raspberry_Pi/Pico_SDK_v1.5.1/pico-sdk/src/rp2_common/hardware_timer/timer.c.obj
 *fill*         0x10007316        0x2 
 .rodata.hardware_alarm_set_target.str1.4
                0x10007318       0x80 CMakeFiles/flashid.dir/D_/ProgramFiles/Raspberry_Pi/Pico_SDK_v1.5.1/pico-sdk/src/rp2_common/hardware_timer/timer.c.obj
 .rodata.__func__.0
                0x10007398       0x1a CMakeFiles/flashid.dir/D_/ProgramFiles/Raspberry_Pi/Pico_SDK_v1.5.1/pico-sdk/src/rp2_common/hardware_timer/timer.c.obj
 .rodata.ph_add_child_node.str1.4
                0x100073b2       0xb2 CMakeFiles/flashid.dir/D_/ProgramFiles/Raspberry_Pi/Pico_SDK_v1.5.1/pico-sdk/src/common/pico_util/pheap.c.obj
 *fill*         0x100073b2        0x2 
 .rodata.ph_remove_any_head.str1.4
                0x100073b4       0xa8 CMakeFiles/flashid.dir/D_/ProgramFiles/Raspberry_Pi/Pico_SDK_v1.5.1/pico-sdk/src/common/pico_util/pheap.c.obj
                                 0xbc (size before relaxing)
 .rodata.ph_remove_and_free_node.str1.4
                0x1000745c       0x1e CMakeFiles/flashid.dir/D_/ProgramFiles/Raspberry_Pi/Pico_SDK_v1.5.1/pico-sdk/src/common/pico_util/pheap.c.obj
                                 0x26 (size before relaxing)
 *fill*         0x1000747a        0x2 
 .rodata.__func__.0
                0x1000747c       0x18 CMakeFiles/flashid.dir/D_/ProgramFiles/Raspberry_Pi/Pico_SDK_v1.5.1/pico-sdk/src/common/pico_util/pheap.c.obj
 .rodata.__func__.1
                0x10007494       0x13 CMakeFiles/flashid.dir/D_/ProgramFiles/Raspberry_Pi/Pico_SDK_v1.5.1/pico-sdk/src/common/pico_util/pheap.c.obj
 *fill*         0x100074a7        0x1 
 .rodata.__func__.2
                0x100074a8       0x12 CMakeFiles/flashid.dir/D_/ProgramFiles/Raspberry_Pi/Pico_SDK_v1.5.1/pico-sdk/src/common/pico_util/pheap.c.obj
 *fill*         0x100074ba        0x2 
 .rodata.__func__.3
                0x100074bc        0xc CMakeFiles/flashid.dir/D_/ProgramFiles/Raspberry_Pi/Pico_SDK_v1.5.1/pico-sdk/src/common/pico_util/pheap.c.obj
 .rodata.clock_configure.str1.4
                0x100074c8       0x72 CMakeFiles/flashid.dir/D_/ProgramFiles/Raspberry_Pi/Pico_SDK_v1.5.1/pico-sdk/src/rp2_common/hardware_clocks/clocks.c.obj
 *fill*         0x1000753a        0x2 
 .rodata.__func__.1
                0x1000753c       0x10 CMakeFiles/flashid.dir/D_/ProgramFiles/Raspberry_Pi/Pico_SDK_v1.5.1/pico-sdk/src/rp2_common/hardware_clocks/clocks.c.obj
 .rodata.pll_init.str1.4
                0x1000754c      0x13c CMakeFiles/flashid.dir/D_/ProgramFiles/Raspberry_Pi/Pico_SDK_v1.5.1/pico-sdk/src/rp2_common/hardware_pll/pll.c.obj
 .rodata.__func__.0
                0x10007688        0x9 CMakeFiles/flashid.dir/D_/ProgramFiles/Raspberry_Pi/Pico_SDK_v1.5.1/pico-sdk/src/rp2_common/hardware_pll/pll.c.obj
 *fill*         0x10007691        0x3 
 .rodata.__assert_func.str1.4
                0x10007694       0x3f CMakeFiles/flashid.dir/D_/ProgramFiles/Raspberry_Pi/Pico_SDK_v1.5.1/pico-sdk/src/rp2_common/pico_runtime/runtime.c.obj
                                 0x43 (size before relaxing)
 *fill*         0x100076d3        0x1 
 .rodata.runtime_init.str1.4
                0x100076d4       0x7c CMakeFiles/flashid.dir/D_/ProgramFiles/Raspberry_Pi/Pico_SDK_v1.5.1/pico-sdk/src/rp2_common/pico_runtime/runtime.c.obj
 .rodata.panic.str1.4
                0x10007750       0x12 CMakeFiles/flashid.dir/D_/ProgramFiles/Raspberry_Pi/Pico_SDK_v1.5.1/pico-sdk/src/rp2_common/pico_runtime/runtime.c.obj
 *fill*         0x10007762        0x2 
 .rodata.__func__.2
                0x10007764        0xd CMakeFiles/flashid.dir/D_/ProgramFiles/Raspberry_Pi/Pico_SDK_v1.5.1/pico-sdk/src/rp2_common/pico_runtime/runtime.c.obj
 *fill*         0x10007771        0x3 
 .rodata._ftoa.str1.4
                0x10007774       0x15 CMakeFiles/flashid.dir/D_/ProgramFiles/Raspberry_Pi/Pico_SDK_v1.5.1/pico-sdk/src/rp2_common/pico_printf/printf.c.obj
 *fill*         0x10007789        0x3 
 .rodata._vsnprintf
                0x1000778c      0x1e0 CMakeFiles/flashid.dir/D_/ProgramFiles/Raspberry_Pi/Pico_SDK_v1.5.1/pico-sdk/src/rp2_common/pico_printf/printf.c.obj
 *fill*         0x1000796c        0x4 
 .rodata.pow10.0
                0x10007970       0x50 CMakeFiles/flashid.dir/D_/ProgramFiles/Raspberry_Pi/Pico_SDK_v1.5.1/pico-sdk/src/rp2_common/pico_printf/printf.c.obj
 .rodata.missing_double_func_shim.str1.4
                0x100079c0       0x18 CMakeFiles/flashid.dir/D_/ProgramFiles/Raspberry_Pi/Pico_SDK_v1.5.1/pico-sdk/src/rp2_common/pico_double/double_init_rom.c.obj
 .rodata.__aeabi_double_init.str1.4
                0x100079d8       0xb7 CMakeFiles/flashid.dir/D_/ProgramFiles/Raspberry_Pi/Pico_SDK_v1.5.1/pico-sdk/src/rp2_common/pico_double/double_init_rom.c.obj
 *fill*         0x10007a8f        0x1 
 .rodata.__func__.0
                0x10007a90       0x14 CMakeFiles/flashid.dir/D_/ProgramFiles/Raspberry_Pi/Pico_SDK_v1.5.1/pico-sdk/src/rp2_common/pico_double/double_init_rom.c.obj
 .rodata.missing_float_func_shim.str1.4
                0x10007aa4        0x1 CMakeFiles/flashid.dir/D_/ProgramFiles/Raspberry_Pi/Pico_SDK_v1.5.1/pico-sdk/src/rp2_common/pico_float/float_init_rom.c.obj
 .rodata.__aeabi_float_init.str1.4
                0x10007aa4       0x95 CMakeFiles/flashid.dir/D_/ProgramFiles/Raspberry_Pi/Pico_SDK_v1.5.1/pico-sdk/src/rp2_common/pico_float/float_init_rom.c.obj
 *fill*         0x10007b39        0x3 
 .rodata.__func__.0
                0x10007b3c       0x13 CMakeFiles/flashid.dir/D_/ProgramFiles/Raspberry_Pi/Pico_SDK_v1.5.1/pico-sdk/src/rp2_common/pico_float/float_init_rom.c.obj
 *fill*         0x10007b4f        0x1 
 .rodata.str1.4
                0x10007b50       0x3c CMakeFiles/flashid.dir/D_/ProgramFiles/Raspberry_Pi/Pico_SDK_v1.5.1/pico-sdk/src/rp2_common/pico_standard_link/binary_info.c.obj
 .rodata.__bi_44
                0x10007b8c        0xc CMakeFiles/flashid.dir/D_/ProgramFiles/Raspberry_Pi/Pico_SDK_v1.5.1/pico-sdk/src/rp2_common/pico_standard_link/binary_info.c.obj
 .rodata.__bi_75
                0x10007b98        0xc CMakeFiles/flashid.dir/D_/ProgramFiles/Raspberry_Pi/Pico_SDK_v1.5.1/pico-sdk/src/rp2_common/pico_standard_link/binary_info.c.obj
 .rodata.__bi_81
                0x10007ba4        0xc CMakeFiles/flashid.dir/D_/ProgramFiles/Raspberry_Pi/Pico_SDK_v1.5.1/pico-sdk/src/rp2_common/pico_standard_link/binary_info.c.obj
 .rodata.stdout_serialize_begin.str1.4
                0x10007bb0       0x7c CMakeFiles/flashid.dir/D_/ProgramFiles/Raspberry_Pi/Pico_SDK_v1.5.1/pico-sdk/src/rp2_common/pico_stdio/stdio.c.obj
 .rodata.__func__.3
                0x10007bb0       0x15 CMakeFiles/flashid.dir/D_/ProgramFiles/Raspberry_Pi/Pico_SDK_v1.5.1/pico-sdk/src/rp2_common/pico_stdio/stdio.c.obj
 *fill*         0x10007bc5        0x3 
 .rodata.crlf_str.2
                0x10007bc8        0x2 CMakeFiles/flashid.dir/D_/ProgramFiles/Raspberry_Pi/Pico_SDK_v1.5.1/pico-sdk/src/rp2_common/pico_stdio/stdio.c.obj
 *fill*         0x10007bca        0x2 
 .rodata._resetd_driver
                0x10007bcc       0x18 CMakeFiles/flashid.dir/D_/ProgramFiles/Raspberry_Pi/Pico_SDK_v1.5.1/pico-sdk/src/rp2_common/pico_stdio_usb/reset_interface.c.obj
 .rodata.low_priority_worker_irq.str1.4
                0x10007be4       0x7c CMakeFiles/flashid.dir/D_/ProgramFiles/Raspberry_Pi/Pico_SDK_v1.5.1/pico-sdk/src/rp2_common/pico_stdio_usb/stdio_usb.c.obj
 .rodata.stdio_usb_init.str1.4
                0x10007be4       0x60 CMakeFiles/flashid.dir/D_/ProgramFiles/Raspberry_Pi/Pico_SDK_v1.5.1/pico-sdk/src/rp2_common/pico_stdio_usb/stdio_usb.c.obj
                                 0x68 (size before relaxing)
 .rodata.str1.4
                0x10007c44       0x13 CMakeFiles/flashid.dir/D_/ProgramFiles/Raspberry_Pi/Pico_SDK_v1.5.1/pico-sdk/src/rp2_common/pico_stdio_usb/stdio_usb.c.obj
 *fill*         0x10007c57        0x1 
 .rodata.__bi_182.0
                0x10007c58        0xc CMakeFiles/flashid.dir/D_/ProgramFiles/Raspberry_Pi/Pico_SDK_v1.5.1/pico-sdk/src/rp2_common/pico_stdio_usb/stdio_usb.c.obj
 .rodata.__func__.1
                0x10007c64        0xf CMakeFiles/flashid.dir/D_/ProgramFiles/Raspberry_Pi/Pico_SDK_v1.5.1/pico-sdk/src/rp2_common/pico_stdio_usb/stdio_usb.c.obj
 *fill*         0x10007c73        0x1 
 .rodata.__func__.3
                0x10007c74       0x15 CMakeFiles/flashid.dir/D_/ProgramFiles/Raspberry_Pi/Pico_SDK_v1.5.1/pico-sdk/src/rp2_common/pico_stdio_usb/stdio_usb.c.obj
 *fill*         0x10007c89        0x3 
 .rodata.str1.4
                0x10007c8c       0x2a CMakeFiles/flashid.dir/D_/ProgramFiles/Raspberry_Pi/Pico_SDK_v1.5.1/pico-sdk/src/rp2_common/pico_stdio_usb/stdio_usb_descriptors.c.obj
 *fill*         0x10007cb6        0x2 
 .rodata.usbd_desc_cfg
                0x10007cb8       0x54 CMakeFiles/flashid.dir/D_/ProgramFiles/Raspberry_Pi/Pico_SDK_v1.5.1/pico-sdk/src/rp2_common/pico_stdio_usb/stdio_usb_descriptors.c.obj
 .rodata.usbd_desc_device
                0x10007d0c       0x12 CMakeFiles/flashid.dir/D_/ProgramFiles/Raspberry_Pi/Pico_SDK_v1.5.1/pico-sdk/src/rp2_common/pico_stdio_usb/stdio_usb_descriptors.c.obj
 *fill*         0x10007d1e        0x2 
 .rodata.usbd_desc_str
                0x10007d20       0x18 CMakeFiles/flashid.dir/D_/ProgramFiles/Raspberry_Pi/Pico_SDK_v1.5.1/pico-sdk/src/rp2_common/pico_stdio_usb/stdio_usb_descriptors.c.obj
 .rodata.pico_get_unique_board_id_string.str1.4
                0x10007d38       0x68 CMakeFiles/flashid.dir/D_/ProgramFiles/Raspberry_Pi/Pico_SDK_v1.5.1/pico-sdk/src/rp2_common/pico_unique_id/unique_id.c.obj
 .rodata.__func__.0
                0x10007da0       0x20 CMakeFiles/flashid.dir/D_/ProgramFiles/Raspberry_Pi/Pico_SDK_v1.5.1/pico-sdk/src/rp2_common/pico_unique_id/unique_id.c.obj
 .rodata.str1.4
                0x10007dc0      0x172 CMakeFiles/flashid.dir/D_/ProgramFiles/Raspberry_Pi/Pico_SDK_v1.5.1/pico-sdk/src/rp2_common/hardware_flash/flash.c.obj
 *fill*         0x10007f32        0x2 
 .rodata.__func__.0
                0x10007f34        0xd CMakeFiles/flashid.dir/D_/ProgramFiles/Raspberry_Pi/Pico_SDK_v1.5.1/pico-sdk/src/rp2_common/hardware_flash/flash.c.obj
 *fill*         0x10007f41        0x3 
 .rodata._hw_endpoint_alloc.str1.4
                0x10007f44       0xd1 CMakeFiles/flashid.dir/D_/ProgramFiles/Raspberry_Pi/Pico_SDK_v1.5.1/pico-sdk/lib/tinyusb/src/portable/raspberrypi/rp2040/dcd_rp2040.c.obj
 *fill*         0x10008015        0x3 
 .rodata.str1.4
                0x10008018       0x14 CMakeFiles/flashid.dir/D_/ProgramFiles/Raspberry_Pi/Pico_SDK_v1.5.1/pico-sdk/lib/tinyusb/src/portable/raspberrypi/rp2040/dcd_rp2040.c.obj
 .rodata.dcd_int_enable.str1.4
                0x1000802c        0xc CMakeFiles/flashid.dir/D_/ProgramFiles/Raspberry_Pi/Pico_SDK_v1.5.1/pico-sdk/lib/tinyusb/src/portable/raspberrypi/rp2040/dcd_rp2040.c.obj
 .rodata.__func__.0
                0x10008038        0xe CMakeFiles/flashid.dir/D_/ProgramFiles/Raspberry_Pi/Pico_SDK_v1.5.1/pico-sdk/lib/tinyusb/src/portable/raspberrypi/rp2040/dcd_rp2040.c.obj
 *fill*         0x10008046        0x2 
 .rodata.__func__.1
                0x10008048        0xe CMakeFiles/flashid.dir/D_/ProgramFiles/Raspberry_Pi/Pico_SDK_v1.5.1/pico-sdk/lib/tinyusb/src/portable/raspberrypi/rp2040/dcd_rp2040.c.obj
 *fill*         0x10008056        0x2 
 .rodata.__func__.3
                0x10008058       0x10 CMakeFiles/flashid.dir/D_/ProgramFiles/Raspberry_Pi/Pico_SDK_v1.5.1/pico-sdk/lib/tinyusb/src/portable/raspberrypi/rp2040/dcd_rp2040.c.obj
 .rodata.__func__.5
                0x10008068        0xf CMakeFiles/flashid.dir/D_/ProgramFiles/Raspberry_Pi/Pico_SDK_v1.5.1/pico-sdk/lib/tinyusb/src/portable/raspberrypi/rp2040/dcd_rp2040.c.obj
 *fill*         0x10008077        0x1 
 .rodata.__func__.6
                0x10008078       0x13 CMakeFiles/flashid.dir/D_/ProgramFiles/Raspberry_Pi/Pico_SDK_v1.5.1/pico-sdk/lib/tinyusb/src/portable/raspberrypi/rp2040/dcd_rp2040.c.obj
 *fill*         0x1000808b        0x1 
 .rodata.__func__.7
                0x1000808c        0x9 CMakeFiles/flashid.dir/D_/ProgramFiles/Raspberry_Pi/Pico_SDK_v1.5.1/pico-sdk/lib/tinyusb/src/portable/raspberrypi/rp2040/dcd_rp2040.c.obj
 *fill*         0x10008095        0x3 
 .rodata.str1.4
                0x10008098      0x103 CMakeFiles/flashid.dir/D_/ProgramFiles/Raspberry_Pi/Pico_SDK_v1.5.1/pico-sdk/lib/tinyusb/src/portable/raspberrypi/rp2040/rp2040_usb.c.obj
 *fill*         0x1000819b        0x1 
 .rodata.__func__.0
                0x1000819c        0xf CMakeFiles/flashid.dir/D_/ProgramFiles/Raspberry_Pi/Pico_SDK_v1.5.1/pico-sdk/lib/tinyusb/src/portable/raspberrypi/rp2040/rp2040_usb.c.obj
 *fill*         0x100081ab        0x1 
 .rodata.process_get_descriptor
                0x100081ac       0x40 CMakeFiles/flashid.dir/D_/ProgramFiles/Raspberry_Pi/Pico_SDK_v1.5.1/pico-sdk/lib/tinyusb/src/device/usbd.c.obj
 .rodata.process_control_request
                0x100081ec       0x28 CMakeFiles/flashid.dir/D_/ProgramFiles/Raspberry_Pi/Pico_SDK_v1.5.1/pico-sdk/lib/tinyusb/src/device/usbd.c.obj
 .rodata.tud_task_ext
                0x10008214       0x24 CMakeFiles/flashid.dir/D_/ProgramFiles/Raspberry_Pi/Pico_SDK_v1.5.1/pico-sdk/lib/tinyusb/src/device/usbd.c.obj
 .rodata._usbd_driver
                0x10008238       0x18 CMakeFiles/flashid.dir/D_/ProgramFiles/Raspberry_Pi/Pico_SDK_v1.5.1/pico-sdk/lib/tinyusb/src/device/usbd.c.obj
                0x10008250                . = ALIGN (0x4)
 *(SORT_BY_ALIGNMENT(SORT_BY_NAME(.flashdata*)))
                0x10008250                . = ALIGN (0x4)

.ARM.extab
 *(.ARM.extab* .gnu.linkonce.armextab.*)
                0x10008250                __exidx_start = .

.ARM.exidx
 *(.ARM.exidx* .gnu.linkonce.armexidx.*)
                0x10008250                __exidx_end = .
                0x10008250                . = ALIGN (0x4)
                0x10008250                __binary_info_start = .

.binary_info    0x10008250       0x20
 *(.binary_info.keep.*)
 .binary_info.keep.__bi_ptr22
                0x10008250        0x4 CMakeFiles/flashid.dir/D_/ProgramFiles/Raspberry_Pi/Pico_SDK_v1.5.1/pico-sdk/src/rp2_common/pico_standard_link/binary_info.c.obj
 .binary_info.keep.__bi_ptr30
                0x10008254        0x4 CMakeFiles/flashid.dir/D_/ProgramFiles/Raspberry_Pi/Pico_SDK_v1.5.1/pico-sdk/src/rp2_common/pico_standard_link/binary_info.c.obj
 .binary_info.keep.__bi_ptr38
                0x10008258        0x4 CMakeFiles/flashid.dir/D_/ProgramFiles/Raspberry_Pi/Pico_SDK_v1.5.1/pico-sdk/src/rp2_common/pico_standard_link/binary_info.c.obj
 .binary_info.keep.__bi_ptr44
                0x1000825c        0x4 CMakeFiles/flashid.dir/D_/ProgramFiles/Raspberry_Pi/Pico_SDK_v1.5.1/pico-sdk/src/rp2_common/pico_standard_link/binary_info.c.obj
 .binary_info.keep.__bi_ptr50
                0x10008260        0x4 CMakeFiles/flashid.dir/D_/ProgramFiles/Raspberry_Pi/Pico_SDK_v1.5.1/pico-sdk/src/rp2_common/pico_standard_link/binary_info.c.obj
 .binary_info.keep.__bi_ptr75
                0x10008264        0x4 CMakeFiles/flashid.dir/D_/ProgramFiles/Raspberry_Pi/Pico_SDK_v1.5.1/pico-sdk/src/rp2_common/pico_standard_link/binary_info.c.obj
 .binary_info.keep.__bi_ptr81
                0x10008268        0x4 CMakeFiles/flashid.dir/D_/ProgramFiles/Raspberry_Pi/Pico_SDK_v1.5.1/pico-sdk/src/rp2_common/pico_standard_link/binary_info.c.obj
 *(.binary_info.*)
 .binary_info.__bi_ptr182
                0x1000826c        0x4 CMakeFiles/flashid.dir/D_/ProgramFiles/Raspberry_Pi/Pico_SDK_v1.5.1/pico-sdk/src/rp2_common/pico_stdio_usb/stdio_usb.c.obj
                0x10008270                __binary_info_end = .

.rel.dyn        0x10008270        0x0
 .rel.iplt      0x10008270        0x0 d:/programfiles/raspberry pi/pico sdk v1.5.1/gcc-arm-none-eabi/bin/../lib/gcc/arm-none-eabi/10.3.1/thumb/v6-m/nofp/crtbegin.o
                0x10008270                . = ALIGN (0x4)

.ram_vector_table
                0x20000000       0xc0
 *(.ram_vector_table)
 .ram_vector_table
                0x20000000       0xc0 CMakeFiles/flashid.dir/D_/ProgramFiles/Raspberry_Pi/Pico_SDK_v1.5.1/pico-sdk/src/rp2_common/pico_runtime/runtime.c.obj
                0x20000000                ram_vector_table

.data           0x200000c0     0x2680 load address 0x10008270
                0x200000c0                __data_start__ = .
 *(vtable)
 *(.time_critical*)
 .time_critical.read_chip_id
                0x200000c0       0xc8 CMakeFiles/flashid.dir/flashid.c.obj
                0x200000c0                read_chip_id
 .time_critical.mutex_try_enter
                0x20000188       0x46 CMakeFiles/flashid.dir/D_/ProgramFiles/Raspberry_Pi/Pico_SDK_v1.5.1/pico-sdk/src/common/pico_sync/mutex.c.obj
                0x20000188                mutex_try_enter
 *fill*         0x200001ce        0x2 
 .time_critical.mutex_enter_block_until
                0x200001d0       0x8c CMakeFiles/flashid.dir/D_/ProgramFiles/Raspberry_Pi/Pico_SDK_v1.5.1/pico-sdk/src/common/pico_sync/mutex.c.obj
                0x200001d0                mutex_enter_block_until
 .time_critical.mutex_try_enter_block_until
                0x2000025c       0x34 CMakeFiles/flashid.dir/D_/ProgramFiles/Raspberry_Pi/Pico_SDK_v1.5.1/pico-sdk/src/common/pico_sync/mutex.c.obj
                0x2000025c                mutex_try_enter_block_until
 .time_critical.mutex_enter_timeout_ms
                0x20000290       0x68 CMakeFiles/flashid.dir/D_/ProgramFiles/Raspberry_Pi/Pico_SDK_v1.5.1/pico-sdk/src/common/pico_sync/mutex.c.obj
                0x20000290                mutex_enter_timeout_ms
 .time_critical.mutex_exit
                0x200002f8       0x4c CMakeFiles/flashid.dir/D_/ProgramFiles/Raspberry_Pi/Pico_SDK_v1.5.1/pico-sdk/src/common/pico_sync/mutex.c.obj
                0x200002f8                mutex_exit
 .time_critical.flash_init_boot2_copyout
                0x20000344       0x30 CMakeFiles/flashid.dir/D_/ProgramFiles/Raspberry_Pi/Pico_SDK_v1.5.1/pico-sdk/src/rp2_common/hardware_flash/flash.c.obj
 .time_critical.flash_enable_xip_via_boot2
                0x20000374       0x10 CMakeFiles/flashid.dir/D_/ProgramFiles/Raspberry_Pi/Pico_SDK_v1.5.1/pico-sdk/src/rp2_common/hardware_flash/flash.c.obj
 .time_critical.flash_cs_force
                0x20000384       0x28 CMakeFiles/flashid.dir/D_/ProgramFiles/Raspberry_Pi/Pico_SDK_v1.5.1/pico-sdk/src/rp2_common/hardware_flash/flash.c.obj
 .time_critical.flash_do_cmd
                0x200003ac       0xd8 CMakeFiles/flashid.dir/D_/ProgramFiles/Raspberry_Pi/Pico_SDK_v1.5.1/pico-sdk/src/rp2_common/hardware_flash/flash.c.obj
                0x200003ac                flash_do_cmd
 .time_critical.reset_non_control_endpoints
                0x20000484       0x40 CMakeFiles/flashid.dir/D_/ProgramFiles/Raspberry_Pi/Pico_SDK_v1.5.1/pico-sdk/lib/tinyusb/src/portable/raspberrypi/rp2040/dcd_rp2040.c.obj
 .time_critical.hw_handle_buff_status
                0x200004c4       0xa4 CMakeFiles/flashid.dir/D_/ProgramFiles/Raspberry_Pi/Pico_SDK_v1.5.1/pico-sdk/lib/tinyusb/src/portable/raspberrypi/rp2040/dcd_rp2040.c.obj
 .time_critical.dcd_rp2040_irq
                0x20000568      0x1cc CMakeFiles/flashid.dir/D_/ProgramFiles/Raspberry_Pi/Pico_SDK_v1.5.1/pico-sdk/lib/tinyusb/src/portable/raspberrypi/rp2040/dcd_rp2040.c.obj
 .time_critical.e15_is_bulkin_ep
                0x20000734       0x2c CMakeFiles/flashid.dir/D_/ProgramFiles/Raspberry_Pi/Pico_SDK_v1.5.1/pico-sdk/lib/tinyusb/src/portable/raspberrypi/rp2040/rp2040_usb.c.obj
 .time_critical.e15_is_critical_frame_period
                0x20000760       0x30 CMakeFiles/flashid.dir/D_/ProgramFiles/Raspberry_Pi/Pico_SDK_v1.5.1/pico-sdk/lib/tinyusb/src/portable/raspberrypi/rp2040/rp2040_usb.c.obj
 .time_critical.prepare_ep_buffer
                0x20000790       0x70 CMakeFiles/flashid.dir/D_/ProgramFiles/Raspberry_Pi/Pico_SDK_v1.5.1/pico-sdk/lib/tinyusb/src/portable/raspberrypi/rp2040/rp2040_usb.c.obj
 .time_critical.sync_ep_buffer
                0x20000800       0x80 CMakeFiles/flashid.dir/D_/ProgramFiles/Raspberry_Pi/Pico_SDK_v1.5.1/pico-sdk/lib/tinyusb/src/portable/raspberrypi/rp2040/rp2040_usb.c.obj
 .time_critical._hw_endpoint_xfer_sync
                0x20000880       0x28 CMakeFiles/flashid.dir/D_/ProgramFiles/Raspberry_Pi/Pico_SDK_v1.5.1/pico-sdk/lib/tinyusb/src/portable/raspberrypi/rp2040/rp2040_usb.c.obj
 .time_critical.hw_endpoint_reset_transfer
                0x200008a8        0xc CMakeFiles/flashid.dir/D_/ProgramFiles/Raspberry_Pi/Pico_SDK_v1.5.1/pico-sdk/lib/tinyusb/src/portable/raspberrypi/rp2040/rp2040_usb.c.obj
                0x200008a8                hw_endpoint_reset_transfer
 .time_critical._hw_endpoint_buffer_control_update32
                0x200008b4       0x58 CMakeFiles/flashid.dir/D_/ProgramFiles/Raspberry_Pi/Pico_SDK_v1.5.1/pico-sdk/lib/tinyusb/src/portable/raspberrypi/rp2040/rp2040_usb.c.obj
                0x200008b4                _hw_endpoint_buffer_control_update32
 .time_critical.hw_endpoint_start_next_buffer
                0x2000090c       0x88 CMakeFiles/flashid.dir/D_/ProgramFiles/Raspberry_Pi/Pico_SDK_v1.5.1/pico-sdk/lib/tinyusb/src/portable/raspberrypi/rp2040/rp2040_usb.c.obj
                0x2000090c                hw_endpoint_start_next_buffer
 .time_critical.hw_endpoint_xfer_continue
                0x20000994       0x50 CMakeFiles/flashid.dir/D_/ProgramFiles/Raspberry_Pi/Pico_SDK_v1.5.1/pico-sdk/lib/tinyusb/src/portable/raspberrypi/rp2040/rp2040_usb.c.obj
                0x20000994                hw_endpoint_xfer_continue
 .time_critical.tinyusb
                0x200009e4      0x200 CMakeFiles/flashid.dir/D_/ProgramFiles/Raspberry_Pi/Pico_SDK_v1.5.1/pico-sdk/lib/tinyusb/src/device/usbd.c.obj
                0x200009e4                dcd_event_handler
 .time_critical.spi_write_read_blocking
                0x20000be4       0x42 CMakeFiles/flashid.dir/D_/ProgramFiles/Raspberry_Pi/Pico_SDK_v1.5.1/pico-sdk/src/rp2_common/hardware_spi/spi.c.obj
                0x20000be4                spi_write_read_blocking
 *(.text*)
 *fill*         0x20000c26        0x2 
 .text          0x20000c28        0x4 d:/programfiles/raspberry pi/pico sdk v1.5.1/gcc-arm-none-eabi/bin/../lib/gcc/arm-none-eabi/10.3.1/thumb/v6-m/nofp\libgcc.a(_dvmd_tls.o)
                0x20000c28                __aeabi_idiv0
                0x20000c28                __aeabi_ldiv0
 *fill*         0x20000c2c        0x4 
 .text.__stub   0x20000c30       0xe0 linker stubs
                0x20000d10                . = ALIGN (0x4)
 *(.rodata*)
                0x20000d10                . = ALIGN (0x4)
 *(.data*)
 .data.keys     0x20000d10      0x2f8 CMakeFiles/flashid.dir/flashid.c.obj
                0x20000d10                keys
 .data.values   0x20001008     0x1644 CMakeFiles/flashid.dir/flashid.c.obj
                0x20001008                values
 .data.striped_spin_lock_num
                0x2000264c        0x1 CMakeFiles/flashid.dir/D_/ProgramFiles/Raspberry_Pi/Pico_SDK_v1.5.1/pico-sdk/src/rp2_common/hardware_sync/sync.c.obj
 *fill*         0x2000264d        0x3 
 .data          0x20002650       0x48 CMakeFiles/flashid.dir/D_/ProgramFiles/Raspberry_Pi/Pico_SDK_v1.5.1/pico-sdk/src/rp2_common/hardware_irq/irq_handler_chain.S.obj
                0x20002650                irq_handler_chain_slots
                0x20002680                irq_handler_chain_first_slot
                0x2000268a                irq_handler_chain_remove_tail
 .data.default_alarm_pool
                0x20002698       0x18 CMakeFiles/flashid.dir/D_/ProgramFiles/Raspberry_Pi/Pico_SDK_v1.5.1/pico-sdk/src/common/pico_time/time.c.obj
 .data.default_alarm_pool_heap
                0x200026b0       0x10 CMakeFiles/flashid.dir/D_/ProgramFiles/Raspberry_Pi/Pico_SDK_v1.5.1/pico-sdk/src/common/pico_time/time.c.obj
 *fill*         0x200026c0        0x0 
 .data.aeabi_bits_funcs
                0x200026c0       0x10 CMakeFiles/flashid.dir/D_/ProgramFiles/Raspberry_Pi/Pico_SDK_v1.5.1/pico-sdk/src/rp2_common/pico_bit_ops/bit_ops_aeabi.S.obj
                0x200026c0                aeabi_bits_funcs
                0x200026d0                aeabi_bits_funcs_end
 .data.aeabi_mem_funcs
                0x200026d0       0x10 CMakeFiles/flashid.dir/D_/ProgramFiles/Raspberry_Pi/Pico_SDK_v1.5.1/pico-sdk/src/rp2_common/pico_mem_ops/mem_ops_aeabi.S.obj
                0x200026d0                aeabi_mem_funcs
                0x200026e0                aeabi_mem_funcs_end
 .data.stdio_usb
                0x200026e0       0x18 CMakeFiles/flashid.dir/D_/ProgramFiles/Raspberry_Pi/Pico_SDK_v1.5.1/pico-sdk/src/rp2_common/pico_stdio_usb/stdio_usb.c.obj
                0x200026e0                stdio_usb
 .data.ep_dir_string